<?xml version="1.0" encoding="ISO-8859-1" ?>
<link_info>
   <banner>MSP430 Linker PC v21.6.1.LTS</banner>
   <copyright>Copyright (c) 2003-2018 Texas Instruments Incorporated</copyright>
   <link_time>0x67f1adf2</link_time>
   <link_errors>0x0</link_errors>
   <output_file>Project 9 b.out</output_file>
   <entry_point>
      <name>_c_int00_noargs_mpu</name>
      <address>0x956c</address>
   </entry_point>
   <input_file_list>
      <input_file id="fl-2">
         <path>.\</path>
         <kind>object</kind>
         <file>ADC.obj</file>
         <name>ADC.obj</name>
      </input_file>
      <input_file id="fl-3">
         <path>.\</path>
         <kind>object</kind>
         <file>DAC.obj</file>
         <name>DAC.obj</name>
      </input_file>
      <input_file id="fl-4">
         <path>.\</path>
         <kind>object</kind>
         <file>UART.obj</file>
         <name>UART.obj</name>
      </input_file>
      <input_file id="fl-5">
         <path>.\</path>
         <kind>object</kind>
         <file>clocks.obj</file>
         <name>clocks.obj</name>
      </input_file>
      <input_file id="fl-6">
         <path>.\</path>
         <kind>object</kind>
         <file>display.obj</file>
         <name>display.obj</name>
      </input_file>
      <input_file id="fl-7">
         <path>.\</path>
         <kind>object</kind>
         <file>hexToBCD.obj</file>
         <name>hexToBCD.obj</name>
      </input_file>
      <input_file id="fl-8">
         <path>.\</path>
         <kind>object</kind>
         <file>init.obj</file>
         <name>init.obj</name>
      </input_file>
      <input_file id="fl-9">
         <path>.\</path>
         <kind>object</kind>
         <file>interrupt_ports.obj</file>
         <name>interrupt_ports.obj</name>
      </input_file>
      <input_file id="fl-a">
         <path>.\</path>
         <kind>object</kind>
         <file>interrupts_timers.obj</file>
         <name>interrupts_timers.obj</name>
      </input_file>
      <input_file id="fl-b">
         <path>.\</path>
         <kind>object</kind>
         <file>led.obj</file>
         <name>led.obj</name>
      </input_file>
      <input_file id="fl-c">
         <path>.\</path>
         <kind>object</kind>
         <file>main.obj</file>
         <name>main.obj</name>
      </input_file>
      <input_file id="fl-d">
         <path>.\</path>
         <kind>object</kind>
         <file>ports.obj</file>
         <name>ports.obj</name>
      </input_file>
      <input_file id="fl-e">
         <path>.\</path>
         <kind>object</kind>
         <file>switches.obj</file>
         <name>switches.obj</name>
      </input_file>
      <input_file id="fl-f">
         <path>.\</path>
         <kind>object</kind>
         <file>system.obj</file>
         <name>system.obj</name>
      </input_file>
      <input_file id="fl-10">
         <path>.\</path>
         <kind>object</kind>
         <file>timers.obj</file>
         <name>timers.obj</name>
      </input_file>
      <input_file id="fl-11">
         <path>.\</path>
         <kind>object</kind>
         <file>unused_functions.obj</file>
         <name>unused_functions.obj</name>
      </input_file>
      <input_file id="fl-12">
         <path>.\</path>
         <kind>object</kind>
         <file>wheels.obj</file>
         <name>wheels.obj</name>
      </input_file>
      <input_file id="fl-13">
         <path>..\Compiled\</path>
         <kind>object</kind>
         <file>LCD.obj</file>
         <name>LCD.obj</name>
      </input_file>
      <input_file id="fl-19">
         <kind>object</kind>
         <file>&lt;internal&gt;</file>
         <name>&lt;internal&gt;</name>
      </input_file>
      <input_file id="fl-34">
         <path>C:\ti\ccs1280\ccs\tools\compiler\ti-cgt-msp430_21.6.1.LTS\lib\</path>
         <kind>archive</kind>
         <file>rts430x_lc_sd_eabi.lib</file>
         <name>copy_decompress_lzss.c.obj</name>
      </input_file>
      <input_file id="fl-35">
         <path>C:\ti\ccs1280\ccs\tools\compiler\ti-cgt-msp430_21.6.1.LTS\lib\</path>
         <kind>archive</kind>
         <file>rts430x_lc_sd_eabi.lib</file>
         <name>copy_decompress_none.c.obj</name>
      </input_file>
      <input_file id="fl-36">
         <path>C:\ti\ccs1280\ccs\tools\compiler\ti-cgt-msp430_21.6.1.LTS\lib\</path>
         <kind>archive</kind>
         <file>rts430x_lc_sd_eabi.lib</file>
         <name>int23.asm.obj</name>
      </input_file>
      <input_file id="fl-37">
         <path>C:\ti\ccs1280\ccs\tools\compiler\ti-cgt-msp430_21.6.1.LTS\lib\</path>
         <kind>archive</kind>
         <file>rts430x_lc_sd_eabi.lib</file>
         <name>isr_trap.asm.obj</name>
      </input_file>
      <input_file id="fl-38">
         <path>C:\ti\ccs1280\ccs\tools\compiler\ti-cgt-msp430_21.6.1.LTS\lib\</path>
         <kind>archive</kind>
         <file>rts430x_lc_sd_eabi.lib</file>
         <name>int25.asm.obj</name>
      </input_file>
      <input_file id="fl-39">
         <path>C:\ti\ccs1280\ccs\tools\compiler\ti-cgt-msp430_21.6.1.LTS\lib\</path>
         <kind>archive</kind>
         <file>rts430x_lc_sd_eabi.lib</file>
         <name>int26.asm.obj</name>
      </input_file>
      <input_file id="fl-3a">
         <path>C:\ti\ccs1280\ccs\tools\compiler\ti-cgt-msp430_21.6.1.LTS\lib\</path>
         <kind>archive</kind>
         <file>rts430x_lc_sd_eabi.lib</file>
         <name>int27.asm.obj</name>
      </input_file>
      <input_file id="fl-3b">
         <path>C:\ti\ccs1280\ccs\tools\compiler\ti-cgt-msp430_21.6.1.LTS\lib\</path>
         <kind>archive</kind>
         <file>rts430x_lc_sd_eabi.lib</file>
         <name>int28.asm.obj</name>
      </input_file>
      <input_file id="fl-3c">
         <path>C:\ti\ccs1280\ccs\tools\compiler\ti-cgt-msp430_21.6.1.LTS\lib\</path>
         <kind>archive</kind>
         <file>rts430x_lc_sd_eabi.lib</file>
         <name>int30.asm.obj</name>
      </input_file>
      <input_file id="fl-3d">
         <path>C:\ti\ccs1280\ccs\tools\compiler\ti-cgt-msp430_21.6.1.LTS\lib\</path>
         <kind>archive</kind>
         <file>rts430x_lc_sd_eabi.lib</file>
         <name>int31.asm.obj</name>
      </input_file>
      <input_file id="fl-3e">
         <path>C:\ti\ccs1280\ccs\tools\compiler\ti-cgt-msp430_21.6.1.LTS\lib\</path>
         <kind>archive</kind>
         <file>rts430x_lc_sd_eabi.lib</file>
         <name>int34.asm.obj</name>
      </input_file>
      <input_file id="fl-3f">
         <path>C:\ti\ccs1280\ccs\tools\compiler\ti-cgt-msp430_21.6.1.LTS\lib\</path>
         <kind>archive</kind>
         <file>rts430x_lc_sd_eabi.lib</file>
         <name>int35.asm.obj</name>
      </input_file>
      <input_file id="fl-40">
         <path>C:\ti\ccs1280\ccs\tools\compiler\ti-cgt-msp430_21.6.1.LTS\lib\</path>
         <kind>archive</kind>
         <file>rts430x_lc_sd_eabi.lib</file>
         <name>int36.asm.obj</name>
      </input_file>
      <input_file id="fl-41">
         <path>C:\ti\ccs1280\ccs\tools\compiler\ti-cgt-msp430_21.6.1.LTS\lib\</path>
         <kind>archive</kind>
         <file>rts430x_lc_sd_eabi.lib</file>
         <name>int37.asm.obj</name>
      </input_file>
      <input_file id="fl-42">
         <path>C:\ti\ccs1280\ccs\tools\compiler\ti-cgt-msp430_21.6.1.LTS\lib\</path>
         <kind>archive</kind>
         <file>rts430x_lc_sd_eabi.lib</file>
         <name>int38.asm.obj</name>
      </input_file>
      <input_file id="fl-43">
         <path>C:\ti\ccs1280\ccs\tools\compiler\ti-cgt-msp430_21.6.1.LTS\lib\</path>
         <kind>archive</kind>
         <file>rts430x_lc_sd_eabi.lib</file>
         <name>int39.asm.obj</name>
      </input_file>
      <input_file id="fl-44">
         <path>C:\ti\ccs1280\ccs\tools\compiler\ti-cgt-msp430_21.6.1.LTS\lib\</path>
         <kind>archive</kind>
         <file>rts430x_lc_sd_eabi.lib</file>
         <name>int44.asm.obj</name>
      </input_file>
      <input_file id="fl-45">
         <path>C:\ti\ccs1280\ccs\tools\compiler\ti-cgt-msp430_21.6.1.LTS\lib\</path>
         <kind>archive</kind>
         <file>rts430x_lc_sd_eabi.lib</file>
         <name>int45.asm.obj</name>
      </input_file>
      <input_file id="fl-46">
         <path>C:\ti\ccs1280\ccs\tools\compiler\ti-cgt-msp430_21.6.1.LTS\lib\</path>
         <kind>archive</kind>
         <file>rts430x_lc_sd_eabi.lib</file>
         <name>copy_zero_init.c.obj</name>
      </input_file>
      <input_file id="fl-47">
         <path>C:\ti\ccs1280\ccs\tools\compiler\ti-cgt-msp430_21.6.1.LTS\lib\</path>
         <kind>archive</kind>
         <file>rts430x_lc_sd_eabi.lib</file>
         <name>cpy_util.asm.obj</name>
      </input_file>
      <input_file id="fl-48">
         <path>C:\ti\ccs1280\ccs\tools\compiler\ti-cgt-msp430_21.6.1.LTS\lib\</path>
         <kind>archive</kind>
         <file>rts430x_lc_sd_eabi.lib</file>
         <name>mult16.asm.obj</name>
      </input_file>
      <input_file id="fl-49">
         <path>C:\ti\ccs1280\ccs\tools\compiler\ti-cgt-msp430_21.6.1.LTS\lib\</path>
         <kind>archive</kind>
         <file>rts430x_lc_sd_eabi.lib</file>
         <name>mult16_f5hw.asm.obj</name>
      </input_file>
      <input_file id="fl-4a">
         <path>C:\ti\ccs1280\ccs\tools\compiler\ti-cgt-msp430_21.6.1.LTS\lib\</path>
         <kind>archive</kind>
         <file>rts430x_lc_sd_eabi.lib</file>
         <name>mult32_f5hw.asm.obj</name>
      </input_file>
      <input_file id="fl-4b">
         <path>C:\ti\ccs1280\ccs\tools\compiler\ti-cgt-msp430_21.6.1.LTS\lib\</path>
         <kind>archive</kind>
         <file>rts430x_lc_sd_eabi.lib</file>
         <name>mult64_f5hw.asm.obj</name>
      </input_file>
      <input_file id="fl-4c">
         <path>C:\ti\ccs1280\ccs\tools\compiler\ti-cgt-msp430_21.6.1.LTS\lib\</path>
         <kind>archive</kind>
         <file>rts430x_lc_sd_eabi.lib</file>
         <name>mult1632_f5hw.asm.obj</name>
      </input_file>
      <input_file id="fl-4d">
         <path>C:\ti\ccs1280\ccs\tools\compiler\ti-cgt-msp430_21.6.1.LTS\lib\</path>
         <kind>archive</kind>
         <file>rts430x_lc_sd_eabi.lib</file>
         <name>mult3264_f5hw.asm.obj</name>
      </input_file>
      <input_file id="fl-4e">
         <path>C:\ti\ccs1280\ccs\tools\compiler\ti-cgt-msp430_21.6.1.LTS\lib\</path>
         <kind>archive</kind>
         <file>rts430x_lc_sd_eabi.lib</file>
         <name>boot.c.obj</name>
      </input_file>
      <input_file id="fl-4f">
         <path>C:\ti\ccs1280\ccs\ccs_base\msp430\lib\FR2xx\</path>
         <kind>archive</kind>
         <file>FRWP_INIT_LIB_CCS_msp430_large_code_small_data.lib</file>
         <name>frwp_init.obj</name>
      </input_file>
      <input_file id="fl-50">
         <path>C:\ti\ccs1280\ccs\tools\compiler\ti-cgt-msp430_21.6.1.LTS\lib\</path>
         <kind>archive</kind>
         <file>rts430x_lc_sd_eabi.lib</file>
         <name>args_main.c.obj</name>
      </input_file>
      <input_file id="fl-51">
         <path>C:\ti\ccs1280\ccs\tools\compiler\ti-cgt-msp430_21.6.1.LTS\lib\</path>
         <kind>archive</kind>
         <file>rts430x_lc_sd_eabi.lib</file>
         <name>autoinit.c.obj</name>
      </input_file>
      <input_file id="fl-52">
         <path>C:\ti\ccs1280\ccs\tools\compiler\ti-cgt-msp430_21.6.1.LTS\lib\</path>
         <kind>archive</kind>
         <file>rts430x_lc_sd_eabi.lib</file>
         <name>startup.c.obj</name>
      </input_file>
      <input_file id="fl-53">
         <path>C:\ti\ccs1280\ccs\tools\compiler\ti-cgt-msp430_21.6.1.LTS\lib\</path>
         <kind>archive</kind>
         <file>rts430x_lc_sd_eabi.lib</file>
         <name>pre_init.c.obj</name>
      </input_file>
      <input_file id="fl-54">
         <path>C:\ti\ccs1280\ccs\tools\compiler\ti-cgt-msp430_21.6.1.LTS\lib\</path>
         <kind>archive</kind>
         <file>rts430x_lc_sd_eabi.lib</file>
         <name>cpy_tbl.c.obj</name>
      </input_file>
      <input_file id="fl-55">
         <path>C:\ti\ccs1280\ccs\tools\compiler\ti-cgt-msp430_21.6.1.LTS\lib\</path>
         <kind>archive</kind>
         <file>rts430x_lc_sd_eabi.lib</file>
         <name>exit.c.obj</name>
      </input_file>
      <input_file id="fl-56">
         <path>C:\ti\ccs1280\ccs\tools\compiler\ti-cgt-msp430_21.6.1.LTS\lib\</path>
         <kind>archive</kind>
         <file>rts430x_lc_sd_eabi.lib</file>
         <name>exit_gvars.c.obj</name>
      </input_file>
      <input_file id="fl-57">
         <path>C:\ti\ccs1280\ccs\tools\compiler\ti-cgt-msp430_21.6.1.LTS\lib\</path>
         <kind>archive</kind>
         <file>rts430x_lc_sd_eabi.lib</file>
         <name>_lock.c.obj</name>
      </input_file>
      <input_file id="fl-58">
         <path>C:\ti\ccs1280\ccs\tools\compiler\ti-cgt-msp430_21.6.1.LTS\lib\</path>
         <kind>archive</kind>
         <file>rts430x_lc_sd_eabi.lib</file>
         <name>memcpy.c.obj</name>
      </input_file>
      <input_file id="fl-59">
         <path>C:\ti\ccs1280\ccs\tools\compiler\ti-cgt-msp430_21.6.1.LTS\lib\</path>
         <kind>archive</kind>
         <file>rts430x_lc_sd_eabi.lib</file>
         <name>strcpy.c.obj</name>
      </input_file>
   </input_file_list>
   <object_component_list>
      <object_component id="oc-7fc">
         <name>.cinit..data.load</name>
         <load_address>0x8000</load_address>
         <run_address>0x8000</run_address>
         <size>0x25</size>
      </object_component>
      <object_component id="oc-7f9">
         <name>__TI_handler_table</name>
         <load_address>0x8026</load_address>
         <run_address>0x8026</run_address>
         <size>0xc</size>
      </object_component>
      <object_component id="oc-7fb">
         <name>.cinit..bss.load</name>
         <load_address>0x8032</load_address>
         <run_address>0x8032</run_address>
         <size>0x6</size>
      </object_component>
      <object_component id="oc-7fa">
         <name>__TI_cinit_table</name>
         <load_address>0x8038</load_address>
         <run_address>0x8038</run_address>
         <size>0x10</size>
      </object_component>
      <object_component id="oc-799">
         <name>.binit</name>
         <load_address>0x8048</load_address>
         <run_address>0x8048</run_address>
         <size>0x0</size>
      </object_component>
      <object_component id="oc-579">
         <name>.const:.string</name>
         <load_address>0x8048</load_address>
         <run_address>0x8048</run_address>
         <size>0x30</size>
         <input_file_ref idref="fl-c"/>
      </object_component>
      <object_component id="oc-6b2">
         <name>.const:.string</name>
         <load_address>0x8078</load_address>
         <run_address>0x8078</run_address>
         <size>0x18</size>
         <input_file_ref idref="fl-4"/>
      </object_component>
      <object_component id="oc-4f8">
         <name>.text:main</name>
         <load_address>0x8090</load_address>
         <run_address>0x8090</run_address>
         <size>0x1f0</size>
         <input_file_ref idref="fl-c"/>
      </object_component>
      <object_component id="oc-66">
         <name>.text:decompress:lzss:__TI_decompress_lzss</name>
         <load_address>0x8280</load_address>
         <run_address>0x8280</run_address>
         <size>0xee</size>
         <input_file_ref idref="fl-34"/>
      </object_component>
      <object_component id="oc-555">
         <name>.text:Init_LCD</name>
         <load_address>0x836e</load_address>
         <run_address>0x836e</run_address>
         <size>0xc4</size>
         <input_file_ref idref="fl-13"/>
      </object_component>
      <object_component id="oc-64a">
         <name>.text:Software_Trim</name>
         <load_address>0x8432</load_address>
         <run_address>0x8432</run_address>
         <size>0xbe</size>
         <input_file_ref idref="fl-5"/>
      </object_component>
      <object_component id="oc-637">
         <name>.text:Init_Port6</name>
         <load_address>0x84f0</load_address>
         <run_address>0x84f0</run_address>
         <size>0xa4</size>
         <input_file_ref idref="fl-d"/>
      </object_component>
      <object_component id="oc-594">
         <name>.text:IOT_To_Buffer</name>
         <load_address>0x8594</load_address>
         <run_address>0x8594</run_address>
         <size>0x9e</size>
         <input_file_ref idref="fl-c"/>
      </object_component>
      <object_component id="oc-59a">
         <name>.text:USB_To_Buffer</name>
         <load_address>0x8632</load_address>
         <run_address>0x8632</run_address>
         <size>0x9e</size>
         <input_file_ref idref="fl-c"/>
      </object_component>
      <object_component id="oc-61f">
         <name>.text:Init_Port2</name>
         <load_address>0x86d0</load_address>
         <run_address>0x86d0</run_address>
         <size>0x9a</size>
         <input_file_ref idref="fl-d"/>
      </object_component>
      <object_component id="oc-625">
         <name>.text:Init_Port3</name>
         <load_address>0x876a</load_address>
         <run_address>0x876a</run_address>
         <size>0x98</size>
         <input_file_ref idref="fl-d"/>
      </object_component>
      <object_component id="oc-62b">
         <name>.text:Init_Port4</name>
         <load_address>0x8802</load_address>
         <run_address>0x8802</run_address>
         <size>0x86</size>
         <input_file_ref idref="fl-d"/>
      </object_component>
      <object_component id="oc-5a0">
         <name>.text:HEXtoBCD</name>
         <load_address>0x8888</load_address>
         <run_address>0x8888</run_address>
         <size>0x76</size>
         <input_file_ref idref="fl-7"/>
      </object_component>
      <object_component id="oc-55b">
         <name>.text:Init_ADC</name>
         <load_address>0x88fe</load_address>
         <run_address>0x88fe</run_address>
         <size>0x6e</size>
         <input_file_ref idref="fl-2"/>
      </object_component>
      <object_component id="oc-5ad">
         <name>.text:Carlson_StateMachine</name>
         <load_address>0x896c</load_address>
         <run_address>0x896c</run_address>
         <size>0x6a</size>
         <input_file_ref idref="fl-c"/>
      </object_component>
      <object_component id="oc-5e4">
         <name>.text:__TI_auto_init_nobinit_nopinit_hold_wdt:__TI_auto_init_nobinit_nopinit_hold_wdt</name>
         <load_address>0x89d6</load_address>
         <run_address>0x89d6</run_address>
         <size>0x6a</size>
         <input_file_ref idref="fl-51"/>
      </object_component>
      <object_component id="oc-543">
         <name>.text:Init_Clocks</name>
         <load_address>0x8a40</load_address>
         <run_address>0x8a40</run_address>
         <size>0x68</size>
         <input_file_ref idref="fl-5"/>
      </object_component>
      <object_component id="oc-549">
         <name>.text:Init_Conditions</name>
         <load_address>0x8aa8</load_address>
         <run_address>0x8aa8</run_address>
         <size>0x68</size>
         <input_file_ref idref="fl-8"/>
      </object_component>
      <object_component id="oc-69a">
         <name>.text:Init_Serial_UCA0</name>
         <load_address>0x8b10</load_address>
         <run_address>0x8b10</run_address>
         <size>0x58</size>
         <input_file_ref idref="fl-4"/>
      </object_component>
      <object_component id="oc-6a0">
         <name>.text:Init_Serial_UCA1</name>
         <load_address>0x8b68</load_address>
         <run_address>0x8b68</run_address>
         <size>0x58</size>
         <input_file_ref idref="fl-4"/>
      </object_component>
      <object_component id="oc-659">
         <name>.text:Init_Timer_B0</name>
         <load_address>0x8bc0</load_address>
         <run_address>0x8bc0</run_address>
         <size>0x50</size>
         <input_file_ref idref="fl-10"/>
      </object_component>
      <object_component id="oc-561">
         <name>.text:Init_DAC</name>
         <load_address>0x8c10</load_address>
         <run_address>0x8c10</run_address>
         <size>0x4e</size>
         <input_file_ref idref="fl-3"/>
      </object_component>
      <object_component id="oc-665">
         <name>.text:Init_Timer_B3</name>
         <load_address>0x8c5e</load_address>
         <run_address>0x8c5e</run_address>
         <size>0x4c</size>
         <input_file_ref idref="fl-10"/>
      </object_component>
      <object_component id="oc-619">
         <name>.text:Init_Port1</name>
         <load_address>0x8caa</load_address>
         <run_address>0x8caa</run_address>
         <size>0x4a</size>
         <input_file_ref idref="fl-d"/>
      </object_component>
      <object_component id="oc-573">
         <name>.text:Init_Process_Buffer</name>
         <load_address>0x8cf4</load_address>
         <run_address>0x8cf4</run_address>
         <size>0x46</size>
         <input_file_ref idref="fl-c"/>
      </object_component>
      <object_component id="oc-6c3">
         <name>.text:Display_Update</name>
         <load_address>0x8d3a</load_address>
         <run_address>0x8d3a</run_address>
         <size>0x44</size>
         <input_file_ref idref="fl-13"/>
      </object_component>
      <object_component id="oc-66c">
         <name>.text:Init_SPI_B1</name>
         <load_address>0x8d7e</load_address>
         <run_address>0x8d7e</run_address>
         <size>0x40</size>
         <input_file_ref idref="fl-13"/>
      </object_component>
      <object_component id="oc-42b">
         <name>.text:__memcpy_far</name>
         <load_address>0x8dbe</load_address>
         <run_address>0x8dbe</run_address>
         <size>0x40</size>
         <input_file_ref idref="fl-47"/>
      </object_component>
      <object_component id="oc-472">
         <name>.text:decompress:ZI:__TI_zero_init_nomemset:__TI_zero_init_nomemset</name>
         <load_address>0x8dfe</load_address>
         <run_address>0x8dfe</run_address>
         <size>0x3e</size>
         <input_file_ref idref="fl-46"/>
      </object_component>
      <object_component id="oc-50a">
         <name>.text:__mpu_init</name>
         <load_address>0x8e3c</load_address>
         <run_address>0x8e3c</run_address>
         <size>0x3c</size>
         <input_file_ref idref="fl-4f"/>
      </object_component>
      <object_component id="oc-6c">
         <name>.text:decompress:none:__TI_decompress_none</name>
         <load_address>0x8e78</load_address>
         <run_address>0x8e78</run_address>
         <size>0x3c</size>
         <input_file_ref idref="fl-35"/>
      </object_component>
      <object_component id="oc-65f">
         <name>.text:Init_Timer_B1</name>
         <load_address>0x8eb4</load_address>
         <run_address>0x8eb4</run_address>
         <size>0x36</size>
         <input_file_ref idref="fl-10"/>
      </object_component>
      <object_component id="oc-5a6">
         <name>.text:adc_line</name>
         <load_address>0x8eea</load_address>
         <run_address>0x8eea</run_address>
         <size>0x34</size>
         <input_file_ref idref="fl-7"/>
      </object_component>
      <object_component id="oc-567">
         <name>.text:Init_Buffers</name>
         <load_address>0x8f1e</load_address>
         <run_address>0x8f1e</run_address>
         <size>0x32</size>
         <input_file_ref idref="fl-4"/>
      </object_component>
      <object_component id="oc-631">
         <name>.text:Init_Port5</name>
         <load_address>0x8f50</load_address>
         <run_address>0x8f50</run_address>
         <size>0x32</size>
         <input_file_ref idref="fl-d"/>
      </object_component>
      <object_component id="oc-58e">
         <name>.text:LCD_update_Buadrate</name>
         <load_address>0x8f82</load_address>
         <run_address>0x8f82</run_address>
         <size>0x32</size>
         <input_file_ref idref="fl-4"/>
      </object_component>
      <object_component id="oc-6b4">
         <name>.text:clear_row</name>
         <load_address>0x8fb4</load_address>
         <run_address>0x8fb4</run_address>
         <size>0x2c</size>
         <input_file_ref idref="fl-c"/>
      </object_component>
      <object_component id="oc-77c">
         <name>.text:WriteData</name>
         <load_address>0x8fe0</load_address>
         <run_address>0x8fe0</run_address>
         <size>0x28</size>
         <input_file_ref idref="fl-13"/>
      </object_component>
      <object_component id="oc-684">
         <name>.text:WriteIns</name>
         <load_address>0x9008</load_address>
         <run_address>0x9008</run_address>
         <size>0x28</size>
         <input_file_ref idref="fl-13"/>
      </object_component>
      <object_component id="oc-5b9">
         <name>.text:Display_Process</name>
         <load_address>0x9030</load_address>
         <run_address>0x9030</run_address>
         <size>0x22</size>
         <input_file_ref idref="fl-6"/>
      </object_component>
      <object_component id="oc-53d">
         <name>.text:Init_Ports</name>
         <load_address>0x9052</load_address>
         <run_address>0x9052</run_address>
         <size>0x22</size>
         <input_file_ref idref="fl-d"/>
      </object_component>
      <object_component id="oc-582">
         <name>.text:P6_LCheck</name>
         <load_address>0x9074</load_address>
         <run_address>0x9074</run_address>
         <size>0x22</size>
         <input_file_ref idref="fl-c"/>
      </object_component>
      <object_component id="oc-588">
         <name>.text:P6_RCheck</name>
         <load_address>0x9096</load_address>
         <run_address>0x9096</run_address>
         <size>0x22</size>
         <input_file_ref idref="fl-c"/>
      </object_component>
      <object_component id="oc-714">
         <name>.text:SPI_B1_write</name>
         <load_address>0x90b8</load_address>
         <run_address>0x90b8</run_address>
         <size>0x1c</size>
         <input_file_ref idref="fl-13"/>
      </object_component>
      <object_component id="oc-73e">
         <name>.text:lcd_out</name>
         <load_address>0x90d4</load_address>
         <run_address>0x90d4</run_address>
         <size>0x1c</size>
         <input_file_ref idref="fl-13"/>
      </object_component>
      <object_component id="oc-71b">
         <name>.text:ClrDisplay_Buffer_0</name>
         <load_address>0x90f0</load_address>
         <run_address>0x90f0</run_address>
         <size>0x18</size>
         <input_file_ref idref="fl-13"/>
      </object_component>
      <object_component id="oc-721">
         <name>.text:ClrDisplay_Buffer_1</name>
         <load_address>0x9108</load_address>
         <run_address>0x9108</run_address>
         <size>0x18</size>
         <input_file_ref idref="fl-13"/>
      </object_component>
      <object_component id="oc-727">
         <name>.text:ClrDisplay_Buffer_2</name>
         <load_address>0x9120</load_address>
         <run_address>0x9120</run_address>
         <size>0x18</size>
         <input_file_ref idref="fl-13"/>
      </object_component>
      <object_component id="oc-72d">
         <name>.text:ClrDisplay_Buffer_3</name>
         <load_address>0x9138</load_address>
         <run_address>0x9138</run_address>
         <size>0x18</size>
         <input_file_ref idref="fl-13"/>
      </object_component>
      <object_component id="oc-6a7">
         <name>.text</name>
         <load_address>0x9150</load_address>
         <run_address>0x9150</run_address>
         <size>0x18</size>
         <input_file_ref idref="fl-49"/>
      </object_component>
      <object_component id="oc-68a">
         <name>.text:ClrDisplay</name>
         <load_address>0x9168</load_address>
         <run_address>0x9168</run_address>
         <size>0x16</size>
         <input_file_ref idref="fl-13"/>
      </object_component>
      <object_component id="oc-643">
         <name>.text:Forward_Test</name>
         <load_address>0x917e</load_address>
         <run_address>0x917e</run_address>
         <size>0x16</size>
         <input_file_ref idref="fl-d"/>
      </object_component>
      <object_component id="oc-678">
         <name>.text:spi_chipselect_idle</name>
         <load_address>0x9194</load_address>
         <run_address>0x9194</run_address>
         <size>0x16</size>
         <input_file_ref idref="fl-13"/>
      </object_component>
      <object_component id="oc-63d">
         <name>.text:Turn_Off_Motors</name>
         <load_address>0x91aa</load_address>
         <run_address>0x91aa</run_address>
         <size>0x14</size>
         <input_file_ref idref="fl-d"/>
      </object_component>
      <object_component id="oc-70e">
         <name>.text:spi_chipselect_active</name>
         <load_address>0x91be</load_address>
         <run_address>0x91be</run_address>
         <size>0x12</size>
         <input_file_ref idref="fl-13"/>
      </object_component>
      <object_component id="oc-57a">
         <name>.text:strcpy</name>
         <load_address>0x91d0</load_address>
         <run_address>0x91d0</run_address>
         <size>0x10</size>
         <input_file_ref idref="fl-59"/>
      </object_component>
      <object_component id="oc-690">
         <name>.text:DisplayOnOff</name>
         <load_address>0x91e0</load_address>
         <run_address>0x91e0</run_address>
         <size>0xe</size>
         <input_file_ref idref="fl-13"/>
      </object_component>
      <object_component id="oc-56d">
         <name>.text:Init_Serial</name>
         <load_address>0x91ee</load_address>
         <run_address>0x91ee</run_address>
         <size>0xe</size>
         <input_file_ref idref="fl-4"/>
      </object_component>
      <object_component id="oc-54f">
         <name>.text:Init_Timers</name>
         <load_address>0x91fc</load_address>
         <run_address>0x91fc</run_address>
         <size>0xe</size>
         <input_file_ref idref="fl-10"/>
      </object_component>
      <object_component id="oc-652">
         <name>.text:enable_interrupts</name>
         <load_address>0x920a</load_address>
         <run_address>0x920a</run_address>
         <size>0x8</size>
         <input_file_ref idref="fl-f"/>
      </object_component>
      <object_component id="oc-5c0">
         <name>.text:abort</name>
         <load_address>0x9212</load_address>
         <run_address>0x9212</run_address>
         <size>0x6</size>
         <input_file_ref idref="fl-55"/>
      </object_component>
      <object_component id="oc-67e">
         <name>.text:spi_reset_active</name>
         <load_address>0x9218</load_address>
         <run_address>0x9218</run_address>
         <size>0x6</size>
         <input_file_ref idref="fl-13"/>
      </object_component>
      <object_component id="oc-672">
         <name>.text:spi_reset_idle</name>
         <load_address>0x921e</load_address>
         <run_address>0x921e</run_address>
         <size>0x6</size>
         <input_file_ref idref="fl-13"/>
      </object_component>
      <object_component id="oc-4f2">
         <name>.text:_system_pre_init</name>
         <load_address>0x9224</load_address>
         <run_address>0x9224</run_address>
         <size>0x4</size>
         <input_file_ref idref="fl-53"/>
      </object_component>
      <object_component id="oc-5b3">
         <name>.text:Switches_Process</name>
         <load_address>0x9228</load_address>
         <run_address>0x9228</run_address>
         <size>0x2</size>
         <input_file_ref idref="fl-e"/>
      </object_component>
      <object_component id="oc-6dc">
         <name>.text:_system_post_cinit</name>
         <load_address>0x922a</load_address>
         <run_address>0x922a</run_address>
         <size>0x2</size>
         <input_file_ref idref="fl-52"/>
      </object_component>
      <object_component id="oc-448">
         <name>.text:_isr:ADC_ISR</name>
         <load_address>0x922c</load_address>
         <run_address>0x922c</run_address>
         <size>0xec</size>
         <input_file_ref idref="fl-2"/>
      </object_component>
      <object_component id="oc-44e">
         <name>.text:_isr:eUSCI_A1_ISR</name>
         <load_address>0x9318</load_address>
         <run_address>0x9318</run_address>
         <size>0x88</size>
         <input_file_ref idref="fl-4"/>
      </object_component>
      <object_component id="oc-466">
         <name>.text:_isr:Timer0_B1_ISR</name>
         <load_address>0x93a0</load_address>
         <run_address>0x93a0</run_address>
         <size>0x78</size>
         <input_file_ref idref="fl-a"/>
      </object_component>
      <object_component id="oc-454">
         <name>.text:_isr:eUSCI_A0_ISR</name>
         <load_address>0x9418</load_address>
         <run_address>0x9418</run_address>
         <size>0x6e</size>
         <input_file_ref idref="fl-4"/>
      </object_component>
      <object_component id="oc-437">
         <name>.text:_isr:switch1_interrupt</name>
         <load_address>0x9486</load_address>
         <run_address>0x9486</run_address>
         <size>0x42</size>
         <input_file_ref idref="fl-9"/>
      </object_component>
      <object_component id="oc-442">
         <name>.text:_isr:switch2_interrupt</name>
         <load_address>0x94c8</load_address>
         <run_address>0x94c8</run_address>
         <size>0x3e</size>
         <input_file_ref idref="fl-9"/>
      </object_component>
      <object_component id="oc-460">
         <name>.text:_isr:Timer1_B0_ISR</name>
         <load_address>0x9506</load_address>
         <run_address>0x9506</run_address>
         <size>0x3c</size>
         <input_file_ref idref="fl-a"/>
      </object_component>
      <object_component id="oc-46c">
         <name>.text:_isr:Timer0_B0_ISR</name>
         <load_address>0x9542</load_address>
         <run_address>0x9542</run_address>
         <size>0x2a</size>
         <input_file_ref idref="fl-a"/>
      </object_component>
      <object_component id="oc-49c">
         <name>.text:_isr:_c_int00_noargs_mpu</name>
         <load_address>0x956c</load_address>
         <run_address>0x956c</run_address>
         <size>0x20</size>
         <input_file_ref idref="fl-4e"/>
      </object_component>
      <object_component id="oc-45a">
         <name>.text:_isr:Timer1_B1_ISR</name>
         <load_address>0x958c</load_address>
         <run_address>0x958c</run_address>
         <size>0xe</size>
         <input_file_ref idref="fl-a"/>
      </object_component>
      <object_component id="oc-43d">
         <name>.text:_isr:__TI_ISR_TRAP</name>
         <load_address>0x959a</load_address>
         <run_address>0x959a</run_address>
         <size>0x8</size>
         <input_file_ref idref="fl-37"/>
      </object_component>
      <object_component id="oc-580">
         <name>.common:wheel_move</name>
         <uninitialized>true</uninitialized>
         <run_address>0x2144</run_address>
         <size>0x2</size>
      </object_component>
      <object_component id="oc-581">
         <name>.common:forward</name>
         <uninitialized>true</uninitialized>
         <run_address>0x2148</run_address>
         <size>0x1</size>
      </object_component>
      <object_component id="oc-5ac">
         <name>.common:Process_Buffer</name>
         <uninitialized>true</uninitialized>
         <run_address>0x2000</run_address>
         <size>0x88</size>
      </object_component>
      <object_component id="oc-6ac">
         <name>.common:Process_Buffer_USB</name>
         <uninitialized>true</uninitialized>
         <run_address>0x2088</run_address>
         <size>0x88</size>
      </object_component>
      <object_component id="oc-774">
         <name>.common:current_character</name>
         <uninitialized>true</uninitialized>
         <run_address>0x2146</run_address>
         <size>0x1</size>
      </object_component>
      <object_component id="oc-4e4">
         <name>.common:update_display</name>
         <uninitialized>true</uninitialized>
         <run_address>0x2149</run_address>
         <size>0x1</size>
      </object_component>
      <object_component id="oc-4d4">
         <name>.common:display_changed</name>
         <uninitialized>true</uninitialized>
         <run_address>0x2147</run_address>
         <size>0x1</size>
      </object_component>
      <object_component id="oc-4d1">
         <name>.common:display_line</name>
         <uninitialized>true</uninitialized>
         <run_address>0x2110</run_address>
         <size>0x2c</size>
      </object_component>
      <object_component id="oc-651">
         <name>.common:display</name>
         <uninitialized>true</uninitialized>
         <run_address>0x213c</run_address>
         <size>0x8</size>
      </object_component>
      <object_component id="oc-4c1">
         <name>.data</name>
         <load_address>0x221a</load_address>
         <run_address>0x221a</run_address>
         <size>0x8</size>
         <input_file_ref idref="fl-2"/>
      </object_component>
      <object_component id="oc-4e6">
         <name>.data</name>
         <load_address>0x222c</load_address>
         <run_address>0x222c</run_address>
         <size>0x2</size>
         <input_file_ref idref="fl-3"/>
      </object_component>
      <object_component id="oc-4dc">
         <name>.data:IOT_2_PC</name>
         <load_address>0x218e</load_address>
         <run_address>0x218e</run_address>
         <size>0x20</size>
         <input_file_ref idref="fl-4"/>
      </object_component>
      <object_component id="oc-4d5">
         <name>.data:PC_2_IOT</name>
         <load_address>0x21ae</load_address>
         <run_address>0x21ae</run_address>
         <size>0x20</size>
         <input_file_ref idref="fl-4"/>
      </object_component>
      <object_component id="oc-4cb">
         <name>.data</name>
         <load_address>0x220a</load_address>
         <run_address>0x220a</run_address>
         <size>0x10</size>
         <input_file_ref idref="fl-4"/>
      </object_component>
      <object_component id="oc-4c4">
         <name>.data</name>
         <load_address>0x2222</load_address>
         <run_address>0x2222</run_address>
         <size>0x6</size>
         <input_file_ref idref="fl-6"/>
      </object_component>
      <object_component id="oc-6bc">
         <name>.data:adc_char</name>
         <load_address>0x2228</load_address>
         <run_address>0x2228</run_address>
         <size>0x4</size>
         <input_file_ref idref="fl-7"/>
      </object_component>
      <object_component id="oc-4c7">
         <name>.data</name>
         <load_address>0x21e4</load_address>
         <run_address>0x21e4</run_address>
         <size>0x14</size>
         <input_file_ref idref="fl-a"/>
      </object_component>
      <object_component id="oc-4b8">
         <name>.data</name>
         <load_address>0x21ce</load_address>
         <run_address>0x21ce</run_address>
         <size>0x16</size>
         <input_file_ref idref="fl-c"/>
      </object_component>
      <object_component id="oc-4ce">
         <name>.data:tx_buffer</name>
         <load_address>0x214a</load_address>
         <run_address>0x214a</run_address>
         <size>0x22</size>
         <input_file_ref idref="fl-c"/>
      </object_component>
      <object_component id="oc-4d9">
         <name>.data:tx_iot</name>
         <load_address>0x216c</load_address>
         <run_address>0x216c</run_address>
         <size>0x22</size>
         <input_file_ref idref="fl-c"/>
      </object_component>
      <object_component id="oc-4bb">
         <name>.data</name>
         <load_address>0x21f8</load_address>
         <run_address>0x21f8</run_address>
         <size>0x12</size>
         <input_file_ref idref="fl-e"/>
      </object_component>
      <object_component id="oc-4e1">
         <name>.data</name>
         <load_address>0x222e</load_address>
         <run_address>0x222e</run_address>
         <size>0x2</size>
         <input_file_ref idref="fl-10"/>
      </object_component>
      <object_component id="oc-41c">
         <name>.stack</name>
         <uninitialized>true</uninitialized>
         <run_address>0x2f60</run_address>
         <size>0x2</size>
         <input_file_ref idref="fl-4e"/>
      </object_component>
      <object_component id="oc-7fd">
         <name>.stack</name>
         <uninitialized>true</uninitialized>
         <run_address>0x2f60</run_address>
         <size>0x0</size>
      </object_component>
      <object_component id="oc-72">
         <name>.int22</name>
         <load_address>0xffce</load_address>
         <run_address>0xffce</run_address>
         <size>0x2</size>
         <input_file_ref idref="fl-9"/>
      </object_component>
      <object_component id="oc-73">
         <name>.int23</name>
         <load_address>0xffd0</load_address>
         <run_address>0xffd0</run_address>
         <size>0x2</size>
         <input_file_ref idref="fl-36"/>
      </object_component>
      <object_component id="oc-74">
         <name>.int24</name>
         <load_address>0xffd2</load_address>
         <run_address>0xffd2</run_address>
         <size>0x2</size>
         <input_file_ref idref="fl-9"/>
      </object_component>
      <object_component id="oc-75">
         <name>.int25</name>
         <load_address>0xffd4</load_address>
         <run_address>0xffd4</run_address>
         <size>0x2</size>
         <input_file_ref idref="fl-38"/>
      </object_component>
      <object_component id="oc-76">
         <name>.int26</name>
         <load_address>0xffd6</load_address>
         <run_address>0xffd6</run_address>
         <size>0x2</size>
         <input_file_ref idref="fl-39"/>
      </object_component>
      <object_component id="oc-77">
         <name>.int27</name>
         <load_address>0xffd8</load_address>
         <run_address>0xffd8</run_address>
         <size>0x2</size>
         <input_file_ref idref="fl-3a"/>
      </object_component>
      <object_component id="oc-78">
         <name>.int28</name>
         <load_address>0xffda</load_address>
         <run_address>0xffda</run_address>
         <size>0x2</size>
         <input_file_ref idref="fl-3b"/>
      </object_component>
      <object_component id="oc-79">
         <name>.int29</name>
         <load_address>0xffdc</load_address>
         <run_address>0xffdc</run_address>
         <size>0x2</size>
         <input_file_ref idref="fl-2"/>
      </object_component>
      <object_component id="oc-7a">
         <name>.int30</name>
         <load_address>0xffde</load_address>
         <run_address>0xffde</run_address>
         <size>0x2</size>
         <input_file_ref idref="fl-3c"/>
      </object_component>
      <object_component id="oc-7b">
         <name>.int31</name>
         <load_address>0xffe0</load_address>
         <run_address>0xffe0</run_address>
         <size>0x2</size>
         <input_file_ref idref="fl-3d"/>
      </object_component>
      <object_component id="oc-7c">
         <name>.int32</name>
         <load_address>0xffe2</load_address>
         <run_address>0xffe2</run_address>
         <size>0x2</size>
         <input_file_ref idref="fl-4"/>
      </object_component>
      <object_component id="oc-7d">
         <name>.int33</name>
         <load_address>0xffe4</load_address>
         <run_address>0xffe4</run_address>
         <size>0x2</size>
         <input_file_ref idref="fl-4"/>
      </object_component>
      <object_component id="oc-7e">
         <name>.int34</name>
         <load_address>0xffe6</load_address>
         <run_address>0xffe6</run_address>
         <size>0x2</size>
         <input_file_ref idref="fl-3e"/>
      </object_component>
      <object_component id="oc-7f">
         <name>.int35</name>
         <load_address>0xffe8</load_address>
         <run_address>0xffe8</run_address>
         <size>0x2</size>
         <input_file_ref idref="fl-3f"/>
      </object_component>
      <object_component id="oc-80">
         <name>.int36</name>
         <load_address>0xffea</load_address>
         <run_address>0xffea</run_address>
         <size>0x2</size>
         <input_file_ref idref="fl-40"/>
      </object_component>
      <object_component id="oc-81">
         <name>.int37</name>
         <load_address>0xffec</load_address>
         <run_address>0xffec</run_address>
         <size>0x2</size>
         <input_file_ref idref="fl-41"/>
      </object_component>
      <object_component id="oc-82">
         <name>.int38</name>
         <load_address>0xffee</load_address>
         <run_address>0xffee</run_address>
         <size>0x2</size>
         <input_file_ref idref="fl-42"/>
      </object_component>
      <object_component id="oc-83">
         <name>.int39</name>
         <load_address>0xfff0</load_address>
         <run_address>0xfff0</run_address>
         <size>0x2</size>
         <input_file_ref idref="fl-43"/>
      </object_component>
      <object_component id="oc-84">
         <name>.int40</name>
         <load_address>0xfff2</load_address>
         <run_address>0xfff2</run_address>
         <size>0x2</size>
         <input_file_ref idref="fl-a"/>
      </object_component>
      <object_component id="oc-85">
         <name>.int41</name>
         <load_address>0xfff4</load_address>
         <run_address>0xfff4</run_address>
         <size>0x2</size>
         <input_file_ref idref="fl-a"/>
      </object_component>
      <object_component id="oc-86">
         <name>.int42</name>
         <load_address>0xfff6</load_address>
         <run_address>0xfff6</run_address>
         <size>0x2</size>
         <input_file_ref idref="fl-a"/>
      </object_component>
      <object_component id="oc-87">
         <name>.int43</name>
         <load_address>0xfff8</load_address>
         <run_address>0xfff8</run_address>
         <size>0x2</size>
         <input_file_ref idref="fl-a"/>
      </object_component>
      <object_component id="oc-88">
         <name>.int44</name>
         <load_address>0xfffa</load_address>
         <run_address>0xfffa</run_address>
         <size>0x2</size>
         <input_file_ref idref="fl-44"/>
      </object_component>
      <object_component id="oc-89">
         <name>.int45</name>
         <load_address>0xfffc</load_address>
         <run_address>0xfffc</run_address>
         <size>0x2</size>
         <input_file_ref idref="fl-45"/>
      </object_component>
      <object_component id="oc-41f">
         <name>.reset</name>
         <load_address>0xfffe</load_address>
         <run_address>0xfffe</run_address>
         <size>0x2</size>
         <input_file_ref idref="fl-4e"/>
      </object_component>
      <object_component id="oc-522">
         <name>.debug_info</name>
         <load_address>0x0</load_address>
         <run_address>0x0</run_address>
         <size>0x291</size>
         <input_file_ref idref="fl-2"/>
      </object_component>
      <object_component id="oc-4c2">
         <name>.debug_info</name>
         <load_address>0x291</load_address>
         <run_address>0x291</run_address>
         <size>0x16e</size>
         <input_file_ref idref="fl-2"/>
      </object_component>
      <object_component id="oc-55c">
         <name>.debug_info</name>
         <load_address>0x3ff</load_address>
         <run_address>0x3ff</run_address>
         <size>0x109</size>
         <input_file_ref idref="fl-2"/>
      </object_component>
      <object_component id="oc-44a">
         <name>.debug_info</name>
         <load_address>0x508</load_address>
         <run_address>0x508</run_address>
         <size>0x108</size>
         <input_file_ref idref="fl-2"/>
      </object_component>
      <object_component id="oc-426">
         <name>.debug_info</name>
         <load_address>0x610</load_address>
         <run_address>0x610</run_address>
         <size>0x84</size>
         <input_file_ref idref="fl-2"/>
      </object_component>
      <object_component id="oc-606">
         <name>.debug_info</name>
         <load_address>0x694</load_address>
         <run_address>0x694</run_address>
         <size>0x35</size>
         <input_file_ref idref="fl-2"/>
      </object_component>
      <object_component id="oc-53b">
         <name>.debug_info</name>
         <load_address>0x6c9</load_address>
         <run_address>0x6c9</run_address>
         <size>0x1e4</size>
         <input_file_ref idref="fl-3"/>
      </object_component>
      <object_component id="oc-4e7">
         <name>.debug_info</name>
         <load_address>0x8ad</load_address>
         <run_address>0x8ad</run_address>
         <size>0xe1</size>
         <input_file_ref idref="fl-3"/>
      </object_component>
      <object_component id="oc-564">
         <name>.debug_info</name>
         <load_address>0x98e</load_address>
         <run_address>0x98e</run_address>
         <size>0x109</size>
         <input_file_ref idref="fl-3"/>
      </object_component>
      <object_component id="oc-52b">
         <name>.debug_info</name>
         <load_address>0xa97</load_address>
         <run_address>0xa97</run_address>
         <size>0x410</size>
         <input_file_ref idref="fl-4"/>
      </object_component>
      <object_component id="oc-4dd">
         <name>.debug_info</name>
         <load_address>0xea7</load_address>
         <run_address>0xea7</run_address>
         <size>0xe2</size>
         <input_file_ref idref="fl-4"/>
      </object_component>
      <object_component id="oc-4d6">
         <name>.debug_info</name>
         <load_address>0xf89</load_address>
         <run_address>0xf89</run_address>
         <size>0xe2</size>
         <input_file_ref idref="fl-4"/>
      </object_component>
      <object_component id="oc-4cc">
         <name>.debug_info</name>
         <load_address>0x106b</load_address>
         <run_address>0x106b</run_address>
         <size>0x1e1</size>
         <input_file_ref idref="fl-4"/>
      </object_component>
      <object_component id="oc-44f">
         <name>.debug_info</name>
         <load_address>0x124c</load_address>
         <run_address>0x124c</run_address>
         <size>0x127</size>
         <input_file_ref idref="fl-4"/>
      </object_component>
      <object_component id="oc-455">
         <name>.debug_info</name>
         <load_address>0x1373</load_address>
         <run_address>0x1373</run_address>
         <size>0x126</size>
         <input_file_ref idref="fl-4"/>
      </object_component>
      <object_component id="oc-58f">
         <name>.debug_info</name>
         <load_address>0x1499</load_address>
         <run_address>0x1499</run_address>
         <size>0x13f</size>
         <input_file_ref idref="fl-4"/>
      </object_component>
      <object_component id="oc-6a1">
         <name>.debug_info</name>
         <load_address>0x15d8</load_address>
         <run_address>0x15d8</run_address>
         <size>0x12f</size>
         <input_file_ref idref="fl-4"/>
      </object_component>
      <object_component id="oc-69b">
         <name>.debug_info</name>
         <load_address>0x1707</load_address>
         <run_address>0x1707</run_address>
         <size>0x12f</size>
         <input_file_ref idref="fl-4"/>
      </object_component>
      <object_component id="oc-56e">
         <name>.debug_info</name>
         <load_address>0x1836</load_address>
         <run_address>0x1836</run_address>
         <size>0x166</size>
         <input_file_ref idref="fl-4"/>
      </object_component>
      <object_component id="oc-56b">
         <name>.debug_info</name>
         <load_address>0x199c</load_address>
         <run_address>0x199c</run_address>
         <size>0x11f</size>
         <input_file_ref idref="fl-4"/>
      </object_component>
      <object_component id="oc-64d">
         <name>.debug_info</name>
         <load_address>0x1abb</load_address>
         <run_address>0x1abb</run_address>
         <size>0x23c</size>
         <input_file_ref idref="fl-5"/>
      </object_component>
      <object_component id="oc-546">
         <name>.debug_info</name>
         <load_address>0x1cf7</load_address>
         <run_address>0x1cf7</run_address>
         <size>0x12c</size>
         <input_file_ref idref="fl-5"/>
      </object_component>
      <object_component id="oc-525">
         <name>.debug_info</name>
         <load_address>0x1e23</load_address>
         <run_address>0x1e23</run_address>
         <size>0x2a7</size>
         <input_file_ref idref="fl-6"/>
      </object_component>
      <object_component id="oc-4c5">
         <name>.debug_info</name>
         <load_address>0x20ca</load_address>
         <run_address>0x20ca</run_address>
         <size>0x14f</size>
         <input_file_ref idref="fl-6"/>
      </object_component>
      <object_component id="oc-5bb">
         <name>.debug_info</name>
         <load_address>0x2219</load_address>
         <run_address>0x2219</run_address>
         <size>0x138</size>
         <input_file_ref idref="fl-6"/>
      </object_component>
      <object_component id="oc-73d">
         <name>.debug_info</name>
         <load_address>0x2351</load_address>
         <run_address>0x2351</run_address>
         <size>0x1a3</size>
         <input_file_ref idref="fl-7"/>
      </object_component>
      <object_component id="oc-6bd">
         <name>.debug_info</name>
         <load_address>0x24f4</load_address>
         <run_address>0x24f4</run_address>
         <size>0xe6</size>
         <input_file_ref idref="fl-7"/>
      </object_component>
      <object_component id="oc-5a7">
         <name>.debug_info</name>
         <load_address>0x25da</load_address>
         <run_address>0x25da</run_address>
         <size>0x1a6</size>
         <input_file_ref idref="fl-7"/>
      </object_component>
      <object_component id="oc-5a2">
         <name>.debug_info</name>
         <load_address>0x2780</load_address>
         <run_address>0x2780</run_address>
         <size>0x16c</size>
         <input_file_ref idref="fl-7"/>
      </object_component>
      <object_component id="oc-54a">
         <name>.debug_info</name>
         <load_address>0x28ec</load_address>
         <run_address>0x28ec</run_address>
         <size>0x13d</size>
         <input_file_ref idref="fl-8"/>
      </object_component>
      <object_component id="oc-443">
         <name>.debug_info</name>
         <load_address>0x2a29</load_address>
         <run_address>0x2a29</run_address>
         <size>0x140</size>
         <input_file_ref idref="fl-9"/>
      </object_component>
      <object_component id="oc-43b">
         <name>.debug_info</name>
         <load_address>0x2b69</load_address>
         <run_address>0x2b69</run_address>
         <size>0x140</size>
         <input_file_ref idref="fl-9"/>
      </object_component>
      <object_component id="oc-528">
         <name>.debug_info</name>
         <load_address>0x2ca9</load_address>
         <run_address>0x2ca9</run_address>
         <size>0x3d4</size>
         <input_file_ref idref="fl-a"/>
      </object_component>
      <object_component id="oc-4c8">
         <name>.debug_info</name>
         <load_address>0x307d</load_address>
         <run_address>0x307d</run_address>
         <size>0x2a7</size>
         <input_file_ref idref="fl-a"/>
      </object_component>
      <object_component id="oc-45c">
         <name>.debug_info</name>
         <load_address>0x3324</load_address>
         <run_address>0x3324</run_address>
         <size>0x13e</size>
         <input_file_ref idref="fl-a"/>
      </object_component>
      <object_component id="oc-461">
         <name>.debug_info</name>
         <load_address>0x3462</load_address>
         <run_address>0x3462</run_address>
         <size>0x13e</size>
         <input_file_ref idref="fl-a"/>
      </object_component>
      <object_component id="oc-467">
         <name>.debug_info</name>
         <load_address>0x35a0</load_address>
         <run_address>0x35a0</run_address>
         <size>0x13e</size>
         <input_file_ref idref="fl-a"/>
      </object_component>
      <object_component id="oc-46d">
         <name>.debug_info</name>
         <load_address>0x36de</load_address>
         <run_address>0x36de</run_address>
         <size>0x13e</size>
         <input_file_ref idref="fl-a"/>
      </object_component>
      <object_component id="oc-51b">
         <name>.debug_info</name>
         <load_address>0x381c</load_address>
         <run_address>0x381c</run_address>
         <size>0x8c8</size>
         <input_file_ref idref="fl-c"/>
      </object_component>
      <object_component id="oc-4b9">
         <name>.debug_info</name>
         <load_address>0x40e4</load_address>
         <run_address>0x40e4</run_address>
         <size>0x26e</size>
         <input_file_ref idref="fl-c"/>
      </object_component>
      <object_component id="oc-4cf">
         <name>.debug_info</name>
         <load_address>0x4352</load_address>
         <run_address>0x4352</run_address>
         <size>0xe4</size>
         <input_file_ref idref="fl-c"/>
      </object_component>
      <object_component id="oc-4da">
         <name>.debug_info</name>
         <load_address>0x4436</load_address>
         <run_address>0x4436</run_address>
         <size>0xde</size>
         <input_file_ref idref="fl-c"/>
      </object_component>
      <object_component id="oc-574">
         <name>.debug_info</name>
         <load_address>0x4514</load_address>
         <run_address>0x4514</run_address>
         <size>0x163</size>
         <input_file_ref idref="fl-c"/>
      </object_component>
      <object_component id="oc-584">
         <name>.debug_info</name>
         <load_address>0x4677</load_address>
         <run_address>0x4677</run_address>
         <size>0x111</size>
         <input_file_ref idref="fl-c"/>
      </object_component>
      <object_component id="oc-58a">
         <name>.debug_info</name>
         <load_address>0x4788</load_address>
         <run_address>0x4788</run_address>
         <size>0x111</size>
         <input_file_ref idref="fl-c"/>
      </object_component>
      <object_component id="oc-6b5">
         <name>.debug_info</name>
         <load_address>0x4899</load_address>
         <run_address>0x4899</run_address>
         <size>0x18c</size>
         <input_file_ref idref="fl-c"/>
      </object_component>
      <object_component id="oc-595">
         <name>.debug_info</name>
         <load_address>0x4a25</load_address>
         <run_address>0x4a25</run_address>
         <size>0x161</size>
         <input_file_ref idref="fl-c"/>
      </object_component>
      <object_component id="oc-59b">
         <name>.debug_info</name>
         <load_address>0x4b86</load_address>
         <run_address>0x4b86</run_address>
         <size>0x161</size>
         <input_file_ref idref="fl-c"/>
      </object_component>
      <object_component id="oc-5ae">
         <name>.debug_info</name>
         <load_address>0x4ce7</load_address>
         <run_address>0x4ce7</run_address>
         <size>0x127</size>
         <input_file_ref idref="fl-c"/>
      </object_component>
      <object_component id="oc-4f9">
         <name>.debug_info</name>
         <load_address>0x4e0e</load_address>
         <run_address>0x4e0e</run_address>
         <size>0x2fd</size>
         <input_file_ref idref="fl-c"/>
      </object_component>
      <object_component id="oc-63f">
         <name>.debug_info</name>
         <load_address>0x510b</load_address>
         <run_address>0x510b</run_address>
         <size>0x120</size>
         <input_file_ref idref="fl-d"/>
      </object_component>
      <object_component id="oc-61b">
         <name>.debug_info</name>
         <load_address>0x522b</load_address>
         <run_address>0x522b</run_address>
         <size>0x113</size>
         <input_file_ref idref="fl-d"/>
      </object_component>
      <object_component id="oc-622">
         <name>.debug_info</name>
         <load_address>0x533e</load_address>
         <run_address>0x533e</run_address>
         <size>0x113</size>
         <input_file_ref idref="fl-d"/>
      </object_component>
      <object_component id="oc-626">
         <name>.debug_info</name>
         <load_address>0x5451</load_address>
         <run_address>0x5451</run_address>
         <size>0x113</size>
         <input_file_ref idref="fl-d"/>
      </object_component>
      <object_component id="oc-62d">
         <name>.debug_info</name>
         <load_address>0x5564</load_address>
         <run_address>0x5564</run_address>
         <size>0x113</size>
         <input_file_ref idref="fl-d"/>
      </object_component>
      <object_component id="oc-634">
         <name>.debug_info</name>
         <load_address>0x5677</load_address>
         <run_address>0x5677</run_address>
         <size>0x114</size>
         <input_file_ref idref="fl-d"/>
      </object_component>
      <object_component id="oc-63b">
         <name>.debug_info</name>
         <load_address>0x578b</load_address>
         <run_address>0x578b</run_address>
         <size>0x116</size>
         <input_file_ref idref="fl-d"/>
      </object_component>
      <object_component id="oc-646">
         <name>.debug_info</name>
         <load_address>0x58a1</load_address>
         <run_address>0x58a1</run_address>
         <size>0x11a</size>
         <input_file_ref idref="fl-d"/>
      </object_component>
      <object_component id="oc-540">
         <name>.debug_info</name>
         <load_address>0x59bb</load_address>
         <run_address>0x59bb</run_address>
         <size>0x1a2</size>
         <input_file_ref idref="fl-d"/>
      </object_component>
      <object_component id="oc-51f">
         <name>.debug_info</name>
         <load_address>0x5b5d</load_address>
         <run_address>0x5b5d</run_address>
         <size>0x1ef</size>
         <input_file_ref idref="fl-e"/>
      </object_component>
      <object_component id="oc-4bc">
         <name>.debug_info</name>
         <load_address>0x5d4c</load_address>
         <run_address>0x5d4c</run_address>
         <size>0x272</size>
         <input_file_ref idref="fl-e"/>
      </object_component>
      <object_component id="oc-5b6">
         <name>.debug_info</name>
         <load_address>0x5fbe</load_address>
         <run_address>0x5fbe</run_address>
         <size>0x128</size>
         <input_file_ref idref="fl-e"/>
      </object_component>
      <object_component id="oc-655">
         <name>.debug_info</name>
         <load_address>0x60e6</load_address>
         <run_address>0x60e6</run_address>
         <size>0x124</size>
         <input_file_ref idref="fl-f"/>
      </object_component>
      <object_component id="oc-538">
         <name>.debug_info</name>
         <load_address>0x620a</load_address>
         <run_address>0x620a</run_address>
         <size>0x3d8</size>
         <input_file_ref idref="fl-10"/>
      </object_component>
      <object_component id="oc-4e2">
         <name>.debug_info</name>
         <load_address>0x65e2</load_address>
         <run_address>0x65e2</run_address>
         <size>0xf8</size>
         <input_file_ref idref="fl-10"/>
      </object_component>
      <object_component id="oc-65a">
         <name>.debug_info</name>
         <load_address>0x66da</load_address>
         <run_address>0x66da</run_address>
         <size>0x11c</size>
         <input_file_ref idref="fl-10"/>
      </object_component>
      <object_component id="oc-660">
         <name>.debug_info</name>
         <load_address>0x67f6</load_address>
         <run_address>0x67f6</run_address>
         <size>0x11c</size>
         <input_file_ref idref="fl-10"/>
      </object_component>
      <object_component id="oc-667">
         <name>.debug_info</name>
         <load_address>0x6912</load_address>
         <run_address>0x6912</run_address>
         <size>0x11c</size>
         <input_file_ref idref="fl-10"/>
      </object_component>
      <object_component id="oc-550">
         <name>.debug_info</name>
         <load_address>0x6a2e</load_address>
         <run_address>0x6a2e</run_address>
         <size>0x154</size>
         <input_file_ref idref="fl-10"/>
      </object_component>
      <object_component id="oc-4d2">
         <name>.debug_info</name>
         <load_address>0x6b82</load_address>
         <run_address>0x6b82</run_address>
         <size>0x536</size>
         <input_file_ref idref="fl-13"/>
      </object_component>
      <object_component id="oc-674">
         <name>.debug_info</name>
         <load_address>0x70b8</load_address>
         <run_address>0x70b8</run_address>
         <size>0x12e</size>
         <input_file_ref idref="fl-13"/>
      </object_component>
      <object_component id="oc-680">
         <name>.debug_info</name>
         <load_address>0x71e6</load_address>
         <run_address>0x71e6</run_address>
         <size>0x132</size>
         <input_file_ref idref="fl-13"/>
      </object_component>
      <object_component id="oc-679">
         <name>.debug_info</name>
         <load_address>0x7318</load_address>
         <run_address>0x7318</run_address>
         <size>0x138</size>
         <input_file_ref idref="fl-13"/>
      </object_component>
      <object_component id="oc-70f">
         <name>.debug_info</name>
         <load_address>0x7450</load_address>
         <run_address>0x7450</run_address>
         <size>0x13c</size>
         <input_file_ref idref="fl-13"/>
      </object_component>
      <object_component id="oc-715">
         <name>.debug_info</name>
         <load_address>0x758c</load_address>
         <run_address>0x758c</run_address>
         <size>0x14f</size>
         <input_file_ref idref="fl-13"/>
      </object_component>
      <object_component id="oc-77d">
         <name>.debug_info</name>
         <load_address>0x76db</load_address>
         <run_address>0x76db</run_address>
         <size>0x1b6</size>
         <input_file_ref idref="fl-13"/>
      </object_component>
      <object_component id="oc-685">
         <name>.debug_info</name>
         <load_address>0x7891</load_address>
         <run_address>0x7891</run_address>
         <size>0x1cf</size>
         <input_file_ref idref="fl-13"/>
      </object_component>
      <object_component id="oc-73f">
         <name>.debug_info</name>
         <load_address>0x7a60</load_address>
         <run_address>0x7a60</run_address>
         <size>0x1a9</size>
         <input_file_ref idref="fl-13"/>
      </object_component>
      <object_component id="oc-66d">
         <name>.debug_info</name>
         <load_address>0x7c09</load_address>
         <run_address>0x7c09</run_address>
         <size>0x12b</size>
         <input_file_ref idref="fl-13"/>
      </object_component>
      <object_component id="oc-71c">
         <name>.debug_info</name>
         <load_address>0x7d34</load_address>
         <run_address>0x7d34</run_address>
         <size>0x146</size>
         <input_file_ref idref="fl-13"/>
      </object_component>
      <object_component id="oc-722">
         <name>.debug_info</name>
         <load_address>0x7e7a</load_address>
         <run_address>0x7e7a</run_address>
         <size>0x146</size>
         <input_file_ref idref="fl-13"/>
      </object_component>
      <object_component id="oc-728">
         <name>.debug_info</name>
         <load_address>0x7fc0</load_address>
         <run_address>0x7fc0</run_address>
         <size>0x146</size>
         <input_file_ref idref="fl-13"/>
      </object_component>
      <object_component id="oc-72e">
         <name>.debug_info</name>
         <load_address>0x8106</load_address>
         <run_address>0x8106</run_address>
         <size>0x146</size>
         <input_file_ref idref="fl-13"/>
      </object_component>
      <object_component id="oc-68b">
         <name>.debug_info</name>
         <load_address>0x824c</load_address>
         <run_address>0x824c</run_address>
         <size>0x191</size>
         <input_file_ref idref="fl-13"/>
      </object_component>
      <object_component id="oc-691">
         <name>.debug_info</name>
         <load_address>0x83dd</load_address>
         <run_address>0x83dd</run_address>
         <size>0x14d</size>
         <input_file_ref idref="fl-13"/>
      </object_component>
      <object_component id="oc-556">
         <name>.debug_info</name>
         <load_address>0x852a</load_address>
         <run_address>0x852a</run_address>
         <size>0x249</size>
         <input_file_ref idref="fl-13"/>
      </object_component>
      <object_component id="oc-6c4">
         <name>.debug_info</name>
         <load_address>0x8773</load_address>
         <run_address>0x8773</run_address>
         <size>0x1ee</size>
         <input_file_ref idref="fl-13"/>
      </object_component>
      <object_component id="oc-67">
         <name>.debug_info</name>
         <load_address>0x8961</load_address>
         <run_address>0x8961</run_address>
         <size>0x2b8</size>
         <input_file_ref idref="fl-34"/>
      </object_component>
      <object_component id="oc-514">
         <name>.debug_info</name>
         <load_address>0x8c19</load_address>
         <run_address>0x8c19</run_address>
         <size>0x46</size>
         <input_file_ref idref="fl-34"/>
      </object_component>
      <object_component id="oc-4b0">
         <name>.debug_info</name>
         <load_address>0x8c5f</load_address>
         <run_address>0x8c5f</run_address>
         <size>0x39</size>
         <input_file_ref idref="fl-34"/>
      </object_component>
      <object_component id="oc-421">
         <name>.debug_info</name>
         <load_address>0x8c98</load_address>
         <run_address>0x8c98</run_address>
         <size>0x60</size>
         <input_file_ref idref="fl-34"/>
      </object_component>
      <object_component id="oc-436">
         <name>.debug_info</name>
         <load_address>0x8cf8</load_address>
         <run_address>0x8cf8</run_address>
         <size>0x1da</size>
         <input_file_ref idref="fl-35"/>
      </object_component>
      <object_component id="oc-70">
         <name>.debug_info</name>
         <load_address>0x8ed2</load_address>
         <run_address>0x8ed2</run_address>
         <size>0x1f2</size>
         <input_file_ref idref="fl-35"/>
      </object_component>
      <object_component id="oc-431">
         <name>.debug_info</name>
         <load_address>0x90c4</load_address>
         <run_address>0x90c4</run_address>
         <size>0x46</size>
         <input_file_ref idref="fl-35"/>
      </object_component>
      <object_component id="oc-43e">
         <name>.debug_info</name>
         <load_address>0x910a</load_address>
         <run_address>0x910a</run_address>
         <size>0x10f</size>
         <input_file_ref idref="fl-37"/>
      </object_component>
      <object_component id="oc-473">
         <name>.debug_info</name>
         <load_address>0x9219</load_address>
         <run_address>0x9219</run_address>
         <size>0x1d3</size>
         <input_file_ref idref="fl-46"/>
      </object_component>
      <object_component id="oc-4ec">
         <name>.debug_info</name>
         <load_address>0x93ec</load_address>
         <run_address>0x93ec</run_address>
         <size>0x46</size>
         <input_file_ref idref="fl-46"/>
      </object_component>
      <object_component id="oc-42d">
         <name>.debug_info</name>
         <load_address>0x9432</load_address>
         <run_address>0x9432</run_address>
         <size>0x121</size>
         <input_file_ref idref="fl-47"/>
      </object_component>
      <object_component id="oc-6aa">
         <name>.debug_info</name>
         <load_address>0x9553</load_address>
         <run_address>0x9553</run_address>
         <size>0x130</size>
         <input_file_ref idref="fl-49"/>
      </object_component>
      <object_component id="oc-41d">
         <name>.debug_info</name>
         <load_address>0x9683</load_address>
         <run_address>0x9683</run_address>
         <size>0x100</size>
         <input_file_ref idref="fl-4e"/>
      </object_component>
      <object_component id="oc-49d">
         <name>.debug_info</name>
         <load_address>0x9783</load_address>
         <run_address>0x9783</run_address>
         <size>0x193</size>
         <input_file_ref idref="fl-4e"/>
      </object_component>
      <object_component id="oc-50e">
         <name>.debug_info</name>
         <load_address>0x9916</load_address>
         <run_address>0x9916</run_address>
         <size>0x1ae</size>
         <input_file_ref idref="fl-4f"/>
      </object_component>
      <object_component id="oc-5ff">
         <name>.debug_info</name>
         <load_address>0x9ac4</load_address>
         <run_address>0x9ac4</run_address>
         <size>0x18b</size>
         <input_file_ref idref="fl-4f"/>
      </object_component>
      <object_component id="oc-6e3">
         <name>.debug_info</name>
         <load_address>0x9c4f</load_address>
         <run_address>0x9c4f</run_address>
         <size>0x409</size>
         <input_file_ref idref="fl-51"/>
      </object_component>
      <object_component id="oc-5e8">
         <name>.debug_info</name>
         <load_address>0xa058</load_address>
         <run_address>0xa058</run_address>
         <size>0x216</size>
         <input_file_ref idref="fl-51"/>
      </object_component>
      <object_component id="oc-75c">
         <name>.debug_info</name>
         <load_address>0xa26e</load_address>
         <run_address>0xa26e</run_address>
         <size>0x39</size>
         <input_file_ref idref="fl-51"/>
      </object_component>
      <object_component id="oc-76e">
         <name>.debug_info</name>
         <load_address>0xa2a7</load_address>
         <run_address>0xa2a7</run_address>
         <size>0x2c</size>
         <input_file_ref idref="fl-51"/>
      </object_component>
      <object_component id="oc-6ee">
         <name>.debug_info</name>
         <load_address>0xa2d3</load_address>
         <run_address>0xa2d3</run_address>
         <size>0x2c</size>
         <input_file_ref idref="fl-51"/>
      </object_component>
      <object_component id="oc-761">
         <name>.debug_info</name>
         <load_address>0xa2ff</load_address>
         <run_address>0xa2ff</run_address>
         <size>0xcd</size>
         <input_file_ref idref="fl-51"/>
      </object_component>
      <object_component id="oc-6e0">
         <name>.debug_info</name>
         <load_address>0xa3cc</load_address>
         <run_address>0xa3cc</run_address>
         <size>0x150</size>
         <input_file_ref idref="fl-52"/>
      </object_component>
      <object_component id="oc-4f6">
         <name>.debug_info</name>
         <load_address>0xa51c</load_address>
         <run_address>0xa51c</run_address>
         <size>0x153</size>
         <input_file_ref idref="fl-53"/>
      </object_component>
      <object_component id="oc-5c1">
         <name>.debug_info</name>
         <load_address>0xa66f</load_address>
         <run_address>0xa66f</run_address>
         <size>0x122</size>
         <input_file_ref idref="fl-55"/>
      </object_component>
      <object_component id="oc-6af">
         <name>.debug_info</name>
         <load_address>0xa791</load_address>
         <run_address>0xa791</run_address>
         <size>0x17c</size>
         <input_file_ref idref="fl-59"/>
      </object_component>
      <object_component id="oc-57b">
         <name>.debug_info</name>
         <load_address>0xa90d</load_address>
         <run_address>0xa90d</run_address>
         <size>0x24d</size>
         <input_file_ref idref="fl-59"/>
      </object_component>
      <object_component id="oc-7fe">
         <name>.debug_info</name>
         <load_address>0xab5a</load_address>
         <run_address>0xab5a</run_address>
         <size>0xb1</size>
      </object_component>
      <object_component id="oc-60e">
         <name>.debug_line</name>
         <load_address>0x0</load_address>
         <run_address>0x0</run_address>
         <size>0x73</size>
         <input_file_ref idref="fl-2"/>
      </object_component>
      <object_component id="oc-521">
         <name>.debug_line</name>
         <load_address>0x73</load_address>
         <run_address>0x73</run_address>
         <size>0x2c</size>
         <input_file_ref idref="fl-2"/>
      </object_component>
      <object_component id="oc-55f">
         <name>.debug_line</name>
         <load_address>0x9f</load_address>
         <run_address>0x9f</run_address>
         <size>0x53</size>
         <input_file_ref idref="fl-2"/>
      </object_component>
      <object_component id="oc-449">
         <name>.debug_line</name>
         <load_address>0xf2</load_address>
         <run_address>0xf2</run_address>
         <size>0x80</size>
         <input_file_ref idref="fl-2"/>
      </object_component>
      <object_component id="oc-429">
         <name>.debug_line</name>
         <load_address>0x172</load_address>
         <run_address>0x172</run_address>
         <size>0x20</size>
         <input_file_ref idref="fl-2"/>
      </object_component>
      <object_component id="oc-609">
         <name>.debug_line</name>
         <load_address>0x192</load_address>
         <run_address>0x192</run_address>
         <size>0x77</size>
         <input_file_ref idref="fl-2"/>
      </object_component>
      <object_component id="oc-618">
         <name>.debug_line</name>
         <load_address>0x209</load_address>
         <run_address>0x209</run_address>
         <size>0x5c</size>
         <input_file_ref idref="fl-3"/>
      </object_component>
      <object_component id="oc-53a">
         <name>.debug_line</name>
         <load_address>0x265</load_address>
         <run_address>0x265</run_address>
         <size>0x2c</size>
         <input_file_ref idref="fl-3"/>
      </object_component>
      <object_component id="oc-562">
         <name>.debug_line</name>
         <load_address>0x291</load_address>
         <run_address>0x291</run_address>
         <size>0x4d</size>
         <input_file_ref idref="fl-3"/>
      </object_component>
      <object_component id="oc-614">
         <name>.debug_line</name>
         <load_address>0x2de</load_address>
         <run_address>0x2de</run_address>
         <size>0xc1</size>
         <input_file_ref idref="fl-4"/>
      </object_component>
      <object_component id="oc-535">
         <name>.debug_line</name>
         <load_address>0x39f</load_address>
         <run_address>0x39f</run_address>
         <size>0x2d</size>
         <input_file_ref idref="fl-4"/>
      </object_component>
      <object_component id="oc-531">
         <name>.debug_line</name>
         <load_address>0x3cc</load_address>
         <run_address>0x3cc</run_address>
         <size>0x2d</size>
         <input_file_ref idref="fl-4"/>
      </object_component>
      <object_component id="oc-52a">
         <name>.debug_line</name>
         <load_address>0x3f9</load_address>
         <run_address>0x3f9</run_address>
         <size>0x2d</size>
         <input_file_ref idref="fl-4"/>
      </object_component>
      <object_component id="oc-452">
         <name>.debug_line</name>
         <load_address>0x426</load_address>
         <run_address>0x426</run_address>
         <size>0x6d</size>
         <input_file_ref idref="fl-4"/>
      </object_component>
      <object_component id="oc-459">
         <name>.debug_line</name>
         <load_address>0x493</load_address>
         <run_address>0x493</run_address>
         <size>0x69</size>
         <input_file_ref idref="fl-4"/>
      </object_component>
      <object_component id="oc-593">
         <name>.debug_line</name>
         <load_address>0x4fc</load_address>
         <run_address>0x4fc</run_address>
         <size>0x4a</size>
         <input_file_ref idref="fl-4"/>
      </object_component>
      <object_component id="oc-6a5">
         <name>.debug_line</name>
         <load_address>0x546</load_address>
         <run_address>0x546</run_address>
         <size>0x56</size>
         <input_file_ref idref="fl-4"/>
      </object_component>
      <object_component id="oc-69f">
         <name>.debug_line</name>
         <load_address>0x59c</load_address>
         <run_address>0x59c</run_address>
         <size>0x56</size>
         <input_file_ref idref="fl-4"/>
      </object_component>
      <object_component id="oc-572">
         <name>.debug_line</name>
         <load_address>0x5f2</load_address>
         <run_address>0x5f2</run_address>
         <size>0x41</size>
[...]
      </symbol>
      <symbol id="sm-4f1">
         <name>adc_line</name>
         <value>0x8eea</value>
         <object_component_ref idref="oc-5a6"/>
      </symbol>
      <symbol id="sm-4f2">
         <name>adc_char</name>
         <value>0x2228</value>
         <object_component_ref idref="oc-6bc"/>
      </symbol>
      <symbol id="sm-4fd">
         <name>Init_Conditions</name>
         <value>0x8aa8</value>
         <object_component_ref idref="oc-549"/>
      </symbol>
      <symbol id="sm-511">
         <name>__TI_int24</name>
         <value>0xffd2</value>
         <object_component_ref idref="oc-74"/>
      </symbol>
      <symbol id="sm-512">
         <name>__TI_int22</name>
         <value>0xffce</value>
         <object_component_ref idref="oc-72"/>
      </symbol>
      <symbol id="sm-513">
         <name>switch1_interrupt</name>
         <value>0x9486</value>
         <object_component_ref idref="oc-437"/>
      </symbol>
      <symbol id="sm-514">
         <name>switch2_interrupt</name>
         <value>0x94c8</value>
         <object_component_ref idref="oc-442"/>
      </symbol>
      <symbol id="sm-544">
         <name>Time_Sequence</name>
         <value>0x21ea</value>
         <object_component_ref idref="oc-4c7"/>
      </symbol>
      <symbol id="sm-545">
         <name>debounce_count</name>
         <value>0x21f0</value>
         <object_component_ref idref="oc-4c7"/>
      </symbol>
      <symbol id="sm-546">
         <name>ADC_Switch</name>
         <value>0x21f4</value>
         <object_component_ref idref="oc-4c7"/>
      </symbol>
      <symbol id="sm-547">
         <name>blink_count</name>
         <value>0x21e4</value>
         <object_component_ref idref="oc-4c7"/>
      </symbol>
      <symbol id="sm-548">
         <name>debounce_check</name>
         <value>0x21f2</value>
         <object_component_ref idref="oc-4c7"/>
      </symbol>
      <symbol id="sm-549">
         <name>__TI_int42</name>
         <value>0xfff6</value>
         <object_component_ref idref="oc-86"/>
      </symbol>
      <symbol id="sm-54a">
         <name>__TI_int43</name>
         <value>0xfff8</value>
         <object_component_ref idref="oc-87"/>
      </symbol>
      <symbol id="sm-54b">
         <name>__TI_int40</name>
         <value>0xfff2</value>
         <object_component_ref idref="oc-84"/>
      </symbol>
      <symbol id="sm-54c">
         <name>__TI_int41</name>
         <value>0xfff4</value>
         <object_component_ref idref="oc-85"/>
      </symbol>
      <symbol id="sm-54d">
         <name>Timer0_B1_ISR</name>
         <value>0x93a0</value>
         <object_component_ref idref="oc-466"/>
      </symbol>
      <symbol id="sm-54e">
         <name>twenty_ms_count</name>
         <value>0x21f6</value>
         <object_component_ref idref="oc-4c7"/>
      </symbol>
      <symbol id="sm-54f">
         <name>lcd_display_count</name>
         <value>0x21e6</value>
         <object_component_ref idref="oc-4c7"/>
      </symbol>
      <symbol id="sm-550">
         <name>Timer0_B0_ISR</name>
         <value>0x9542</value>
         <object_component_ref idref="oc-46c"/>
      </symbol>
      <symbol id="sm-551">
         <name>one_time</name>
         <value>0x21ec</value>
         <object_component_ref idref="oc-4c7"/>
      </symbol>
      <symbol id="sm-552">
         <name>Timer1_B1_ISR</name>
         <value>0x958c</value>
         <object_component_ref idref="oc-45a"/>
      </symbol>
      <symbol id="sm-553">
         <name>update_lcd_count</name>
         <value>0x21e8</value>
         <object_component_ref idref="oc-4c7"/>
      </symbol>
      <symbol id="sm-554">
         <name>Timer1_B0_ISR</name>
         <value>0x9506</value>
         <object_component_ref idref="oc-460"/>
      </symbol>
      <symbol id="sm-555">
         <name>tens_count</name>
         <value>0x21ee</value>
         <object_component_ref idref="oc-4c7"/>
      </symbol>
      <symbol id="sm-556">
         <name>debounce_switch</name>
         <value>0x21f3</value>
         <object_component_ref idref="oc-4c7"/>
      </symbol>
      <symbol id="sm-5cf">
         <name>wheel_move</name>
         <value>0x2144</value>
      </symbol>
      <symbol id="sm-5d0">
         <name>forward</name>
         <value>0x2148</value>
      </symbol>
      <symbol id="sm-5d1">
         <name>Process_Buffer</name>
         <value>0x2000</value>
      </symbol>
      <symbol id="sm-5d2">
         <name>Process_Buffer_USB</name>
         <value>0x2088</value>
      </symbol>
      <symbol id="sm-5d3">
         <name>P6_LCheck</name>
         <value>0x9074</value>
         <object_component_ref idref="oc-582"/>
      </symbol>
      <symbol id="sm-5d4">
         <name>P6_RCheck</name>
         <value>0x9096</value>
         <object_component_ref idref="oc-588"/>
      </symbol>
      <symbol id="sm-5d5">
         <name>RIGHT_WHITE</name>
         <value>0x21dc</value>
         <object_component_ref idref="oc-4b8"/>
      </symbol>
      <symbol id="sm-5d6">
         <name>IOT_To_Buffer</name>
         <value>0x8594</value>
         <object_component_ref idref="oc-594"/>
      </symbol>
      <symbol id="sm-5d7">
         <name>Switch_State</name>
         <value>0x21d4</value>
         <object_component_ref idref="oc-4b8"/>
      </symbol>
      <symbol id="sm-5d8">
         <name>main</name>
         <value>0x8090</value>
         <object_component_ref idref="oc-4f8"/>
      </symbol>
      <symbol id="sm-5d9">
         <name>Carlson_StateMachine</name>
         <value>0x896c</value>
         <object_component_ref idref="oc-5ad"/>
      </symbol>
      <symbol id="sm-5da">
         <name>IR_Status</name>
         <value>0x21d6</value>
         <object_component_ref idref="oc-4b8"/>
      </symbol>
      <symbol id="sm-5db">
         <name>tx_buffer</name>
         <value>0x214a</value>
         <object_component_ref idref="oc-4ce"/>
      </symbol>
      <symbol id="sm-5dc">
         <name>tx_iot</name>
         <value>0x216c</value>
         <object_component_ref idref="oc-4d9"/>
      </symbol>
      <symbol id="sm-5dd">
         <name>buffer_row</name>
         <value>0x21de</value>
         <object_component_ref idref="oc-4b8"/>
      </symbol>
      <symbol id="sm-5de">
         <name>buffer_row_usb</name>
         <value>0x21e0</value>
         <object_component_ref idref="oc-4b8"/>
      </symbol>
      <symbol id="sm-5df">
         <name>Baudrate</name>
         <value>0x21d8</value>
         <object_component_ref idref="oc-4b8"/>
      </symbol>
      <symbol id="sm-5e0">
         <name>USB_To_Buffer</name>
         <value>0x8632</value>
         <object_component_ref idref="oc-59a"/>
      </symbol>
      <symbol id="sm-5e1">
         <name>LEFT_WHITE</name>
         <value>0x21da</value>
         <object_component_ref idref="oc-4b8"/>
      </symbol>
      <symbol id="sm-5e2">
         <name>Last_Time_Sequence</name>
         <value>0x21ce</value>
         <object_component_ref idref="oc-4b8"/>
      </symbol>
      <symbol id="sm-5e3">
         <name>ncsuLoop</name>
         <value>0x21e2</value>
         <object_component_ref idref="oc-4b8"/>
      </symbol>
      <symbol id="sm-5e4">
         <name>Init_Process_Buffer</name>
         <value>0x8cf4</value>
         <object_component_ref idref="oc-573"/>
      </symbol>
      <symbol id="sm-5e5">
         <name>clear_row</name>
         <value>0x8fb4</value>
         <object_component_ref idref="oc-6b4"/>
      </symbol>
      <symbol id="sm-5e6">
         <name>time_change</name>
         <value>0x21d2</value>
         <object_component_ref idref="oc-4b8"/>
      </symbol>
      <symbol id="sm-5e7">
         <name>cycle_time</name>
         <value>0x21d0</value>
         <object_component_ref idref="oc-4b8"/>
      </symbol>
      <symbol id="sm-628">
         <name>Forward_Test</name>
         <value>0x917e</value>
         <object_component_ref idref="oc-643"/>
      </symbol>
      <symbol id="sm-629">
         <name>Turn_Off_Motors</name>
         <value>0x91aa</value>
         <object_component_ref idref="oc-63d"/>
      </symbol>
      <symbol id="sm-62a">
         <name>Init_Port6</name>
         <value>0x84f0</value>
         <object_component_ref idref="oc-637"/>
      </symbol>
      <symbol id="sm-62b">
         <name>Init_Port4</name>
         <value>0x8802</value>
         <object_component_ref idref="oc-62b"/>
      </symbol>
      <symbol id="sm-62c">
         <name>Init_Port5</name>
         <value>0x8f50</value>
         <object_component_ref idref="oc-631"/>
      </symbol>
      <symbol id="sm-62d">
         <name>Init_Port2</name>
         <value>0x86d0</value>
         <object_component_ref idref="oc-61f"/>
      </symbol>
      <symbol id="sm-62e">
         <name>Init_Port3</name>
         <value>0x876a</value>
         <object_component_ref idref="oc-625"/>
      </symbol>
      <symbol id="sm-62f">
         <name>Init_Port1</name>
         <value>0x8caa</value>
         <object_component_ref idref="oc-619"/>
      </symbol>
      <symbol id="sm-630">
         <name>Init_Ports</name>
         <value>0x9052</value>
         <object_component_ref idref="oc-53d"/>
      </symbol>
      <symbol id="sm-641">
         <name>Switches_Process</name>
         <value>0x9228</value>
         <object_component_ref idref="oc-5b3"/>
      </symbol>
      <symbol id="sm-642">
         <name>sw2_position</name>
         <value>0x21fe</value>
         <object_component_ref idref="oc-4bb"/>
      </symbol>
      <symbol id="sm-643">
         <name>LEFT_BLACK</name>
         <value>0x2206</value>
         <object_component_ref idref="oc-4bb"/>
      </symbol>
      <symbol id="sm-644">
         <name>Shape_Count</name>
         <value>0x2204</value>
         <object_component_ref idref="oc-4bb"/>
      </symbol>
      <symbol id="sm-645">
         <name>sw1_position</name>
         <value>0x21fc</value>
         <object_component_ref idref="oc-4bb"/>
      </symbol>
      <symbol id="sm-646">
         <name>count_debounce_SW2</name>
         <value>0x2202</value>
         <object_component_ref idref="oc-4bb"/>
      </symbol>
      <symbol id="sm-647">
         <name>count_debounce_SW1</name>
         <value>0x2200</value>
         <object_component_ref idref="oc-4bb"/>
      </symbol>
      <symbol id="sm-648">
         <name>RIGHT_BLACK</name>
         <value>0x2208</value>
         <object_component_ref idref="oc-4bb"/>
      </symbol>
      <symbol id="sm-649">
         <name>okay_to_look_at_switch1</name>
         <value>0x21f8</value>
         <object_component_ref idref="oc-4bb"/>
      </symbol>
      <symbol id="sm-64a">
         <name>okay_to_look_at_switch2</name>
         <value>0x21fa</value>
         <object_component_ref idref="oc-4bb"/>
      </symbol>
      <symbol id="sm-653">
         <name>enable_interrupts</name>
         <value>0x920a</value>
         <object_component_ref idref="oc-652"/>
      </symbol>
      <symbol id="sm-679">
         <name>Init_Timers</name>
         <value>0x91fc</value>
         <object_component_ref idref="oc-54f"/>
      </symbol>
      <symbol id="sm-67a">
         <name>ms200Time_Sequence</name>
         <value>0x222e</value>
         <object_component_ref idref="oc-4e1"/>
      </symbol>
      <symbol id="sm-67b">
         <name>Init_Timer_B3</name>
         <value>0x8c5e</value>
         <object_component_ref idref="oc-665"/>
      </symbol>
      <symbol id="sm-67c">
         <name>Init_Timer_B1</name>
         <value>0x8eb4</value>
         <object_component_ref idref="oc-65f"/>
      </symbol>
      <symbol id="sm-67d">
         <name>Init_Timer_B0</name>
         <value>0x8bc0</value>
         <object_component_ref idref="oc-659"/>
      </symbol>
      <symbol id="sm-70e">
         <name>current_character</name>
         <value>0x2146</value>
      </symbol>
      <symbol id="sm-70f">
         <name>update_display</name>
         <value>0x2149</value>
      </symbol>
      <symbol id="sm-710">
         <name>display_changed</name>
         <value>0x2147</value>
      </symbol>
      <symbol id="sm-711">
         <name>display_line</name>
         <value>0x2110</value>
      </symbol>
      <symbol id="sm-712">
         <name>display</name>
         <value>0x213c</value>
      </symbol>
      <symbol id="sm-713">
         <name>ClrDisplay_Buffer_2</name>
         <value>0x9120</value>
         <object_component_ref idref="oc-727"/>
      </symbol>
      <symbol id="sm-714">
         <name>ClrDisplay_Buffer_3</name>
         <value>0x9138</value>
         <object_component_ref idref="oc-72d"/>
      </symbol>
      <symbol id="sm-715">
         <name>ClrDisplay_Buffer_0</name>
         <value>0x90f0</value>
         <object_component_ref idref="oc-71b"/>
      </symbol>
      <symbol id="sm-716">
         <name>ClrDisplay_Buffer_1</name>
         <value>0x9108</value>
         <object_component_ref idref="oc-721"/>
      </symbol>
      <symbol id="sm-717">
         <name>spi_chipselect_idle</name>
         <value>0x9194</value>
         <object_component_ref idref="oc-678"/>
      </symbol>
      <symbol id="sm-718">
         <name>WriteIns</name>
         <value>0x9008</value>
         <object_component_ref idref="oc-684"/>
      </symbol>
      <symbol id="sm-719">
         <name>spi_reset_active</name>
         <value>0x9218</value>
         <object_component_ref idref="oc-67e"/>
      </symbol>
      <symbol id="sm-71a">
         <name>WriteData</name>
         <value>0x8fe0</value>
         <object_component_ref idref="oc-77c"/>
      </symbol>
      <symbol id="sm-71b">
         <name>DisplayOnOff</name>
         <value>0x91e0</value>
         <object_component_ref idref="oc-690"/>
      </symbol>
      <symbol id="sm-71c">
         <name>spi_chipselect_active</name>
         <value>0x91be</value>
         <object_component_ref idref="oc-70e"/>
      </symbol>
      <symbol id="sm-71d">
         <name>lcd_out</name>
         <value>0x90d4</value>
         <object_component_ref idref="oc-73e"/>
      </symbol>
      <symbol id="sm-71e">
         <name>Display_Update</name>
         <value>0x8d3a</value>
         <object_component_ref idref="oc-6c3"/>
      </symbol>
      <symbol id="sm-71f">
         <name>Init_LCD</name>
         <value>0x836e</value>
         <object_component_ref idref="oc-555"/>
      </symbol>
      <symbol id="sm-720">
         <name>SPI_B1_write</name>
         <value>0x90b8</value>
         <object_component_ref idref="oc-714"/>
      </symbol>
      <symbol id="sm-721">
         <name>Init_SPI_B1</name>
         <value>0x8d7e</value>
         <object_component_ref idref="oc-66c"/>
      </symbol>
      <symbol id="sm-722">
         <name>spi_reset_idle</name>
         <value>0x921e</value>
         <object_component_ref idref="oc-672"/>
      </symbol>
      <symbol id="sm-723">
         <name>ClrDisplay</name>
         <value>0x9168</value>
         <object_component_ref idref="oc-68a"/>
      </symbol>
      <symbol id="sm-744">
         <name>__TI_decompress_lzss</name>
         <value>0x8280</value>
         <object_component_ref idref="oc-66"/>
      </symbol>
      <symbol id="sm-755">
         <name>__TI_decompress_none</name>
         <value>0x8e78</value>
         <object_component_ref idref="oc-6c"/>
      </symbol>
      <symbol id="sm-758">
         <name>__TI_int23</name>
         <value>0xffd0</value>
         <object_component_ref idref="oc-73"/>
      </symbol>
      <symbol id="sm-760">
         <name>__TI_ISR_TRAP</name>
         <value>0x959a</value>
         <object_component_ref idref="oc-43d"/>
      </symbol>
      <symbol id="sm-763">
         <name>__TI_int25</name>
         <value>0xffd4</value>
         <object_component_ref idref="oc-75"/>
      </symbol>
      <symbol id="sm-766">
         <name>__TI_int26</name>
         <value>0xffd6</value>
         <object_component_ref idref="oc-76"/>
      </symbol>
      <symbol id="sm-769">
         <name>__TI_int27</name>
         <value>0xffd8</value>
         <object_component_ref idref="oc-77"/>
      </symbol>
      <symbol id="sm-76c">
         <name>__TI_int28</name>
         <value>0xffda</value>
         <object_component_ref idref="oc-78"/>
      </symbol>
      <symbol id="sm-76f">
         <name>__TI_int30</name>
         <value>0xffde</value>
         <object_component_ref idref="oc-7a"/>
      </symbol>
      <symbol id="sm-772">
         <name>__TI_int31</name>
         <value>0xffe0</value>
         <object_component_ref idref="oc-7b"/>
      </symbol>
      <symbol id="sm-775">
         <name>__TI_int34</name>
         <value>0xffe6</value>
         <object_component_ref idref="oc-7e"/>
      </symbol>
      <symbol id="sm-778">
         <name>__TI_int35</name>
         <value>0xffe8</value>
         <object_component_ref idref="oc-7f"/>
      </symbol>
      <symbol id="sm-77b">
         <name>__TI_int36</name>
         <value>0xffea</value>
         <object_component_ref idref="oc-80"/>
      </symbol>
      <symbol id="sm-77e">
         <name>__TI_int37</name>
         <value>0xffec</value>
         <object_component_ref idref="oc-81"/>
      </symbol>
      <symbol id="sm-781">
         <name>__TI_int38</name>
         <value>0xffee</value>
         <object_component_ref idref="oc-82"/>
      </symbol>
      <symbol id="sm-784">
         <name>__TI_int39</name>
         <value>0xfff0</value>
         <object_component_ref idref="oc-83"/>
      </symbol>
      <symbol id="sm-787">
         <name>__TI_int44</name>
         <value>0xfffa</value>
         <object_component_ref idref="oc-88"/>
      </symbol>
      <symbol id="sm-78a">
         <name>__TI_int45</name>
         <value>0xfffc</value>
         <object_component_ref idref="oc-89"/>
      </symbol>
      <symbol id="sm-79a">
         <name>__TI_zero_init_nomemset</name>
         <value>0x8dfe</value>
         <object_component_ref idref="oc-472"/>
      </symbol>
      <symbol id="sm-7a5">
         <name>__memcpy_far</name>
         <value>0x8dbe</value>
         <object_component_ref idref="oc-42b"/>
      </symbol>
      <symbol id="sm-7ae">
         <name>__mspabi_mpyi_f5hw</name>
         <value>0x9150</value>
         <object_component_ref idref="oc-6a7"/>
      </symbol>
      <symbol id="sm-7c2">
         <name>_c_int00_noargs_mpu</name>
         <value>0x956c</value>
         <object_component_ref idref="oc-49c"/>
      </symbol>
      <symbol id="sm-7c3">
         <name>_stack</name>
         <value>0x2f60</value>
         <object_component_ref idref="oc-41c"/>
      </symbol>
      <symbol id="sm-7c4">
         <name>_reset_vector</name>
         <value>0xfffe</value>
         <object_component_ref idref="oc-41f"/>
      </symbol>
      <symbol id="sm-7d2">
         <name>__mpu_init</name>
         <value>0x8e3c</value>
         <object_component_ref idref="oc-50a"/>
      </symbol>
      <symbol id="sm-7f5">
         <name>__TI_auto_init_nobinit_nopinit_hold_wdt</name>
         <value>0x89d6</value>
         <object_component_ref idref="oc-5e4"/>
      </symbol>
      <symbol id="sm-7fe">
         <name>_system_post_cinit</name>
         <value>0x922a</value>
         <object_component_ref idref="oc-6dc"/>
      </symbol>
      <symbol id="sm-807">
         <name>_system_pre_init</name>
         <value>0x9224</value>
         <object_component_ref idref="oc-4f2"/>
      </symbol>
      <symbol id="sm-812">
         <name>C$$EXIT</name>
         <value>0x9212</value>
         <object_component_ref idref="oc-5c0"/>
      </symbol>
      <symbol id="sm-813">
         <name>abort</name>
         <value>0x9212</value>
         <object_component_ref idref="oc-5c0"/>
      </symbol>
      <symbol id="sm-823">
         <name>strcpy</name>
         <value>0x91d0</value>
         <object_component_ref idref="oc-57a"/>
      </symbol>
   </symbol_table>
   <title>Link successful</title>
</link_info>
