<?xml version="1.0" encoding="ISO-8859-1" ?>
<link_info>
   <banner>MSP430 Linker PC v21.6.1.LTS</banner>
   <copyright>Copyright (c) 2003-2018 Texas Instruments Incorporated</copyright>
   <link_time>0x67e41e36</link_time>
   <link_errors>0x0</link_errors>
   <output_file>Homework 8 b.out</output_file>
   <entry_point>
      <name>_c_int00_noargs_mpu</name>
      <address>0x98d4</address>
   </entry_point>
   <input_file_list>
      <input_file id="fl-2">
         <path>.\</path>
         <kind>object</kind>
         <file>ADC.obj</file>
         <name>ADC.obj</name>
      </input_file>
      <input_file id="fl-3">
         <path>.\</path>
         <kind>object</kind>
         <file>DAC.obj</file>
         <name>DAC.obj</name>
      </input_file>
      <input_file id="fl-4">
         <path>.\</path>
         <kind>object</kind>
         <file>UART.obj</file>
         <name>UART.obj</name>
      </input_file>
      <input_file id="fl-5">
         <path>.\</path>
         <kind>object</kind>
         <file>clocks.obj</file>
         <name>clocks.obj</name>
      </input_file>
      <input_file id="fl-6">
         <path>.\</path>
         <kind>object</kind>
         <file>display.obj</file>
         <name>display.obj</name>
      </input_file>
      <input_file id="fl-7">
         <path>.\</path>
         <kind>object</kind>
         <file>hexToBCD.obj</file>
         <name>hexToBCD.obj</name>
      </input_file>
      <input_file id="fl-8">
         <path>.\</path>
         <kind>object</kind>
         <file>init.obj</file>
         <name>init.obj</name>
      </input_file>
      <input_file id="fl-9">
         <path>.\</path>
         <kind>object</kind>
         <file>interrupt_ports.obj</file>
         <name>interrupt_ports.obj</name>
      </input_file>
      <input_file id="fl-a">
         <path>.\</path>
         <kind>object</kind>
         <file>interrupts_timers.obj</file>
         <name>interrupts_timers.obj</name>
      </input_file>
      <input_file id="fl-b">
         <path>.\</path>
         <kind>object</kind>
         <file>led.obj</file>
         <name>led.obj</name>
      </input_file>
      <input_file id="fl-c">
         <path>.\</path>
         <kind>object</kind>
         <file>main.obj</file>
         <name>main.obj</name>
      </input_file>
      <input_file id="fl-d">
         <path>.\</path>
         <kind>object</kind>
         <file>ports.obj</file>
         <name>ports.obj</name>
      </input_file>
      <input_file id="fl-e">
         <path>.\</path>
         <kind>object</kind>
         <file>switches.obj</file>
         <name>switches.obj</name>
      </input_file>
      <input_file id="fl-f">
         <path>.\</path>
         <kind>object</kind>
         <file>system.obj</file>
         <name>system.obj</name>
      </input_file>
      <input_file id="fl-10">
         <path>.\</path>
         <kind>object</kind>
         <file>timers.obj</file>
         <name>timers.obj</name>
      </input_file>
      <input_file id="fl-11">
         <path>.\</path>
         <kind>object</kind>
         <file>unused_functions.obj</file>
         <name>unused_functions.obj</name>
      </input_file>
      <input_file id="fl-12">
         <path>.\</path>
         <kind>object</kind>
         <file>wheels.obj</file>
         <name>wheels.obj</name>
      </input_file>
      <input_file id="fl-13">
         <path>..\Compiled\</path>
         <kind>object</kind>
         <file>LCD.obj</file>
         <name>LCD.obj</name>
      </input_file>
      <input_file id="fl-19">
         <kind>object</kind>
         <file>&lt;internal&gt;</file>
         <name>&lt;internal&gt;</name>
      </input_file>
      <input_file id="fl-34">
         <path>C:\ti\ccs1280\ccs\tools\compiler\ti-cgt-msp430_21.6.1.LTS\lib\</path>
         <kind>archive</kind>
         <file>rts430x_lc_sd_eabi.lib</file>
         <name>copy_decompress_lzss.c.obj</name>
      </input_file>
      <input_file id="fl-35">
         <path>C:\ti\ccs1280\ccs\tools\compiler\ti-cgt-msp430_21.6.1.LTS\lib\</path>
         <kind>archive</kind>
         <file>rts430x_lc_sd_eabi.lib</file>
         <name>copy_decompress_none.c.obj</name>
      </input_file>
      <input_file id="fl-36">
         <path>C:\ti\ccs1280\ccs\tools\compiler\ti-cgt-msp430_21.6.1.LTS\lib\</path>
         <kind>archive</kind>
         <file>rts430x_lc_sd_eabi.lib</file>
         <name>int23.asm.obj</name>
      </input_file>
      <input_file id="fl-37">
         <path>C:\ti\ccs1280\ccs\tools\compiler\ti-cgt-msp430_21.6.1.LTS\lib\</path>
         <kind>archive</kind>
         <file>rts430x_lc_sd_eabi.lib</file>
         <name>isr_trap.asm.obj</name>
      </input_file>
      <input_file id="fl-38">
         <path>C:\ti\ccs1280\ccs\tools\compiler\ti-cgt-msp430_21.6.1.LTS\lib\</path>
         <kind>archive</kind>
         <file>rts430x_lc_sd_eabi.lib</file>
         <name>int25.asm.obj</name>
      </input_file>
      <input_file id="fl-39">
         <path>C:\ti\ccs1280\ccs\tools\compiler\ti-cgt-msp430_21.6.1.LTS\lib\</path>
         <kind>archive</kind>
         <file>rts430x_lc_sd_eabi.lib</file>
         <name>int26.asm.obj</name>
      </input_file>
      <input_file id="fl-3a">
         <path>C:\ti\ccs1280\ccs\tools\compiler\ti-cgt-msp430_21.6.1.LTS\lib\</path>
         <kind>archive</kind>
         <file>rts430x_lc_sd_eabi.lib</file>
         <name>int27.asm.obj</name>
      </input_file>
      <input_file id="fl-3b">
         <path>C:\ti\ccs1280\ccs\tools\compiler\ti-cgt-msp430_21.6.1.LTS\lib\</path>
         <kind>archive</kind>
         <file>rts430x_lc_sd_eabi.lib</file>
         <name>int28.asm.obj</name>
      </input_file>
      <input_file id="fl-3c">
         <path>C:\ti\ccs1280\ccs\tools\compiler\ti-cgt-msp430_21.6.1.LTS\lib\</path>
         <kind>archive</kind>
         <file>rts430x_lc_sd_eabi.lib</file>
         <name>int30.asm.obj</name>
      </input_file>
      <input_file id="fl-3d">
         <path>C:\ti\ccs1280\ccs\tools\compiler\ti-cgt-msp430_21.6.1.LTS\lib\</path>
         <kind>archive</kind>
         <file>rts430x_lc_sd_eabi.lib</file>
         <name>int31.asm.obj</name>
      </input_file>
      <input_file id="fl-3e">
         <path>C:\ti\ccs1280\ccs\tools\compiler\ti-cgt-msp430_21.6.1.LTS\lib\</path>
         <kind>archive</kind>
         <file>rts430x_lc_sd_eabi.lib</file>
         <name>int34.asm.obj</name>
      </input_file>
      <input_file id="fl-3f">
         <path>C:\ti\ccs1280\ccs\tools\compiler\ti-cgt-msp430_21.6.1.LTS\lib\</path>
         <kind>archive</kind>
         <file>rts430x_lc_sd_eabi.lib</file>
         <name>int35.asm.obj</name>
      </input_file>
      <input_file id="fl-40">
         <path>C:\ti\ccs1280\ccs\tools\compiler\ti-cgt-msp430_21.6.1.LTS\lib\</path>
         <kind>archive</kind>
         <file>rts430x_lc_sd_eabi.lib</file>
         <name>int36.asm.obj</name>
      </input_file>
      <input_file id="fl-41">
         <path>C:\ti\ccs1280\ccs\tools\compiler\ti-cgt-msp430_21.6.1.LTS\lib\</path>
         <kind>archive</kind>
         <file>rts430x_lc_sd_eabi.lib</file>
         <name>int37.asm.obj</name>
      </input_file>
      <input_file id="fl-42">
         <path>C:\ti\ccs1280\ccs\tools\compiler\ti-cgt-msp430_21.6.1.LTS\lib\</path>
         <kind>archive</kind>
         <file>rts430x_lc_sd_eabi.lib</file>
         <name>int38.asm.obj</name>
      </input_file>
      <input_file id="fl-43">
         <path>C:\ti\ccs1280\ccs\tools\compiler\ti-cgt-msp430_21.6.1.LTS\lib\</path>
         <kind>archive</kind>
         <file>rts430x_lc_sd_eabi.lib</file>
         <name>int39.asm.obj</name>
      </input_file>
      <input_file id="fl-44">
         <path>C:\ti\ccs1280\ccs\tools\compiler\ti-cgt-msp430_21.6.1.LTS\lib\</path>
         <kind>archive</kind>
         <file>rts430x_lc_sd_eabi.lib</file>
         <name>int44.asm.obj</name>
      </input_file>
      <input_file id="fl-45">
         <path>C:\ti\ccs1280\ccs\tools\compiler\ti-cgt-msp430_21.6.1.LTS\lib\</path>
         <kind>archive</kind>
         <file>rts430x_lc_sd_eabi.lib</file>
         <name>int45.asm.obj</name>
      </input_file>
      <input_file id="fl-46">
         <path>C:\ti\ccs1280\ccs\tools\compiler\ti-cgt-msp430_21.6.1.LTS\lib\</path>
         <kind>archive</kind>
         <file>rts430x_lc_sd_eabi.lib</file>
         <name>copy_zero_init.c.obj</name>
      </input_file>
      <input_file id="fl-47">
         <path>C:\ti\ccs1280\ccs\tools\compiler\ti-cgt-msp430_21.6.1.LTS\lib\</path>
         <kind>archive</kind>
         <file>rts430x_lc_sd_eabi.lib</file>
         <name>cpy_util.asm.obj</name>
      </input_file>
      <input_file id="fl-48">
         <path>C:\ti\ccs1280\ccs\tools\compiler\ti-cgt-msp430_21.6.1.LTS\lib\</path>
         <kind>archive</kind>
         <file>rts430x_lc_sd_eabi.lib</file>
         <name>mult16.asm.obj</name>
      </input_file>
      <input_file id="fl-49">
         <path>C:\ti\ccs1280\ccs\tools\compiler\ti-cgt-msp430_21.6.1.LTS\lib\</path>
         <kind>archive</kind>
         <file>rts430x_lc_sd_eabi.lib</file>
         <name>mult16_f5hw.asm.obj</name>
      </input_file>
      <input_file id="fl-4a">
         <path>C:\ti\ccs1280\ccs\tools\compiler\ti-cgt-msp430_21.6.1.LTS\lib\</path>
         <kind>archive</kind>
         <file>rts430x_lc_sd_eabi.lib</file>
         <name>mult32_f5hw.asm.obj</name>
      </input_file>
      <input_file id="fl-4b">
         <path>C:\ti\ccs1280\ccs\tools\compiler\ti-cgt-msp430_21.6.1.LTS\lib\</path>
         <kind>archive</kind>
         <file>rts430x_lc_sd_eabi.lib</file>
         <name>mult64_f5hw.asm.obj</name>
      </input_file>
      <input_file id="fl-4c">
         <path>C:\ti\ccs1280\ccs\tools\compiler\ti-cgt-msp430_21.6.1.LTS\lib\</path>
         <kind>archive</kind>
         <file>rts430x_lc_sd_eabi.lib</file>
         <name>mult1632_f5hw.asm.obj</name>
      </input_file>
      <input_file id="fl-4d">
         <path>C:\ti\ccs1280\ccs\tools\compiler\ti-cgt-msp430_21.6.1.LTS\lib\</path>
         <kind>archive</kind>
         <file>rts430x_lc_sd_eabi.lib</file>
         <name>mult3264_f5hw.asm.obj</name>
      </input_file>
      <input_file id="fl-4e">
         <path>C:\ti\ccs1280\ccs\tools\compiler\ti-cgt-msp430_21.6.1.LTS\lib\</path>
         <kind>archive</kind>
         <file>rts430x_lc_sd_eabi.lib</file>
         <name>boot.c.obj</name>
      </input_file>
      <input_file id="fl-4f">
         <path>C:\ti\ccs1280\ccs\ccs_base\msp430\lib\FR2xx\</path>
         <kind>archive</kind>
         <file>FRWP_INIT_LIB_CCS_msp430_large_code_small_data.lib</file>
         <name>frwp_init.obj</name>
      </input_file>
      <input_file id="fl-50">
         <path>C:\ti\ccs1280\ccs\tools\compiler\ti-cgt-msp430_21.6.1.LTS\lib\</path>
         <kind>archive</kind>
         <file>rts430x_lc_sd_eabi.lib</file>
         <name>args_main.c.obj</name>
      </input_file>
      <input_file id="fl-51">
         <path>C:\ti\ccs1280\ccs\tools\compiler\ti-cgt-msp430_21.6.1.LTS\lib\</path>
         <kind>archive</kind>
         <file>rts430x_lc_sd_eabi.lib</file>
         <name>autoinit.c.obj</name>
      </input_file>
      <input_file id="fl-52">
         <path>C:\ti\ccs1280\ccs\tools\compiler\ti-cgt-msp430_21.6.1.LTS\lib\</path>
         <kind>archive</kind>
         <file>rts430x_lc_sd_eabi.lib</file>
         <name>startup.c.obj</name>
      </input_file>
      <input_file id="fl-53">
         <path>C:\ti\ccs1280\ccs\tools\compiler\ti-cgt-msp430_21.6.1.LTS\lib\</path>
         <kind>archive</kind>
         <file>rts430x_lc_sd_eabi.lib</file>
         <name>pre_init.c.obj</name>
      </input_file>
      <input_file id="fl-54">
         <path>C:\ti\ccs1280\ccs\tools\compiler\ti-cgt-msp430_21.6.1.LTS\lib\</path>
         <kind>archive</kind>
         <file>rts430x_lc_sd_eabi.lib</file>
         <name>cpy_tbl.c.obj</name>
      </input_file>
      <input_file id="fl-55">
         <path>C:\ti\ccs1280\ccs\tools\compiler\ti-cgt-msp430_21.6.1.LTS\lib\</path>
         <kind>archive</kind>
         <file>rts430x_lc_sd_eabi.lib</file>
         <name>exit.c.obj</name>
      </input_file>
      <input_file id="fl-56">
         <path>C:\ti\ccs1280\ccs\tools\compiler\ti-cgt-msp430_21.6.1.LTS\lib\</path>
         <kind>archive</kind>
         <file>rts430x_lc_sd_eabi.lib</file>
         <name>exit_gvars.c.obj</name>
      </input_file>
      <input_file id="fl-57">
         <path>C:\ti\ccs1280\ccs\tools\compiler\ti-cgt-msp430_21.6.1.LTS\lib\</path>
         <kind>archive</kind>
         <file>rts430x_lc_sd_eabi.lib</file>
         <name>_lock.c.obj</name>
      </input_file>
      <input_file id="fl-58">
         <path>C:\ti\ccs1280\ccs\tools\compiler\ti-cgt-msp430_21.6.1.LTS\lib\</path>
         <kind>archive</kind>
         <file>rts430x_lc_sd_eabi.lib</file>
         <name>memcpy.c.obj</name>
      </input_file>
      <input_file id="fl-59">
         <path>C:\ti\ccs1280\ccs\tools\compiler\ti-cgt-msp430_21.6.1.LTS\lib\</path>
         <kind>archive</kind>
         <file>rts430x_lc_sd_eabi.lib</file>
         <name>strcpy.c.obj</name>
      </input_file>
   </input_file_list>
   <object_component_list>
      <object_component id="oc-837">
         <name>.cinit..data.load</name>
         <load_address>0x8000</load_address>
         <run_address>0x8000</run_address>
         <size>0x31</size>
      </object_component>
      <object_component id="oc-834">
         <name>__TI_handler_table</name>
         <load_address>0x8032</load_address>
         <run_address>0x8032</run_address>
         <size>0xc</size>
      </object_component>
      <object_component id="oc-836">
         <name>.cinit..bss.load</name>
         <load_address>0x803e</load_address>
         <run_address>0x803e</run_address>
         <size>0x6</size>
      </object_component>
      <object_component id="oc-835">
         <name>__TI_cinit_table</name>
         <load_address>0x8044</load_address>
         <run_address>0x8044</run_address>
         <size>0x10</size>
      </object_component>
      <object_component id="oc-7d4">
         <name>.binit</name>
         <load_address>0x8054</load_address>
         <run_address>0x8054</run_address>
         <size>0x0</size>
      </object_component>
      <object_component id="oc-69a">
         <name>.const:.string</name>
         <load_address>0x8054</load_address>
         <run_address>0x8054</run_address>
         <size>0x9c</size>
         <input_file_ref idref="fl-12"/>
      </object_component>
      <object_component id="oc-562">
         <name>.const:.string</name>
         <load_address>0x80f0</load_address>
         <run_address>0x80f0</run_address>
         <size>0xc</size>
         <input_file_ref idref="fl-c"/>
      </object_component>
      <object_component id="oc-56c">
         <name>.text:Wheels_Process</name>
         <load_address>0x80fc</load_address>
         <run_address>0x80fc</run_address>
         <size>0x26a</size>
         <input_file_ref idref="fl-12"/>
      </object_component>
      <object_component id="oc-4f0">
         <name>.text:main</name>
         <load_address>0x8366</load_address>
         <run_address>0x8366</run_address>
         <size>0x106</size>
         <input_file_ref idref="fl-c"/>
      </object_component>
      <object_component id="oc-66">
         <name>.text:decompress:lzss:__TI_decompress_lzss</name>
         <load_address>0x846c</load_address>
         <run_address>0x846c</run_address>
         <size>0xee</size>
         <input_file_ref idref="fl-34"/>
      </object_component>
      <object_component id="oc-549">
         <name>.text:Init_LCD</name>
         <load_address>0x855a</load_address>
         <run_address>0x855a</run_address>
         <size>0xc4</size>
         <input_file_ref idref="fl-13"/>
      </object_component>
      <object_component id="oc-62d">
         <name>.text:Software_Trim</name>
         <load_address>0x861e</load_address>
         <run_address>0x861e</run_address>
         <size>0xbe</size>
         <input_file_ref idref="fl-5"/>
      </object_component>
      <object_component id="oc-61a">
         <name>.text:Init_Port6</name>
         <load_address>0x86dc</load_address>
         <run_address>0x86dc</run_address>
         <size>0xa4</size>
         <input_file_ref idref="fl-d"/>
      </object_component>
      <object_component id="oc-602">
         <name>.text:Init_Port2</name>
         <load_address>0x8780</load_address>
         <run_address>0x8780</run_address>
         <size>0x9a</size>
         <input_file_ref idref="fl-d"/>
      </object_component>
      <object_component id="oc-608">
         <name>.text:Init_Port3</name>
         <load_address>0x881a</load_address>
         <run_address>0x881a</run_address>
         <size>0x98</size>
         <input_file_ref idref="fl-d"/>
      </object_component>
      <object_component id="oc-60e">
         <name>.text:Init_Port4</name>
         <load_address>0x88b2</load_address>
         <run_address>0x88b2</run_address>
         <size>0x86</size>
         <input_file_ref idref="fl-d"/>
      </object_component>
      <object_component id="oc-6bc">
         <name>.text:TIMERtoBCD</name>
         <load_address>0x8938</load_address>
         <run_address>0x8938</run_address>
         <size>0x80</size>
         <input_file_ref idref="fl-7"/>
      </object_component>
      <object_component id="oc-6b0">
         <name>.text:HEXtoBCD</name>
         <load_address>0x89b8</load_address>
         <run_address>0x89b8</run_address>
         <size>0x76</size>
         <input_file_ref idref="fl-7"/>
      </object_component>
      <object_component id="oc-6a1">
         <name>.text:move_out_case</name>
         <load_address>0x8a2e</load_address>
         <run_address>0x8a2e</run_address>
         <size>0x70</size>
         <input_file_ref idref="fl-12"/>
      </object_component>
      <object_component id="oc-54f">
         <name>.text:Init_ADC</name>
         <load_address>0x8a9e</load_address>
         <run_address>0x8a9e</run_address>
         <size>0x6e</size>
         <input_file_ref idref="fl-2"/>
      </object_component>
      <object_component id="oc-584">
         <name>.text:Carlson_StateMachine</name>
         <load_address>0x8b0c</load_address>
         <run_address>0x8b0c</run_address>
         <size>0x6a</size>
         <input_file_ref idref="fl-c"/>
      </object_component>
      <object_component id="oc-6d0">
         <name>.text:Switch2_Process</name>
         <load_address>0x8b76</load_address>
         <run_address>0x8b76</run_address>
         <size>0x6a</size>
         <input_file_ref idref="fl-e"/>
      </object_component>
      <object_component id="oc-5c7">
         <name>.text:__TI_auto_init_nobinit_nopinit_hold_wdt:__TI_auto_init_nobinit_nopinit_hold_wdt</name>
         <load_address>0x8be0</load_address>
         <run_address>0x8be0</run_address>
         <size>0x6a</size>
         <input_file_ref idref="fl-51"/>
      </object_component>
      <object_component id="oc-537">
         <name>.text:Init_Clocks</name>
         <load_address>0x8c4a</load_address>
         <run_address>0x8c4a</run_address>
         <size>0x68</size>
         <input_file_ref idref="fl-5"/>
      </object_component>
      <object_component id="oc-53d">
         <name>.text:Init_Conditions</name>
         <load_address>0x8cb2</load_address>
         <run_address>0x8cb2</run_address>
         <size>0x68</size>
         <input_file_ref idref="fl-8"/>
      </object_component>
      <object_component id="oc-596">
         <name>.text:LINE_CHECK</name>
         <load_address>0x8d1a</load_address>
         <run_address>0x8d1a</run_address>
         <size>0x60</size>
         <input_file_ref idref="fl-12"/>
      </object_component>
      <object_component id="oc-68e">
         <name>.text:intercept_case</name>
         <load_address>0x8d7a</load_address>
         <run_address>0x8d7a</run_address>
         <size>0x58</size>
         <input_file_ref idref="fl-12"/>
      </object_component>
      <object_component id="oc-63c">
         <name>.text:Init_Timer_B0</name>
         <load_address>0x8dd2</load_address>
         <run_address>0x8dd2</run_address>
         <size>0x50</size>
         <input_file_ref idref="fl-10"/>
      </object_component>
      <object_component id="oc-6ca">
         <name>.text:Switch1_Process</name>
         <load_address>0x8e22</load_address>
         <run_address>0x8e22</run_address>
         <size>0x50</size>
         <input_file_ref idref="fl-e"/>
      </object_component>
      <object_component id="oc-555">
         <name>.text:Init_DAC</name>
         <load_address>0x8e72</load_address>
         <run_address>0x8e72</run_address>
         <size>0x4e</size>
         <input_file_ref idref="fl-3"/>
      </object_component>
      <object_component id="oc-57e">
         <name>.text:LCD_update_ADC</name>
         <load_address>0x8ec0</load_address>
         <run_address>0x8ec0</run_address>
         <size>0x4e</size>
         <input_file_ref idref="fl-6"/>
      </object_component>
      <object_component id="oc-648">
         <name>.text:Init_Timer_B3</name>
         <load_address>0x8f0e</load_address>
         <run_address>0x8f0e</run_address>
         <size>0x4c</size>
         <input_file_ref idref="fl-10"/>
      </object_component>
      <object_component id="oc-5fc">
         <name>.text:Init_Port1</name>
         <load_address>0x8f5a</load_address>
         <run_address>0x8f5a</run_address>
         <size>0x4a</size>
         <input_file_ref idref="fl-d"/>
      </object_component>
      <object_component id="oc-6d7">
         <name>.text:Display_Update</name>
         <load_address>0x8fa4</load_address>
         <run_address>0x8fa4</run_address>
         <size>0x44</size>
         <input_file_ref idref="fl-13"/>
      </object_component>
      <object_component id="oc-67c">
         <name>.text:Init_Serial_UCA0</name>
         <load_address>0x8fe8</load_address>
         <run_address>0x8fe8</run_address>
         <size>0x44</size>
         <input_file_ref idref="fl-4"/>
      </object_component>
      <object_component id="oc-682">
         <name>.text:Init_Serial_UCA1</name>
         <load_address>0x902c</load_address>
         <run_address>0x902c</run_address>
         <size>0x44</size>
         <input_file_ref idref="fl-4"/>
      </object_component>
      <object_component id="oc-64f">
         <name>.text:Init_SPI_B1</name>
         <load_address>0x9070</load_address>
         <run_address>0x9070</run_address>
         <size>0x40</size>
         <input_file_ref idref="fl-13"/>
      </object_component>
      <object_component id="oc-42b">
         <name>.text:__memcpy_far</name>
         <load_address>0x90b0</load_address>
         <run_address>0x90b0</run_address>
         <size>0x40</size>
         <input_file_ref idref="fl-47"/>
      </object_component>
      <object_component id="oc-6de">
         <name>.text:black_line_check</name>
         <load_address>0x90f0</load_address>
         <run_address>0x90f0</run_address>
         <size>0x40</size>
         <input_file_ref idref="fl-12"/>
      </object_component>
      <object_component id="oc-694">
         <name>.text:wait_case</name>
         <load_address>0x9130</load_address>
         <run_address>0x9130</run_address>
         <size>0x40</size>
         <input_file_ref idref="fl-12"/>
      </object_component>
      <object_component id="oc-472">
         <name>.text:decompress:ZI:__TI_zero_init_nomemset:__TI_zero_init_nomemset</name>
         <load_address>0x9170</load_address>
         <run_address>0x9170</run_address>
         <size>0x3e</size>
         <input_file_ref idref="fl-46"/>
      </object_component>
      <object_component id="oc-502">
         <name>.text:__mpu_init</name>
         <load_address>0x91ae</load_address>
         <run_address>0x91ae</run_address>
         <size>0x3c</size>
         <input_file_ref idref="fl-4f"/>
      </object_component>
      <object_component id="oc-6c">
         <name>.text:decompress:none:__TI_decompress_none</name>
         <load_address>0x91ea</load_address>
         <run_address>0x91ea</run_address>
         <size>0x3c</size>
         <input_file_ref idref="fl-35"/>
      </object_component>
      <object_component id="oc-69b">
         <name>.text:start_case</name>
         <load_address>0x9226</load_address>
         <run_address>0x9226</run_address>
         <size>0x3a</size>
         <input_file_ref idref="fl-12"/>
      </object_component>
      <object_component id="oc-6c2">
         <name>.text:timer_line</name>
         <load_address>0x9260</load_address>
         <run_address>0x9260</run_address>
         <size>0x38</size>
         <input_file_ref idref="fl-7"/>
      </object_component>
      <object_component id="oc-642">
         <name>.text:Init_Timer_B1</name>
         <load_address>0x9298</load_address>
         <run_address>0x9298</run_address>
         <size>0x36</size>
         <input_file_ref idref="fl-10"/>
      </object_component>
      <object_component id="oc-6b6">
         <name>.text:adc_line</name>
         <load_address>0x92ce</load_address>
         <run_address>0x92ce</run_address>
         <size>0x34</size>
         <input_file_ref idref="fl-7"/>
      </object_component>
      <object_component id="oc-614">
         <name>.text:Init_Port5</name>
         <load_address>0x9302</load_address>
         <run_address>0x9302</run_address>
         <size>0x32</size>
         <input_file_ref idref="fl-d"/>
      </object_component>
      <object_component id="oc-6a7">
         <name>.text:end_case</name>
         <load_address>0x9334</load_address>
         <run_address>0x9334</run_address>
         <size>0x32</size>
         <input_file_ref idref="fl-12"/>
      </object_component>
      <object_component id="oc-7b5">
         <name>.text:WriteData</name>
         <load_address>0x9366</load_address>
         <run_address>0x9366</run_address>
         <size>0x28</size>
         <input_file_ref idref="fl-13"/>
      </object_component>
      <object_component id="oc-667">
         <name>.text:WriteIns</name>
         <load_address>0x938e</load_address>
         <run_address>0x938e</run_address>
         <size>0x28</size>
         <input_file_ref idref="fl-13"/>
      </object_component>
      <object_component id="oc-590">
         <name>.text:Display_Process</name>
         <load_address>0x93b6</load_address>
         <run_address>0x93b6</run_address>
         <size>0x22</size>
         <input_file_ref idref="fl-6"/>
      </object_component>
      <object_component id="oc-531">
         <name>.text:Init_Ports</name>
         <load_address>0x93d8</load_address>
         <run_address>0x93d8</run_address>
         <size>0x22</size>
         <input_file_ref idref="fl-d"/>
      </object_component>
      <object_component id="oc-572">
         <name>.text:P6_LCheck</name>
         <load_address>0x93fa</load_address>
         <run_address>0x93fa</run_address>
         <size>0x22</size>
         <input_file_ref idref="fl-c"/>
      </object_component>
      <object_component id="oc-578">
         <name>.text:P6_RCheck</name>
         <load_address>0x941c</load_address>
         <run_address>0x941c</run_address>
         <size>0x22</size>
         <input_file_ref idref="fl-c"/>
      </object_component>
      <object_component id="oc-730">
         <name>.text:SPI_B1_write</name>
         <load_address>0x943e</load_address>
         <run_address>0x943e</run_address>
         <size>0x1c</size>
         <input_file_ref idref="fl-13"/>
      </object_component>
      <object_component id="oc-770">
         <name>.text:lcd_out</name>
         <load_address>0x945a</load_address>
         <run_address>0x945a</run_address>
         <size>0x1c</size>
         <input_file_ref idref="fl-13"/>
      </object_component>
      <object_component id="oc-737">
         <name>.text:ClrDisplay_Buffer_0</name>
         <load_address>0x9476</load_address>
         <run_address>0x9476</run_address>
         <size>0x18</size>
         <input_file_ref idref="fl-13"/>
      </object_component>
      <object_component id="oc-73d">
         <name>.text:ClrDisplay_Buffer_1</name>
         <load_address>0x948e</load_address>
         <run_address>0x948e</run_address>
         <size>0x18</size>
         <input_file_ref idref="fl-13"/>
      </object_component>
      <object_component id="oc-743">
         <name>.text:ClrDisplay_Buffer_2</name>
         <load_address>0x94a6</load_address>
         <run_address>0x94a6</run_address>
         <size>0x18</size>
         <input_file_ref idref="fl-13"/>
      </object_component>
      <object_component id="oc-749">
         <name>.text:ClrDisplay_Buffer_3</name>
         <load_address>0x94be</load_address>
         <run_address>0x94be</run_address>
         <size>0x18</size>
         <input_file_ref idref="fl-13"/>
      </object_component>
      <object_component id="oc-763">
         <name>.text</name>
         <load_address>0x94d6</load_address>
         <run_address>0x94d6</run_address>
         <size>0x18</size>
         <input_file_ref idref="fl-49"/>
      </object_component>
      <object_component id="oc-66d">
         <name>.text:ClrDisplay</name>
         <load_address>0x94ee</load_address>
         <run_address>0x94ee</run_address>
         <size>0x16</size>
         <input_file_ref idref="fl-13"/>
      </object_component>
      <object_component id="oc-626">
         <name>.text:Forward_Test</name>
         <load_address>0x9504</load_address>
         <run_address>0x9504</run_address>
         <size>0x16</size>
         <input_file_ref idref="fl-d"/>
      </object_component>
      <object_component id="oc-65b">
         <name>.text:spi_chipselect_idle</name>
         <load_address>0x951a</load_address>
         <run_address>0x951a</run_address>
         <size>0x16</size>
         <input_file_ref idref="fl-13"/>
      </object_component>
      <object_component id="oc-620">
         <name>.text:Turn_Off_Motors</name>
         <load_address>0x9530</load_address>
         <run_address>0x9530</run_address>
         <size>0x14</size>
         <input_file_ref idref="fl-d"/>
      </object_component>
      <object_component id="oc-59c">
         <name>.text:Wheel_Stop</name>
         <load_address>0x9544</load_address>
         <run_address>0x9544</run_address>
         <size>0x12</size>
         <input_file_ref idref="fl-12"/>
      </object_component>
      <object_component id="oc-72a">
         <name>.text:spi_chipselect_active</name>
         <load_address>0x9556</load_address>
         <run_address>0x9556</run_address>
         <size>0x12</size>
         <input_file_ref idref="fl-13"/>
      </object_component>
      <object_component id="oc-563">
         <name>.text:strcpy</name>
         <load_address>0x9568</load_address>
         <run_address>0x9568</run_address>
         <size>0x10</size>
         <input_file_ref idref="fl-59"/>
      </object_component>
      <object_component id="oc-673">
         <name>.text:DisplayOnOff</name>
         <load_address>0x9578</load_address>
         <run_address>0x9578</run_address>
         <size>0xe</size>
         <input_file_ref idref="fl-13"/>
      </object_component>
      <object_component id="oc-543">
         <name>.text:Init_Timers</name>
         <load_address>0x9586</load_address>
         <run_address>0x9586</run_address>
         <size>0xe</size>
         <input_file_ref idref="fl-10"/>
      </object_component>
      <object_component id="oc-55b">
         <name>.text:Init_Serial</name>
         <load_address>0x9594</load_address>
         <run_address>0x9594</run_address>
         <size>0xa</size>
         <input_file_ref idref="fl-4"/>
      </object_component>
      <object_component id="oc-58a">
         <name>.text:Switches_Process</name>
         <load_address>0x959e</load_address>
         <run_address>0x959e</run_address>
         <size>0xa</size>
         <input_file_ref idref="fl-e"/>
      </object_component>
      <object_component id="oc-635">
         <name>.text:enable_interrupts</name>
         <load_address>0x95a8</load_address>
         <run_address>0x95a8</run_address>
         <size>0x8</size>
         <input_file_ref idref="fl-f"/>
      </object_component>
      <object_component id="oc-5a3">
         <name>.text:abort</name>
         <load_address>0x95b0</load_address>
         <run_address>0x95b0</run_address>
         <size>0x6</size>
         <input_file_ref idref="fl-55"/>
      </object_component>
      <object_component id="oc-661">
         <name>.text:spi_reset_active</name>
         <load_address>0x95b6</load_address>
         <run_address>0x95b6</run_address>
         <size>0x6</size>
         <input_file_ref idref="fl-13"/>
      </object_component>
      <object_component id="oc-655">
         <name>.text:spi_reset_idle</name>
         <load_address>0x95bc</load_address>
         <run_address>0x95bc</run_address>
         <size>0x6</size>
         <input_file_ref idref="fl-13"/>
      </object_component>
      <object_component id="oc-4ea">
         <name>.text:_system_pre_init</name>
         <load_address>0x95c2</load_address>
         <run_address>0x95c2</run_address>
         <size>0x4</size>
         <input_file_ref idref="fl-53"/>
      </object_component>
      <object_component id="oc-6f8">
         <name>.text:_system_post_cinit</name>
         <load_address>0x95c6</load_address>
         <run_address>0x95c6</run_address>
         <size>0x2</size>
         <input_file_ref idref="fl-52"/>
      </object_component>
      <object_component id="oc-448">
         <name>.text:_isr:ADC_ISR</name>
         <load_address>0x95c8</load_address>
         <run_address>0x95c8</run_address>
         <size>0xec</size>
         <input_file_ref idref="fl-2"/>
      </object_component>
      <object_component id="oc-466">
         <name>.text:_isr:Timer0_B1_ISR</name>
         <load_address>0x96b4</load_address>
         <run_address>0x96b4</run_address>
         <size>0x78</size>
         <input_file_ref idref="fl-a"/>
      </object_component>
      <object_component id="oc-454">
         <name>.text:_isr:eUSCI_A0_ISR</name>
         <load_address>0x972c</load_address>
         <run_address>0x972c</run_address>
         <size>0x66</size>
         <input_file_ref idref="fl-4"/>
      </object_component>
      <object_component id="oc-44e">
         <name>.text:_isr:eUSCI_A1_ISR</name>
         <load_address>0x9792</load_address>
         <run_address>0x9792</run_address>
         <size>0x64</size>
         <input_file_ref idref="fl-4"/>
      </object_component>
      <object_component id="oc-437">
         <name>.text:_isr:switch1_interrupt</name>
         <load_address>0x97f6</load_address>
         <run_address>0x97f6</run_address>
         <size>0x3e</size>
         <input_file_ref idref="fl-9"/>
      </object_component>
      <object_component id="oc-460">
         <name>.text:_isr:Timer1_B0_ISR</name>
         <load_address>0x9834</load_address>
         <run_address>0x9834</run_address>
         <size>0x3c</size>
         <input_file_ref idref="fl-a"/>
      </object_component>
      <object_component id="oc-442">
         <name>.text:_isr:switch2_interrupt</name>
         <load_address>0x9870</load_address>
         <run_address>0x9870</run_address>
         <size>0x3a</size>
         <input_file_ref idref="fl-9"/>
      </object_component>
      <object_component id="oc-46c">
         <name>.text:_isr:Timer0_B0_ISR</name>
         <load_address>0x98aa</load_address>
         <run_address>0x98aa</run_address>
         <size>0x2a</size>
         <input_file_ref idref="fl-a"/>
      </object_component>
      <object_component id="oc-49c">
         <name>.text:_isr:_c_int00_noargs_mpu</name>
         <load_address>0x98d4</load_address>
         <run_address>0x98d4</run_address>
         <size>0x20</size>
         <input_file_ref idref="fl-4e"/>
      </object_component>
      <object_component id="oc-45a">
         <name>.text:_isr:Timer1_B1_ISR</name>
         <load_address>0x98f4</load_address>
         <run_address>0x98f4</run_address>
         <size>0xe</size>
         <input_file_ref idref="fl-a"/>
      </object_component>
      <object_component id="oc-43d">
         <name>.text:_isr:__TI_ISR_TRAP</name>
         <load_address>0x9902</load_address>
         <run_address>0x9902</run_address>
         <size>0x8</size>
         <input_file_ref idref="fl-37"/>
      </object_component>
      <object_component id="oc-56a">
         <name>.common:wheel_move</name>
         <uninitialized>true</uninitialized>
         <run_address>0x20aa</run_address>
         <size>0x2</size>
      </object_component>
      <object_component id="oc-56b">
         <name>.common:forward</name>
         <uninitialized>true</uninitialized>
         <run_address>0x20ae</run_address>
         <size>0x1</size>
      </object_component>
      <object_component id="oc-759">
         <name>.common:operation</name>
         <uninitialized>true</uninitialized>
         <run_address>0x20af</run_address>
         <size>0x1</size>
      </object_component>
      <object_component id="oc-7a7">
         <name>.common:current_character</name>
         <uninitialized>true</uninitialized>
         <run_address>0x20ac</run_address>
         <size>0x1</size>
      </object_component>
      <object_component id="oc-4da">
         <name>.common:update_display</name>
         <uninitialized>true</uninitialized>
         <run_address>0x20b0</run_address>
         <size>0x1</size>
      </object_component>
      <object_component id="oc-569">
         <name>.common:display_changed</name>
         <uninitialized>true</uninitialized>
         <run_address>0x20ad</run_address>
         <size>0x1</size>
      </object_component>
      <object_component id="oc-561">
         <name>.common:display_line</name>
         <uninitialized>true</uninitialized>
         <run_address>0x2076</run_address>
         <size>0x2c</size>
      </object_component>
      <object_component id="oc-634">
         <name>.common:display</name>
         <uninitialized>true</uninitialized>
         <run_address>0x20a2</run_address>
         <size>0x8</size>
      </object_component>
      <object_component id="oc-4c1">
         <name>.data</name>
         <load_address>0x2042</load_address>
         <run_address>0x2042</run_address>
         <size>0x8</size>
         <input_file_ref idref="fl-2"/>
      </object_component>
      <object_component id="oc-4de">
         <name>.data</name>
         <load_address>0x2072</load_address>
         <run_address>0x2072</run_address>
         <size>0x2</size>
         <input_file_ref idref="fl-3"/>
      </object_component>
      <object_component id="oc-4ce">
         <name>.data:IOT_2_PC</name>
         <load_address>0x204a</load_address>
         <run_address>0x204a</run_address>
         <size>0x8</size>
         <input_file_ref idref="fl-4"/>
      </object_component>
      <object_component id="oc-4d1">
         <name>.data:PC_2_IOT</name>
         <load_address>0x2052</load_address>
         <run_address>0x2052</run_address>
         <size>0x8</size>
         <input_file_ref idref="fl-4"/>
      </object_component>
      <object_component id="oc-4cb">
         <name>.data</name>
         <load_address>0x205a</load_address>
         <run_address>0x205a</run_address>
         <size>0x8</size>
         <input_file_ref idref="fl-4"/>
      </object_component>
      <object_component id="oc-4c4">
         <name>.data</name>
         <load_address>0x2062</load_address>
         <run_address>0x2062</run_address>
         <size>0x6</size>
         <input_file_ref idref="fl-6"/>
      </object_component>
      <object_component id="oc-75f">
         <name>.data:adc_char</name>
         <load_address>0x206e</load_address>
         <run_address>0x206e</run_address>
         <size>0x4</size>
         <input_file_ref idref="fl-7"/>
      </object_component>
      <object_component id="oc-769">
         <name>.data:timer_char</name>
         <load_address>0x2068</load_address>
         <run_address>0x2068</run_address>
         <size>0x5</size>
         <input_file_ref idref="fl-7"/>
      </object_component>
      <object_component id="oc-4c7">
         <name>.data</name>
         <load_address>0x2000</load_address>
         <run_address>0x2000</run_address>
         <size>0x14</size>
         <input_file_ref idref="fl-a"/>
      </object_component>
      <object_component id="oc-4b8">
         <name>.data</name>
         <load_address>0x2036</load_address>
         <run_address>0x2036</run_address>
         <size>0xc</size>
         <input_file_ref idref="fl-c"/>
      </object_component>
      <object_component id="oc-4bb">
         <name>.data</name>
         <load_address>0x2014</load_address>
         <run_address>0x2014</run_address>
         <size>0x12</size>
         <input_file_ref idref="fl-e"/>
      </object_component>
      <object_component id="oc-4d7">
         <name>.data</name>
         <load_address>0x2074</load_address>
         <run_address>0x2074</run_address>
         <size>0x2</size>
         <input_file_ref idref="fl-10"/>
      </object_component>
      <object_component id="oc-68b">
         <name>.data</name>
         <load_address>0x2026</load_address>
         <run_address>0x2026</run_address>
         <size>0x10</size>
         <input_file_ref idref="fl-12"/>
      </object_component>
      <object_component id="oc-41c">
         <name>.stack</name>
         <uninitialized>true</uninitialized>
         <run_address>0x2f60</run_address>
         <size>0x2</size>
         <input_file_ref idref="fl-4e"/>
      </object_component>
      <object_component id="oc-838">
         <name>.stack</name>
         <uninitialized>true</uninitialized>
         <run_address>0x2f60</run_address>
         <size>0x0</size>
      </object_component>
      <object_component id="oc-72">
         <name>.int22</name>
         <load_address>0xffce</load_address>
         <run_address>0xffce</run_address>
         <size>0x2</size>
         <input_file_ref idref="fl-9"/>
      </object_component>
      <object_component id="oc-73">
         <name>.int23</name>
         <load_address>0xffd0</load_address>
         <run_address>0xffd0</run_address>
         <size>0x2</size>
         <input_file_ref idref="fl-36"/>
      </object_component>
      <object_component id="oc-74">
         <name>.int24</name>
         <load_address>0xffd2</load_address>
         <run_address>0xffd2</run_address>
         <size>0x2</size>
         <input_file_ref idref="fl-9"/>
      </object_component>
      <object_component id="oc-75">
         <name>.int25</name>
         <load_address>0xffd4</load_address>
         <run_address>0xffd4</run_address>
         <size>0x2</size>
         <input_file_ref idref="fl-38"/>
      </object_component>
      <object_component id="oc-76">
         <name>.int26</name>
         <load_address>0xffd6</load_address>
         <run_address>0xffd6</run_address>
         <size>0x2</size>
         <input_file_ref idref="fl-39"/>
      </object_component>
      <object_component id="oc-77">
         <name>.int27</name>
         <load_address>0xffd8</load_address>
         <run_address>0xffd8</run_address>
         <size>0x2</size>
         <input_file_ref idref="fl-3a"/>
      </object_component>
      <object_component id="oc-78">
         <name>.int28</name>
         <load_address>0xffda</load_address>
         <run_address>0xffda</run_address>
         <size>0x2</size>
         <input_file_ref idref="fl-3b"/>
      </object_component>
      <object_component id="oc-79">
         <name>.int29</name>
         <load_address>0xffdc</load_address>
         <run_address>0xffdc</run_address>
         <size>0x2</size>
         <input_file_ref idref="fl-2"/>
      </object_component>
      <object_component id="oc-7a">
         <name>.int30</name>
         <load_address>0xffde</load_address>
         <run_address>0xffde</run_address>
         <size>0x2</size>
         <input_file_ref idref="fl-3c"/>
      </object_component>
      <object_component id="oc-7b">
         <name>.int31</name>
         <load_address>0xffe0</load_address>
         <run_address>0xffe0</run_address>
         <size>0x2</size>
         <input_file_ref idref="fl-3d"/>
      </object_component>
      <object_component id="oc-7c">
         <name>.int32</name>
         <load_address>0xffe2</load_address>
         <run_address>0xffe2</run_address>
         <size>0x2</size>
         <input_file_ref idref="fl-4"/>
      </object_component>
      <object_component id="oc-7d">
         <name>.int33</name>
         <load_address>0xffe4</load_address>
         <run_address>0xffe4</run_address>
         <size>0x2</size>
         <input_file_ref idref="fl-4"/>
      </object_component>
      <object_component id="oc-7e">
         <name>.int34</name>
         <load_address>0xffe6</load_address>
         <run_address>0xffe6</run_address>
         <size>0x2</size>
         <input_file_ref idref="fl-3e"/>
      </object_component>
      <object_component id="oc-7f">
         <name>.int35</name>
         <load_address>0xffe8</load_address>
         <run_address>0xffe8</run_address>
         <size>0x2</size>
         <input_file_ref idref="fl-3f"/>
      </object_component>
      <object_component id="oc-80">
         <name>.int36</name>
         <load_address>0xffea</load_address>
         <run_address>0xffea</run_address>
         <size>0x2</size>
         <input_file_ref idref="fl-40"/>
      </object_component>
      <object_component id="oc-81">
         <name>.int37</name>
         <load_address>0xffec</load_address>
         <run_address>0xffec</run_address>
         <size>0x2</size>
         <input_file_ref idref="fl-41"/>
      </object_component>
      <object_component id="oc-82">
         <name>.int38</name>
         <load_address>0xffee</load_address>
         <run_address>0xffee</run_address>
         <size>0x2</size>
         <input_file_ref idref="fl-42"/>
      </object_component>
      <object_component id="oc-83">
         <name>.int39</name>
         <load_address>0xfff0</load_address>
         <run_address>0xfff0</run_address>
         <size>0x2</size>
         <input_file_ref idref="fl-43"/>
      </object_component>
      <object_component id="oc-84">
         <name>.int40</name>
         <load_address>0xfff2</load_address>
         <run_address>0xfff2</run_address>
         <size>0x2</size>
         <input_file_ref idref="fl-a"/>
      </object_component>
      <object_component id="oc-85">
         <name>.int41</name>
         <load_address>0xfff4</load_address>
         <run_address>0xfff4</run_address>
         <size>0x2</size>
         <input_file_ref idref="fl-a"/>
      </object_component>
      <object_component id="oc-86">
         <name>.int42</name>
         <load_address>0xfff6</load_address>
         <run_address>0xfff6</run_address>
         <size>0x2</size>
         <input_file_ref idref="fl-a"/>
      </object_component>
      <object_component id="oc-87">
         <name>.int43</name>
         <load_address>0xfff8</load_address>
         <run_address>0xfff8</run_address>
         <size>0x2</size>
         <input_file_ref idref="fl-a"/>
      </object_component>
      <object_component id="oc-88">
         <name>.int44</name>
         <load_address>0xfffa</load_address>
         <run_address>0xfffa</run_address>
         <size>0x2</size>
         <input_file_ref idref="fl-44"/>
      </object_component>
      <object_component id="oc-89">
         <name>.int45</name>
         <load_address>0xfffc</load_address>
         <run_address>0xfffc</run_address>
         <size>0x2</size>
         <input_file_ref idref="fl-45"/>
      </object_component>
      <object_component id="oc-41f">
         <name>.reset</name>
         <load_address>0xfffe</load_address>
         <run_address>0xfffe</run_address>
         <size>0x2</size>
         <input_file_ref idref="fl-4e"/>
      </object_component>
      <object_component id="oc-51a">
         <name>.debug_info</name>
         <load_address>0x0</load_address>
         <run_address>0x0</run_address>
         <size>0x293</size>
         <input_file_ref idref="fl-2"/>
      </object_component>
      <object_component id="oc-4c2">
         <name>.debug_info</name>
         <load_address>0x293</load_address>
         <run_address>0x293</run_address>
         <size>0x170</size>
         <input_file_ref idref="fl-2"/>
      </object_component>
      <object_component id="oc-553">
         <name>.debug_info</name>
         <load_address>0x403</load_address>
         <run_address>0x403</run_address>
         <size>0x10b</size>
         <input_file_ref idref="fl-2"/>
      </object_component>
      <object_component id="oc-44b">
         <name>.debug_info</name>
         <load_address>0x50e</load_address>
         <run_address>0x50e</run_address>
         <size>0x10a</size>
         <input_file_ref idref="fl-2"/>
      </object_component>
      <object_component id="oc-426">
         <name>.debug_info</name>
         <load_address>0x618</load_address>
         <run_address>0x618</run_address>
         <size>0x84</size>
         <input_file_ref idref="fl-2"/>
      </object_component>
      <object_component id="oc-5e9">
         <name>.debug_info</name>
         <load_address>0x69c</load_address>
         <run_address>0x69c</run_address>
         <size>0x35</size>
         <input_file_ref idref="fl-2"/>
      </object_component>
      <object_component id="oc-52f">
         <name>.debug_info</name>
         <load_address>0x6d1</load_address>
         <run_address>0x6d1</run_address>
         <size>0x1e6</size>
         <input_file_ref idref="fl-3"/>
      </object_component>
      <object_component id="oc-4df">
         <name>.debug_info</name>
         <load_address>0x8b7</load_address>
         <run_address>0x8b7</run_address>
         <size>0xe3</size>
         <input_file_ref idref="fl-3"/>
      </object_component>
      <object_component id="oc-556">
         <name>.debug_info</name>
         <load_address>0x99a</load_address>
         <run_address>0x99a</run_address>
         <size>0x10b</size>
         <input_file_ref idref="fl-3"/>
      </object_component>
      <object_component id="oc-523">
         <name>.debug_info</name>
         <load_address>0xaa5</load_address>
         <run_address>0xaa5</run_address>
         <size>0x31b</size>
         <input_file_ref idref="fl-4"/>
      </object_component>
      <object_component id="oc-4cf">
         <name>.debug_info</name>
         <load_address>0xdc0</load_address>
         <run_address>0xdc0</run_address>
         <size>0xe4</size>
         <input_file_ref idref="fl-4"/>
      </object_component>
      <object_component id="oc-4d2">
         <name>.debug_info</name>
         <load_address>0xea4</load_address>
         <run_address>0xea4</run_address>
         <size>0xe4</size>
         <input_file_ref idref="fl-4"/>
      </object_component>
      <object_component id="oc-4cc">
         <name>.debug_info</name>
         <load_address>0xf88</load_address>
         <run_address>0xf88</run_address>
         <size>0x153</size>
         <input_file_ref idref="fl-4"/>
      </object_component>
      <object_component id="oc-44f">
         <name>.debug_info</name>
         <load_address>0x10db</load_address>
         <run_address>0x10db</run_address>
         <size>0x128</size>
         <input_file_ref idref="fl-4"/>
      </object_component>
      <object_component id="oc-455">
         <name>.debug_info</name>
         <load_address>0x1203</load_address>
         <run_address>0x1203</run_address>
         <size>0x128</size>
         <input_file_ref idref="fl-4"/>
      </object_component>
      <object_component id="oc-683">
         <name>.debug_info</name>
         <load_address>0x132b</load_address>
         <run_address>0x132b</run_address>
         <size>0x131</size>
         <input_file_ref idref="fl-4"/>
      </object_component>
      <object_component id="oc-67d">
         <name>.debug_info</name>
         <load_address>0x145c</load_address>
         <run_address>0x145c</run_address>
         <size>0x131</size>
         <input_file_ref idref="fl-4"/>
      </object_component>
      <object_component id="oc-55c">
         <name>.debug_info</name>
         <load_address>0x158d</load_address>
         <run_address>0x158d</run_address>
         <size>0x142</size>
         <input_file_ref idref="fl-4"/>
      </object_component>
      <object_component id="oc-62e">
         <name>.debug_info</name>
         <load_address>0x16cf</load_address>
         <run_address>0x16cf</run_address>
         <size>0x23e</size>
         <input_file_ref idref="fl-5"/>
      </object_component>
      <object_component id="oc-538">
         <name>.debug_info</name>
         <load_address>0x190d</load_address>
         <run_address>0x190d</run_address>
         <size>0x12e</size>
         <input_file_ref idref="fl-5"/>
      </object_component>
      <object_component id="oc-51d">
         <name>.debug_info</name>
         <load_address>0x1a3b</load_address>
         <run_address>0x1a3b</run_address>
         <size>0x2a9</size>
         <input_file_ref idref="fl-6"/>
      </object_component>
      <object_component id="oc-4c5">
         <name>.debug_info</name>
         <load_address>0x1ce4</load_address>
         <run_address>0x1ce4</run_address>
         <size>0x151</size>
         <input_file_ref idref="fl-6"/>
      </object_component>
      <object_component id="oc-57f">
         <name>.debug_info</name>
         <load_address>0x1e35</load_address>
         <run_address>0x1e35</run_address>
         <size>0x19f</size>
         <input_file_ref idref="fl-6"/>
      </object_component>
      <object_component id="oc-591">
         <name>.debug_info</name>
         <load_address>0x1fd4</load_address>
         <run_address>0x1fd4</run_address>
         <size>0x13a</size>
         <input_file_ref idref="fl-6"/>
      </object_component>
      <object_component id="oc-7b1">
         <name>.debug_info</name>
         <load_address>0x210e</load_address>
         <run_address>0x210e</run_address>
         <size>0x1a5</size>
         <input_file_ref idref="fl-7"/>
      </object_component>
      <object_component id="oc-760">
         <name>.debug_info</name>
         <load_address>0x22b3</load_address>
         <run_address>0x22b3</run_address>
         <size>0xe8</size>
         <input_file_ref idref="fl-7"/>
      </object_component>
      <object_component id="oc-76a">
         <name>.debug_info</name>
         <load_address>0x239b</load_address>
         <run_address>0x239b</run_address>
         <size>0xec</size>
         <input_file_ref idref="fl-7"/>
      </object_component>
      <object_component id="oc-6c5">
         <name>.debug_info</name>
         <load_address>0x2487</load_address>
         <run_address>0x2487</run_address>
         <size>0x1ac</size>
         <input_file_ref idref="fl-7"/>
      </object_component>
      <object_component id="oc-6b9">
         <name>.debug_info</name>
         <load_address>0x2633</load_address>
         <run_address>0x2633</run_address>
         <size>0x1a8</size>
         <input_file_ref idref="fl-7"/>
      </object_component>
      <object_component id="oc-6bf">
         <name>.debug_info</name>
         <load_address>0x27db</load_address>
         <run_address>0x27db</run_address>
         <size>0x17a</size>
         <input_file_ref idref="fl-7"/>
      </object_component>
      <object_component id="oc-6b2">
         <name>.debug_info</name>
         <load_address>0x2955</load_address>
         <run_address>0x2955</run_address>
         <size>0x16e</size>
         <input_file_ref idref="fl-7"/>
      </object_component>
      <object_component id="oc-53f">
         <name>.debug_info</name>
         <load_address>0x2ac3</load_address>
         <run_address>0x2ac3</run_address>
         <size>0x13f</size>
         <input_file_ref idref="fl-8"/>
      </object_component>
      <object_component id="oc-443">
         <name>.debug_info</name>
         <load_address>0x2c02</load_address>
         <run_address>0x2c02</run_address>
         <size>0x142</size>
         <input_file_ref idref="fl-9"/>
      </object_component>
      <object_component id="oc-43a">
         <name>.debug_info</name>
         <load_address>0x2d44</load_address>
         <run_address>0x2d44</run_address>
         <size>0x142</size>
         <input_file_ref idref="fl-9"/>
      </object_component>
      <object_component id="oc-520">
         <name>.debug_info</name>
         <load_address>0x2e86</load_address>
         <run_address>0x2e86</run_address>
         <size>0x3d6</size>
         <input_file_ref idref="fl-a"/>
      </object_component>
      <object_component id="oc-4c8">
         <name>.debug_info</name>
         <load_address>0x325c</load_address>
         <run_address>0x325c</run_address>
         <size>0x2a9</size>
         <input_file_ref idref="fl-a"/>
      </object_component>
      <object_component id="oc-45b">
         <name>.debug_info</name>
         <load_address>0x3505</load_address>
         <run_address>0x3505</run_address>
         <size>0x140</size>
         <input_file_ref idref="fl-a"/>
      </object_component>
      <object_component id="oc-464">
         <name>.debug_info</name>
         <load_address>0x3645</load_address>
         <run_address>0x3645</run_address>
         <size>0x140</size>
         <input_file_ref idref="fl-a"/>
      </object_component>
      <object_component id="oc-468">
         <name>.debug_info</name>
         <load_address>0x3785</load_address>
         <run_address>0x3785</run_address>
         <size>0x140</size>
         <input_file_ref idref="fl-a"/>
      </object_component>
      <object_component id="oc-46e">
         <name>.debug_info</name>
         <load_address>0x38c5</load_address>
         <run_address>0x38c5</run_address>
         <size>0x140</size>
         <input_file_ref idref="fl-a"/>
      </object_component>
      <object_component id="oc-513">
         <name>.debug_info</name>
         <load_address>0x3a05</load_address>
         <run_address>0x3a05</run_address>
         <size>0x625</size>
         <input_file_ref idref="fl-c"/>
      </object_component>
      <object_component id="oc-4b9">
         <name>.debug_info</name>
         <load_address>0x402a</load_address>
         <run_address>0x402a</run_address>
         <size>0x1b9</size>
         <input_file_ref idref="fl-c"/>
      </object_component>
      <object_component id="oc-573">
         <name>.debug_info</name>
         <load_address>0x41e3</load_address>
         <run_address>0x41e3</run_address>
         <size>0x113</size>
         <input_file_ref idref="fl-c"/>
      </object_component>
      <object_component id="oc-579">
         <name>.debug_info</name>
         <load_address>0x42f6</load_address>
         <run_address>0x42f6</run_address>
         <size>0x113</size>
         <input_file_ref idref="fl-c"/>
      </object_component>
      <object_component id="oc-588">
         <name>.debug_info</name>
         <load_address>0x4409</load_address>
         <run_address>0x4409</run_address>
         <size>0x127</size>
         <input_file_ref idref="fl-c"/>
      </object_component>
      <object_component id="oc-4f4">
         <name>.debug_info</name>
         <load_address>0x4530</load_address>
         <run_address>0x4530</run_address>
         <size>0x272</size>
         <input_file_ref idref="fl-c"/>
      </object_component>
      <object_component id="oc-624">
         <name>.debug_info</name>
         <load_address>0x47a2</load_address>
         <run_address>0x47a2</run_address>
         <size>0x122</size>
         <input_file_ref idref="fl-d"/>
      </object_component>
      <object_component id="oc-600">
         <name>.debug_info</name>
         <load_address>0x48c4</load_address>
         <run_address>0x48c4</run_address>
         <size>0x115</size>
         <input_file_ref idref="fl-d"/>
      </object_component>
      <object_component id="oc-606">
         <name>.debug_info</name>
         <load_address>0x49d9</load_address>
         <run_address>0x49d9</run_address>
         <size>0x115</size>
         <input_file_ref idref="fl-d"/>
      </object_component>
      <object_component id="oc-60c">
         <name>.debug_info</name>
         <load_address>0x4aee</load_address>
         <run_address>0x4aee</run_address>
         <size>0x115</size>
         <input_file_ref idref="fl-d"/>
      </object_component>
      <object_component id="oc-612">
         <name>.debug_info</name>
         <load_address>0x4c03</load_address>
         <run_address>0x4c03</run_address>
         <size>0x115</size>
         <input_file_ref idref="fl-d"/>
      </object_component>
      <object_component id="oc-618">
         <name>.debug_info</name>
         <load_address>0x4d18</load_address>
         <run_address>0x4d18</run_address>
         <size>0x116</size>
         <input_file_ref idref="fl-d"/>
      </object_component>
      <object_component id="oc-61e">
         <name>.debug_info</name>
         <load_address>0x4e2e</load_address>
         <run_address>0x4e2e</run_address>
         <size>0x118</size>
         <input_file_ref idref="fl-d"/>
      </object_component>
      <object_component id="oc-62a">
         <name>.debug_info</name>
         <load_address>0x4f46</load_address>
         <run_address>0x4f46</run_address>
         <size>0x11c</size>
         <input_file_ref idref="fl-d"/>
      </object_component>
      <object_component id="oc-535">
         <name>.debug_info</name>
         <load_address>0x5062</load_address>
         <run_address>0x5062</run_address>
         <size>0x1a4</size>
         <input_file_ref idref="fl-d"/>
      </object_component>
      <object_component id="oc-517">
         <name>.debug_info</name>
         <load_address>0x5206</load_address>
         <run_address>0x5206</run_address>
         <size>0x1f1</size>
         <input_file_ref idref="fl-e"/>
      </object_component>
      <object_component id="oc-4bc">
         <name>.debug_info</name>
         <load_address>0x53f7</load_address>
         <run_address>0x53f7</run_address>
         <size>0x274</size>
         <input_file_ref idref="fl-e"/>
      </object_component>
      <object_component id="oc-6cd">
         <name>.debug_info</name>
         <load_address>0x566b</load_address>
         <run_address>0x566b</run_address>
         <size>0x128</size>
         <input_file_ref idref="fl-e"/>
      </object_component>
      <object_component id="oc-6d4">
         <name>.debug_info</name>
         <load_address>0x5793</load_address>
         <run_address>0x5793</run_address>
         <size>0x128</size>
         <input_file_ref idref="fl-e"/>
      </object_component>
      <object_component id="oc-58b">
         <name>.debug_info</name>
         <load_address>0x58bb</load_address>
         <run_address>0x58bb</run_address>
         <size>0x156</size>
         <input_file_ref idref="fl-e"/>
      </object_component>
      <object_component id="oc-636">
         <name>.debug_info</name>
         <load_address>0x5a11</load_address>
         <run_address>0x5a11</run_address>
         <size>0x126</size>
         <input_file_ref idref="fl-f"/>
      </object_component>
      <object_component id="oc-52a">
         <name>.debug_info</name>
         <load_address>0x5b37</load_address>
         <run_address>0x5b37</run_address>
         <size>0x3da</size>
         <input_file_ref idref="fl-10"/>
      </object_component>
      <object_component id="oc-4d8">
         <name>.debug_info</name>
         <load_address>0x5f11</load_address>
         <run_address>0x5f11</run_address>
         <size>0xfa</size>
         <input_file_ref idref="fl-10"/>
      </object_component>
      <object_component id="oc-63f">
         <name>.debug_info</name>
         <load_address>0x600b</load_address>
         <run_address>0x600b</run_address>
         <size>0x11e</size>
         <input_file_ref idref="fl-10"/>
      </object_component>
      <object_component id="oc-645">
         <name>.debug_info</name>
         <load_address>0x6129</load_address>
         <run_address>0x6129</run_address>
         <size>0x11e</size>
         <input_file_ref idref="fl-10"/>
      </object_component>
      <object_component id="oc-64c">
         <name>.debug_info</name>
         <load_address>0x6247</load_address>
         <run_address>0x6247</run_address>
         <size>0x11e</size>
         <input_file_ref idref="fl-10"/>
      </object_component>
      <object_component id="oc-544">
         <name>.debug_info</name>
         <load_address>0x6365</load_address>
         <run_address>0x6365</run_address>
         <size>0x156</size>
         <input_file_ref idref="fl-10"/>
      </object_component>
      <object_component id="oc-75a">
         <name>.debug_info</name>
         <load_address>0x64bb</load_address>
         <run_address>0x64bb</run_address>
         <size>0x3ff</size>
         <input_file_ref idref="fl-12"/>
      </object_component>
      <object_component id="oc-68c">
         <name>.debug_info</name>
         <load_address>0x68ba</load_address>
         <run_address>0x68ba</run_address>
         <size>0x228</size>
         <input_file_ref idref="fl-12"/>
      </object_component>
      <object_component id="oc-696">
         <name>.debug_info</name>
         <load_address>0x6ae2</load_address>
         <run_address>0x6ae2</run_address>
         <size>0x133</size>
         <input_file_ref idref="fl-12"/>
      </object_component>
      <object_component id="oc-69c">
         <name>.debug_info</name>
         <load_address>0x6c15</load_address>
         <run_address>0x6c15</run_address>
         <size>0x135</size>
         <input_file_ref idref="fl-12"/>
      </object_component>
      <object_component id="oc-59e">
         <name>.debug_info</name>
         <load_address>0x6d4a</load_address>
         <run_address>0x6d4a</run_address>
         <size>0x118</size>
         <input_file_ref idref="fl-12"/>
      </object_component>
      <object_component id="oc-6a2">
         <name>.debug_info</name>
         <load_address>0x6e62</load_address>
         <run_address>0x6e62</run_address>
         <size>0x154</size>
         <input_file_ref idref="fl-12"/>
      </object_component>
      <object_component id="oc-6e0">
         <name>.debug_info</name>
         <load_address>0x6fb6</load_address>
         <run_address>0x6fb6</run_address>
         <size>0x127</size>
         <input_file_ref idref="fl-12"/>
      </object_component>
      <object_component id="oc-691">
         <name>.debug_info</name>
         <load_address>0x70dd</load_address>
         <run_address>0x70dd</run_address>
         <size>0x151</size>
         <input_file_ref idref="fl-12"/>
      </object_component>
      <object_component id="oc-6a8">
         <name>.debug_info</name>
         <load_address>0x722e</load_address>
         <run_address>0x722e</run_address>
         <size>0x131</size>
         <input_file_ref idref="fl-12"/>
      </object_component>
      <object_component id="oc-599">
         <name>.debug_info</name>
         <load_address>0x735f</load_address>
         <run_address>0x735f</run_address>
         <size>0x12f</size>
         <input_file_ref idref="fl-12"/>
      </object_component>
      <object_component id="oc-56e">
         <name>.debug_info</name>
         <load_address>0x748e</load_address>
         <run_address>0x748e</run_address>
         <size>0x22f</size>
         <input_file_ref idref="fl-12"/>
      </object_component>
      <object_component id="oc-4db">
         <name>.debug_info</name>
         <load_address>0x76bd</load_address>
         <run_address>0x76bd</run_address>
         <size>0x536</size>
         <input_file_ref idref="fl-13"/>
      </object_component>
      <object_component id="oc-657">
         <name>.debug_info</name>
         <load_address>0x7bf3</load_address>
         <run_address>0x7bf3</run_address>
         <size>0x12e</size>
         <input_file_ref idref="fl-13"/>
      </object_component>
      <object_component id="oc-662">
         <name>.debug_info</name>
         <load_address>0x7d21</load_address>
         <run_address>0x7d21</run_address>
         <size>0x132</size>
         <input_file_ref idref="fl-13"/>
      </object_component>
      <object_component id="oc-65d">
         <name>.debug_info</name>
         <load_address>0x7e53</load_address>
         <run_address>0x7e53</run_address>
         <size>0x138</size>
         <input_file_ref idref="fl-13"/>
      </object_component>
      <object_component id="oc-72b">
         <name>.debug_info</name>
         <load_address>0x7f8b</load_address>
         <run_address>0x7f8b</run_address>
         <size>0x13c</size>
         <input_file_ref idref="fl-13"/>
      </object_component>
      <object_component id="oc-732">
         <name>.debug_info</name>
         <load_address>0x80c7</load_address>
         <run_address>0x80c7</run_address>
         <size>0x14f</size>
         <input_file_ref idref="fl-13"/>
      </object_component>
      <object_component id="oc-7b6">
         <name>.debug_info</name>
         <load_address>0x8216</load_address>
         <run_address>0x8216</run_address>
         <size>0x1b6</size>
         <input_file_ref idref="fl-13"/>
      </object_component>
      <object_component id="oc-669">
         <name>.debug_info</name>
         <load_address>0x83cc</load_address>
         <run_address>0x83cc</run_address>
         <size>0x1cf</size>
         <input_file_ref idref="fl-13"/>
      </object_component>
      <object_component id="oc-772">
         <name>.debug_info</name>
         <load_address>0x859b</load_address>
         <run_address>0x859b</run_address>
         <size>0x1a9</size>
         <input_file_ref idref="fl-13"/>
      </object_component>
      <object_component id="oc-650">
         <name>.debug_info</name>
         <load_address>0x8744</load_address>
         <run_address>0x8744</run_address>
         <size>0x12b</size>
         <input_file_ref idref="fl-13"/>
      </object_component>
      <object_component id="oc-739">
         <name>.debug_info</name>
         <load_address>0x886f</load_address>
         <run_address>0x886f</run_address>
         <size>0x146</size>
         <input_file_ref idref="fl-13"/>
      </object_component>
      <object_component id="oc-73f">
         <name>.debug_info</name>
         <load_address>0x89b5</load_address>
         <run_address>0x89b5</run_address>
         <size>0x146</size>
         <input_file_ref idref="fl-13"/>
      </object_component>
      <object_component id="oc-744">
         <name>.debug_info</name>
         <load_address>0x8afb</load_address>
         <run_address>0x8afb</run_address>
         <size>0x146</size>
         <input_file_ref idref="fl-13"/>
      </object_component>
      <object_component id="oc-74b">
         <name>.debug_info</name>
         <load_address>0x8c41</load_address>
         <run_address>0x8c41</run_address>
         <size>0x146</size>
         <input_file_ref idref="fl-13"/>
      </object_component>
      <object_component id="oc-66e">
         <name>.debug_info</name>
         <load_address>0x8d87</load_address>
         <run_address>0x8d87</run_address>
         <size>0x191</size>
         <input_file_ref idref="fl-13"/>
      </object_component>
      <object_component id="oc-675">
         <name>.debug_info</name>
         <load_address>0x8f18</load_address>
         <run_address>0x8f18</run_address>
         <size>0x14d</size>
         <input_file_ref idref="fl-13"/>
      </object_component>
      <object_component id="oc-54a">
         <name>.debug_info</name>
         <load_address>0x9065</load_address>
         <run_address>0x9065</run_address>
         <size>0x249</size>
         <input_file_ref idref="fl-13"/>
      </object_component>
      <object_component id="oc-6d8">
         <name>.debug_info</name>
         <load_address>0x92ae</load_address>
         <run_address>0x92ae</run_address>
         <size>0x1ee</size>
         <input_file_ref idref="fl-13"/>
      </object_component>
      <object_component id="oc-68">
         <name>.debug_info</name>
         <load_address>0x949c</load_address>
         <run_address>0x949c</run_address>
         <size>0x2b8</size>
         <input_file_ref idref="fl-34"/>
      </object_component>
      <object_component id="oc-50c">
         <name>.debug_info</name>
         <load_address>0x9754</load_address>
         <run_address>0x9754</run_address>
         <size>0x46</size>
         <input_file_ref idref="fl-34"/>
      </object_component>
      <object_component id="oc-4b0">
         <name>.debug_info</name>
         <load_address>0x979a</load_address>
         <run_address>0x979a</run_address>
         <size>0x39</size>
         <input_file_ref idref="fl-34"/>
      </object_component>
      <object_component id="oc-421">
         <name>.debug_info</name>
         <load_address>0x97d3</load_address>
         <run_address>0x97d3</run_address>
         <size>0x60</size>
         <input_file_ref idref="fl-34"/>
      </object_component>
      <object_component id="oc-436">
         <name>.debug_info</name>
         <load_address>0x9833</load_address>
         <run_address>0x9833</run_address>
         <size>0x1da</size>
         <input_file_ref idref="fl-35"/>
      </object_component>
      <object_component id="oc-6f">
         <name>.debug_info</name>
         <load_address>0x9a0d</load_address>
         <run_address>0x9a0d</run_address>
         <size>0x1f2</size>
         <input_file_ref idref="fl-35"/>
      </object_component>
      <object_component id="oc-431">
         <name>.debug_info</name>
         <load_address>0x9bff</load_address>
         <run_address>0x9bff</run_address>
         <size>0x46</size>
         <input_file_ref idref="fl-35"/>
      </object_component>
      <object_component id="oc-440">
         <name>.debug_info</name>
         <load_address>0x9c45</load_address>
         <run_address>0x9c45</run_address>
         <size>0x10f</size>
         <input_file_ref idref="fl-37"/>
      </object_component>
      <object_component id="oc-474">
         <name>.debug_info</name>
         <load_address>0x9d54</load_address>
         <run_address>0x9d54</run_address>
         <size>0x1d3</size>
         <input_file_ref idref="fl-46"/>
      </object_component>
      <object_component id="oc-4e4">
         <name>.debug_info</name>
         <load_address>0x9f27</load_address>
         <run_address>0x9f27</run_address>
         <size>0x46</size>
         <input_file_ref idref="fl-46"/>
      </object_component>
      <object_component id="oc-42e">
         <name>.debug_info</name>
         <load_address>0x9f6d</load_address>
         <run_address>0x9f6d</run_address>
         <size>0x121</size>
         <input_file_ref idref="fl-47"/>
      </object_component>
      <object_component id="oc-766">
         <name>.debug_info</name>
         <load_address>0xa08e</load_address>
         <run_address>0xa08e</run_address>
         <size>0x130</size>
         <input_file_ref idref="fl-49"/>
      </object_component>
      <object_component id="oc-41d">
         <name>.debug_info</name>
         <load_address>0xa1be</load_address>
         <run_address>0xa1be</run_address>
         <size>0x100</size>
         <input_file_ref idref="fl-4e"/>
      </object_component>
      <object_component id="oc-49e">
         <name>.debug_info</name>
         <load_address>0xa2be</load_address>
         <run_address>0xa2be</run_address>
         <size>0x193</size>
         <input_file_ref idref="fl-4e"/>
      </object_component>
      <object_component id="oc-505">
         <name>.debug_info</name>
         <load_address>0xa451</load_address>
         <run_address>0xa451</run_address>
         <size>0x1ae</size>
         <input_file_ref idref="fl-4f"/>
      </object_component>
      <object_component id="oc-5e2">
         <name>.debug_info</name>
         <load_address>0xa5ff</load_address>
         <run_address>0xa5ff</run_address>
         <size>0x18b</size>
         <input_file_ref idref="fl-4f"/>
      </object_component>
      <object_component id="oc-6ff">
         <name>.debug_info</name>
         <load_address>0xa78a</load_address>
         <run_address>0xa78a</run_address>
         <size>0x409</size>
         <input_file_ref idref="fl-51"/>
      </object_component>
      <object_component id="oc-5c8">
         <name>.debug_info</name>
         <load_address>0xab93</load_address>
         <run_address>0xab93</run_address>
         <size>0x216</size>
         <input_file_ref idref="fl-51"/>
      </object_component>
      <object_component id="oc-78f">
         <name>.debug_info</name>
         <load_address>0xada9</load_address>
         <run_address>0xada9</run_address>
         <size>0x39</size>
         <input_file_ref idref="fl-51"/>
      </object_component>
      <object_component id="oc-7a1">
         <name>.debug_info</name>
         <load_address>0xade2</load_address>
         <run_address>0xade2</run_address>
         <size>0x2c</size>
         <input_file_ref idref="fl-51"/>
      </object_component>
      <object_component id="oc-70a">
         <name>.debug_info</name>
         <load_address>0xae0e</load_address>
         <run_address>0xae0e</run_address>
         <size>0x2c</size>
         <input_file_ref idref="fl-51"/>
      </object_component>
      <object_component id="oc-794">
         <name>.debug_info</name>
         <load_address>0xae3a</load_address>
         <run_address>0xae3a</run_address>
         <size>0xcd</size>
         <input_file_ref idref="fl-51"/>
      </object_component>
      <object_component id="oc-6f9">
         <name>.debug_info</name>
         <load_address>0xaf07</load_address>
         <run_address>0xaf07</run_address>
         <size>0x150</size>
         <input_file_ref idref="fl-52"/>
      </object_component>
      <object_component id="oc-4ec">
         <name>.debug_info</name>
         <load_address>0xb057</load_address>
         <run_address>0xb057</run_address>
         <size>0x153</size>
         <input_file_ref idref="fl-53"/>
      </object_component>
      <object_component id="oc-5a4">
         <name>.debug_info</name>
         <load_address>0xb1aa</load_address>
         <run_address>0xb1aa</run_address>
         <size>0x122</size>
         <input_file_ref idref="fl-55"/>
      </object_component>
      <object_component id="oc-68a">
         <name>.debug_info</name>
         <load_address>0xb2cc</load_address>
         <run_address>0xb2cc</run_address>
         <size>0x17c</size>
         <input_file_ref idref="fl-59"/>
      </object_component>
      <object_component id="oc-565">
         <name>.debug_info</name>
         <load_address>0xb448</load_address>
         <run_address>0xb448</run_address>
         <size>0x24d</size>
         <input_file_ref idref="fl-59"/>
      </object_component>
      <object_component id="oc-839">
         <name>.debug_info</name>
         <load_address>0xb695</load_address>
         <run_address>0xb695</run_address>
         <size>0xb3</size>
      </object_component>
      <object_component id="oc-5f1">
         <name>.debug_line</name>
         <load_address>0x0</load_address>
         <run_address>0x0</run_address>
         <size>0x73</size>
         <input_file_ref idref="fl-2"/>
      </object_component>
      <object_component id="oc-519">
         <name>.debug_line</name>
         <load_address>0x73</load_address>
         <run_address>0x73</run_address>
         <size>0x2c</size>
         <input_file_ref idref="fl-2"/>
      </object_component>
      <object_component id="oc-551">
         <name>.debug_line</name>
[...]
      <symbol id="sm-54c">
         <name>debounce_count</name>
         <value>0x200c</value>
         <object_component_ref idref="oc-4c7"/>
      </symbol>
      <symbol id="sm-54d">
         <name>ADC_Switch</name>
         <value>0x2010</value>
         <object_component_ref idref="oc-4c7"/>
      </symbol>
      <symbol id="sm-54e">
         <name>blink_count</name>
         <value>0x2000</value>
         <object_component_ref idref="oc-4c7"/>
      </symbol>
      <symbol id="sm-54f">
         <name>debounce_check</name>
         <value>0x200e</value>
         <object_component_ref idref="oc-4c7"/>
      </symbol>
      <symbol id="sm-550">
         <name>__TI_int42</name>
         <value>0xfff6</value>
         <object_component_ref idref="oc-86"/>
      </symbol>
      <symbol id="sm-551">
         <name>__TI_int43</name>
         <value>0xfff8</value>
         <object_component_ref idref="oc-87"/>
      </symbol>
      <symbol id="sm-552">
         <name>__TI_int40</name>
         <value>0xfff2</value>
         <object_component_ref idref="oc-84"/>
      </symbol>
      <symbol id="sm-553">
         <name>__TI_int41</name>
         <value>0xfff4</value>
         <object_component_ref idref="oc-85"/>
      </symbol>
      <symbol id="sm-554">
         <name>Timer0_B1_ISR</name>
         <value>0x96b4</value>
         <object_component_ref idref="oc-466"/>
      </symbol>
      <symbol id="sm-555">
         <name>twenty_ms_count</name>
         <value>0x2012</value>
         <object_component_ref idref="oc-4c7"/>
      </symbol>
      <symbol id="sm-556">
         <name>lcd_display_count</name>
         <value>0x2002</value>
         <object_component_ref idref="oc-4c7"/>
      </symbol>
      <symbol id="sm-557">
         <name>Timer0_B0_ISR</name>
         <value>0x98aa</value>
         <object_component_ref idref="oc-46c"/>
      </symbol>
      <symbol id="sm-558">
         <name>one_time</name>
         <value>0x2008</value>
         <object_component_ref idref="oc-4c7"/>
      </symbol>
      <symbol id="sm-559">
         <name>Timer1_B1_ISR</name>
         <value>0x98f4</value>
         <object_component_ref idref="oc-45a"/>
      </symbol>
      <symbol id="sm-55a">
         <name>update_lcd_count</name>
         <value>0x2004</value>
         <object_component_ref idref="oc-4c7"/>
      </symbol>
      <symbol id="sm-55b">
         <name>Timer1_B0_ISR</name>
         <value>0x9834</value>
         <object_component_ref idref="oc-460"/>
      </symbol>
      <symbol id="sm-55c">
         <name>tens_count</name>
         <value>0x200a</value>
         <object_component_ref idref="oc-4c7"/>
      </symbol>
      <symbol id="sm-55d">
         <name>debounce_switch</name>
         <value>0x200f</value>
         <object_component_ref idref="oc-4c7"/>
      </symbol>
      <symbol id="sm-598">
         <name>wheel_move</name>
         <value>0x20aa</value>
      </symbol>
      <symbol id="sm-599">
         <name>forward</name>
         <value>0x20ae</value>
      </symbol>
      <symbol id="sm-59a">
         <name>fakeVariable</name>
         <value>0x2040</value>
         <object_component_ref idref="oc-4b8"/>
      </symbol>
      <symbol id="sm-59b">
         <name>P6_LCheck</name>
         <value>0x93fa</value>
         <object_component_ref idref="oc-572"/>
      </symbol>
      <symbol id="sm-59c">
         <name>P6_RCheck</name>
         <value>0x941c</value>
         <object_component_ref idref="oc-578"/>
      </symbol>
      <symbol id="sm-59d">
         <name>Switch_State</name>
         <value>0x203c</value>
         <object_component_ref idref="oc-4b8"/>
      </symbol>
      <symbol id="sm-59e">
         <name>main</name>
         <value>0x8366</value>
         <object_component_ref idref="oc-4f0"/>
      </symbol>
      <symbol id="sm-59f">
         <name>Carlson_StateMachine</name>
         <value>0x8b0c</value>
         <object_component_ref idref="oc-584"/>
      </symbol>
      <symbol id="sm-5a0">
         <name>IR_Status</name>
         <value>0x203e</value>
         <object_component_ref idref="oc-4b8"/>
      </symbol>
      <symbol id="sm-5a1">
         <name>Last_Time_Sequence</name>
         <value>0x2036</value>
         <object_component_ref idref="oc-4b8"/>
      </symbol>
      <symbol id="sm-5a2">
         <name>time_change</name>
         <value>0x203a</value>
         <object_component_ref idref="oc-4b8"/>
      </symbol>
      <symbol id="sm-5a3">
         <name>cycle_time</name>
         <value>0x2038</value>
         <object_component_ref idref="oc-4b8"/>
      </symbol>
      <symbol id="sm-5e4">
         <name>Forward_Test</name>
         <value>0x9504</value>
         <object_component_ref idref="oc-626"/>
      </symbol>
      <symbol id="sm-5e5">
         <name>Turn_Off_Motors</name>
         <value>0x9530</value>
         <object_component_ref idref="oc-620"/>
      </symbol>
      <symbol id="sm-5e6">
         <name>Init_Port6</name>
         <value>0x86dc</value>
         <object_component_ref idref="oc-61a"/>
      </symbol>
      <symbol id="sm-5e7">
         <name>Init_Port4</name>
         <value>0x88b2</value>
         <object_component_ref idref="oc-60e"/>
      </symbol>
      <symbol id="sm-5e8">
         <name>Init_Port5</name>
         <value>0x9302</value>
         <object_component_ref idref="oc-614"/>
      </symbol>
      <symbol id="sm-5e9">
         <name>Init_Port2</name>
         <value>0x8780</value>
         <object_component_ref idref="oc-602"/>
      </symbol>
      <symbol id="sm-5ea">
         <name>Init_Port3</name>
         <value>0x881a</value>
         <object_component_ref idref="oc-608"/>
      </symbol>
      <symbol id="sm-5eb">
         <name>Init_Port1</name>
         <value>0x8f5a</value>
         <object_component_ref idref="oc-5fc"/>
      </symbol>
      <symbol id="sm-5ec">
         <name>Init_Ports</name>
         <value>0x93d8</value>
         <object_component_ref idref="oc-531"/>
      </symbol>
      <symbol id="sm-613">
         <name>Switches_Process</name>
         <value>0x959e</value>
         <object_component_ref idref="oc-58a"/>
      </symbol>
      <symbol id="sm-614">
         <name>sw2_position</name>
         <value>0x201a</value>
         <object_component_ref idref="oc-4bb"/>
      </symbol>
      <symbol id="sm-615">
         <name>LEFT_BLACK</name>
         <value>0x2022</value>
         <object_component_ref idref="oc-4bb"/>
      </symbol>
      <symbol id="sm-616">
         <name>Shape_Count</name>
         <value>0x2020</value>
         <object_component_ref idref="oc-4bb"/>
      </symbol>
      <symbol id="sm-617">
         <name>sw1_position</name>
         <value>0x2018</value>
         <object_component_ref idref="oc-4bb"/>
      </symbol>
      <symbol id="sm-618">
         <name>count_debounce_SW2</name>
         <value>0x201e</value>
         <object_component_ref idref="oc-4bb"/>
      </symbol>
      <symbol id="sm-619">
         <name>count_debounce_SW1</name>
         <value>0x201c</value>
         <object_component_ref idref="oc-4bb"/>
      </symbol>
      <symbol id="sm-61a">
         <name>RIGHT_BLACK</name>
         <value>0x2024</value>
         <object_component_ref idref="oc-4bb"/>
      </symbol>
      <symbol id="sm-61b">
         <name>Switch1_Process</name>
         <value>0x8e22</value>
         <object_component_ref idref="oc-6ca"/>
      </symbol>
      <symbol id="sm-61c">
         <name>Switch2_Process</name>
         <value>0x8b76</value>
         <object_component_ref idref="oc-6d0"/>
      </symbol>
      <symbol id="sm-61d">
         <name>okay_to_look_at_switch1</name>
         <value>0x2014</value>
         <object_component_ref idref="oc-4bb"/>
      </symbol>
      <symbol id="sm-61e">
         <name>okay_to_look_at_switch2</name>
         <value>0x2016</value>
         <object_component_ref idref="oc-4bb"/>
      </symbol>
      <symbol id="sm-627">
         <name>enable_interrupts</name>
         <value>0x95a8</value>
         <object_component_ref idref="oc-635"/>
      </symbol>
      <symbol id="sm-64d">
         <name>Init_Timers</name>
         <value>0x9586</value>
         <object_component_ref idref="oc-543"/>
      </symbol>
      <symbol id="sm-64e">
         <name>ms200Time_Sequence</name>
         <value>0x2074</value>
         <object_component_ref idref="oc-4d7"/>
      </symbol>
      <symbol id="sm-64f">
         <name>Init_Timer_B3</name>
         <value>0x8f0e</value>
         <object_component_ref idref="oc-648"/>
      </symbol>
      <symbol id="sm-650">
         <name>Init_Timer_B1</name>
         <value>0x9298</value>
         <object_component_ref idref="oc-642"/>
      </symbol>
      <symbol id="sm-651">
         <name>Init_Timer_B0</name>
         <value>0x8dd2</value>
         <object_component_ref idref="oc-63c"/>
      </symbol>
      <symbol id="sm-6d3">
         <name>operation</name>
         <value>0x20af</value>
      </symbol>
      <symbol id="sm-6d4">
         <name>move_out_case</name>
         <value>0x8a2e</value>
         <object_component_ref idref="oc-6a1"/>
      </symbol>
      <symbol id="sm-6d5">
         <name>LINE_CHECK</name>
         <value>0x8d1a</value>
         <object_component_ref idref="oc-596"/>
      </symbol>
      <symbol id="sm-6d6">
         <name>Wheels_Process</name>
         <value>0x80fc</value>
         <object_component_ref idref="oc-56c"/>
      </symbol>
      <symbol id="sm-6d7">
         <name>start_case</name>
         <value>0x9226</value>
         <object_component_ref idref="oc-69b"/>
      </symbol>
      <symbol id="sm-6d8">
         <name>intercept_case</name>
         <value>0x8d7a</value>
         <object_component_ref idref="oc-68e"/>
      </symbol>
      <symbol id="sm-6d9">
         <name>left_motor_count</name>
         <value>0x202a</value>
         <object_component_ref idref="oc-68b"/>
      </symbol>
      <symbol id="sm-6da">
         <name>state</name>
         <value>0x2026</value>
         <object_component_ref idref="oc-68b"/>
      </symbol>
      <symbol id="sm-6db">
         <name>Wheel_Stop</name>
         <value>0x9544</value>
         <object_component_ref idref="oc-59c"/>
      </symbol>
      <symbol id="sm-6dc">
         <name>wheel_period</name>
         <value>0x2030</value>
         <object_component_ref idref="oc-68b"/>
      </symbol>
      <symbol id="sm-6dd">
         <name>black_line_check</name>
         <value>0x90f0</value>
         <object_component_ref idref="oc-6de"/>
      </symbol>
      <symbol id="sm-6de">
         <name>wait_case</name>
         <value>0x9130</value>
         <object_component_ref idref="oc-694"/>
      </symbol>
      <symbol id="sm-6df">
         <name>intercept</name>
         <value>0x2035</value>
         <object_component_ref idref="oc-68b"/>
      </symbol>
      <symbol id="sm-6e0">
         <name>Turn_State</name>
         <value>0x2034</value>
         <object_component_ref idref="oc-68b"/>
      </symbol>
      <symbol id="sm-6e1">
         <name>right_motor_count</name>
         <value>0x2028</value>
         <object_component_ref idref="oc-68b"/>
      </symbol>
      <symbol id="sm-6e2">
         <name>delay_start</name>
         <value>0x202e</value>
         <object_component_ref idref="oc-68b"/>
      </symbol>
      <symbol id="sm-6e3">
         <name>end_case</name>
         <value>0x9334</value>
         <object_component_ref idref="oc-6a7"/>
      </symbol>
      <symbol id="sm-6e4">
         <name>run_time</name>
         <value>0x2032</value>
         <object_component_ref idref="oc-68b"/>
      </symbol>
      <symbol id="sm-6e5">
         <name>segment_count</name>
         <value>0x202c</value>
         <object_component_ref idref="oc-68b"/>
      </symbol>
      <symbol id="sm-774">
         <name>current_character</name>
         <value>0x20ac</value>
      </symbol>
      <symbol id="sm-775">
         <name>update_display</name>
         <value>0x20b0</value>
      </symbol>
      <symbol id="sm-776">
         <name>display_changed</name>
         <value>0x20ad</value>
      </symbol>
      <symbol id="sm-777">
         <name>display_line</name>
         <value>0x2076</value>
      </symbol>
      <symbol id="sm-778">
         <name>display</name>
         <value>0x20a2</value>
      </symbol>
      <symbol id="sm-779">
         <name>ClrDisplay_Buffer_2</name>
         <value>0x94a6</value>
         <object_component_ref idref="oc-743"/>
      </symbol>
      <symbol id="sm-77a">
         <name>ClrDisplay_Buffer_3</name>
         <value>0x94be</value>
         <object_component_ref idref="oc-749"/>
      </symbol>
      <symbol id="sm-77b">
         <name>ClrDisplay_Buffer_0</name>
         <value>0x9476</value>
         <object_component_ref idref="oc-737"/>
      </symbol>
      <symbol id="sm-77c">
         <name>ClrDisplay_Buffer_1</name>
         <value>0x948e</value>
         <object_component_ref idref="oc-73d"/>
      </symbol>
      <symbol id="sm-77d">
         <name>spi_chipselect_idle</name>
         <value>0x951a</value>
         <object_component_ref idref="oc-65b"/>
      </symbol>
      <symbol id="sm-77e">
         <name>WriteIns</name>
         <value>0x938e</value>
         <object_component_ref idref="oc-667"/>
      </symbol>
      <symbol id="sm-77f">
         <name>spi_reset_active</name>
         <value>0x95b6</value>
         <object_component_ref idref="oc-661"/>
      </symbol>
      <symbol id="sm-780">
         <name>WriteData</name>
         <value>0x9366</value>
         <object_component_ref idref="oc-7b5"/>
      </symbol>
      <symbol id="sm-781">
         <name>DisplayOnOff</name>
         <value>0x9578</value>
         <object_component_ref idref="oc-673"/>
      </symbol>
      <symbol id="sm-782">
         <name>spi_chipselect_active</name>
         <value>0x9556</value>
         <object_component_ref idref="oc-72a"/>
      </symbol>
      <symbol id="sm-783">
         <name>lcd_out</name>
         <value>0x945a</value>
         <object_component_ref idref="oc-770"/>
      </symbol>
      <symbol id="sm-784">
         <name>Display_Update</name>
         <value>0x8fa4</value>
         <object_component_ref idref="oc-6d7"/>
      </symbol>
      <symbol id="sm-785">
         <name>Init_LCD</name>
         <value>0x855a</value>
         <object_component_ref idref="oc-549"/>
      </symbol>
      <symbol id="sm-786">
         <name>SPI_B1_write</name>
         <value>0x943e</value>
         <object_component_ref idref="oc-730"/>
      </symbol>
      <symbol id="sm-787">
         <name>Init_SPI_B1</name>
         <value>0x9070</value>
         <object_component_ref idref="oc-64f"/>
      </symbol>
      <symbol id="sm-788">
         <name>spi_reset_idle</name>
         <value>0x95bc</value>
         <object_component_ref idref="oc-655"/>
      </symbol>
      <symbol id="sm-789">
         <name>ClrDisplay</name>
         <value>0x94ee</value>
         <object_component_ref idref="oc-66d"/>
      </symbol>
      <symbol id="sm-7aa">
         <name>__TI_decompress_lzss</name>
         <value>0x846c</value>
         <object_component_ref idref="oc-66"/>
      </symbol>
      <symbol id="sm-7bb">
         <name>__TI_decompress_none</name>
         <value>0x91ea</value>
         <object_component_ref idref="oc-6c"/>
      </symbol>
      <symbol id="sm-7be">
         <name>__TI_int23</name>
         <value>0xffd0</value>
         <object_component_ref idref="oc-73"/>
      </symbol>
      <symbol id="sm-7c6">
         <name>__TI_ISR_TRAP</name>
         <value>0x9902</value>
         <object_component_ref idref="oc-43d"/>
      </symbol>
      <symbol id="sm-7c9">
         <name>__TI_int25</name>
         <value>0xffd4</value>
         <object_component_ref idref="oc-75"/>
      </symbol>
      <symbol id="sm-7cc">
         <name>__TI_int26</name>
         <value>0xffd6</value>
         <object_component_ref idref="oc-76"/>
      </symbol>
      <symbol id="sm-7cf">
         <name>__TI_int27</name>
         <value>0xffd8</value>
         <object_component_ref idref="oc-77"/>
      </symbol>
      <symbol id="sm-7d2">
         <name>__TI_int28</name>
         <value>0xffda</value>
         <object_component_ref idref="oc-78"/>
      </symbol>
      <symbol id="sm-7d5">
         <name>__TI_int30</name>
         <value>0xffde</value>
         <object_component_ref idref="oc-7a"/>
      </symbol>
      <symbol id="sm-7d8">
         <name>__TI_int31</name>
         <value>0xffe0</value>
         <object_component_ref idref="oc-7b"/>
      </symbol>
      <symbol id="sm-7db">
         <name>__TI_int34</name>
         <value>0xffe6</value>
         <object_component_ref idref="oc-7e"/>
      </symbol>
      <symbol id="sm-7de">
         <name>__TI_int35</name>
         <value>0xffe8</value>
         <object_component_ref idref="oc-7f"/>
      </symbol>
      <symbol id="sm-7e1">
         <name>__TI_int36</name>
         <value>0xffea</value>
         <object_component_ref idref="oc-80"/>
      </symbol>
      <symbol id="sm-7e4">
         <name>__TI_int37</name>
         <value>0xffec</value>
         <object_component_ref idref="oc-81"/>
      </symbol>
      <symbol id="sm-7e7">
         <name>__TI_int38</name>
         <value>0xffee</value>
         <object_component_ref idref="oc-82"/>
      </symbol>
      <symbol id="sm-7ea">
         <name>__TI_int39</name>
         <value>0xfff0</value>
         <object_component_ref idref="oc-83"/>
      </symbol>
      <symbol id="sm-7ed">
         <name>__TI_int44</name>
         <value>0xfffa</value>
         <object_component_ref idref="oc-88"/>
      </symbol>
      <symbol id="sm-7f0">
         <name>__TI_int45</name>
         <value>0xfffc</value>
         <object_component_ref idref="oc-89"/>
      </symbol>
      <symbol id="sm-800">
         <name>__TI_zero_init_nomemset</name>
         <value>0x9170</value>
         <object_component_ref idref="oc-472"/>
      </symbol>
      <symbol id="sm-80b">
         <name>__memcpy_far</name>
         <value>0x90b0</value>
         <object_component_ref idref="oc-42b"/>
      </symbol>
      <symbol id="sm-814">
         <name>__mspabi_mpyi_f5hw</name>
         <value>0x94d6</value>
         <object_component_ref idref="oc-763"/>
      </symbol>
      <symbol id="sm-828">
         <name>_c_int00_noargs_mpu</name>
         <value>0x98d4</value>
         <object_component_ref idref="oc-49c"/>
      </symbol>
      <symbol id="sm-829">
         <name>_stack</name>
         <value>0x2f60</value>
         <object_component_ref idref="oc-41c"/>
      </symbol>
      <symbol id="sm-82a">
         <name>_reset_vector</name>
         <value>0xfffe</value>
         <object_component_ref idref="oc-41f"/>
      </symbol>
      <symbol id="sm-838">
         <name>__mpu_init</name>
         <value>0x91ae</value>
         <object_component_ref idref="oc-502"/>
      </symbol>
      <symbol id="sm-85b">
         <name>__TI_auto_init_nobinit_nopinit_hold_wdt</name>
         <value>0x8be0</value>
         <object_component_ref idref="oc-5c7"/>
      </symbol>
      <symbol id="sm-864">
         <name>_system_post_cinit</name>
         <value>0x95c6</value>
         <object_component_ref idref="oc-6f8"/>
      </symbol>
      <symbol id="sm-86d">
         <name>_system_pre_init</name>
         <value>0x95c2</value>
         <object_component_ref idref="oc-4ea"/>
      </symbol>
      <symbol id="sm-878">
         <name>C$$EXIT</name>
         <value>0x95b0</value>
         <object_component_ref idref="oc-5a3"/>
      </symbol>
      <symbol id="sm-879">
         <name>abort</name>
         <value>0x95b0</value>
         <object_component_ref idref="oc-5a3"/>
      </symbol>
      <symbol id="sm-889">
         <name>strcpy</name>
         <value>0x9568</value>
         <object_component_ref idref="oc-563"/>
      </symbol>
   </symbol_table>
   <title>Link successful</title>
</link_info>
