<?xml version="1.0" encoding="ISO-8859-1" ?>
<link_info>
   <banner>MSP430 Linker PC v21.6.1.LTS</banner>
   <copyright>Copyright (c) 2003-2018 Texas Instruments Incorporated</copyright>
   <link_time>0x67d8a366</link_time>
   <link_errors>0x0</link_errors>
   <output_file>Project 7 d.out</output_file>
   <entry_point>
      <name>_c_int00_noargs_mpu</name>
      <address>0x958e</address>
   </entry_point>
   <input_file_list>
      <input_file id="fl-2">
         <path>.\</path>
         <kind>object</kind>
         <file>ADC.obj</file>
         <name>ADC.obj</name>
      </input_file>
      <input_file id="fl-3">
         <path>.\</path>
         <kind>object</kind>
         <file>clocks.obj</file>
         <name>clocks.obj</name>
      </input_file>
      <input_file id="fl-4">
         <path>.\</path>
         <kind>object</kind>
         <file>display.obj</file>
         <name>display.obj</name>
      </input_file>
      <input_file id="fl-5">
         <path>.\</path>
         <kind>object</kind>
         <file>hexToBCD.obj</file>
         <name>hexToBCD.obj</name>
      </input_file>
      <input_file id="fl-6">
         <path>.\</path>
         <kind>object</kind>
         <file>init.obj</file>
         <name>init.obj</name>
      </input_file>
      <input_file id="fl-7">
         <path>.\</path>
         <kind>object</kind>
         <file>interrupt_ports.obj</file>
         <name>interrupt_ports.obj</name>
      </input_file>
      <input_file id="fl-8">
         <path>.\</path>
         <kind>object</kind>
         <file>interrupts_timers.obj</file>
         <name>interrupts_timers.obj</name>
      </input_file>
      <input_file id="fl-9">
         <path>.\</path>
         <kind>object</kind>
         <file>led.obj</file>
         <name>led.obj</name>
      </input_file>
      <input_file id="fl-a">
         <path>.\</path>
         <kind>object</kind>
         <file>main.obj</file>
         <name>main.obj</name>
      </input_file>
      <input_file id="fl-b">
         <path>.\</path>
         <kind>object</kind>
         <file>ports.obj</file>
         <name>ports.obj</name>
      </input_file>
      <input_file id="fl-c">
         <path>.\</path>
         <kind>object</kind>
         <file>switches.obj</file>
         <name>switches.obj</name>
      </input_file>
      <input_file id="fl-d">
         <path>.\</path>
         <kind>object</kind>
         <file>system.obj</file>
         <name>system.obj</name>
      </input_file>
      <input_file id="fl-e">
         <path>.\</path>
         <kind>object</kind>
         <file>timers.obj</file>
         <name>timers.obj</name>
      </input_file>
      <input_file id="fl-f">
         <path>.\</path>
         <kind>object</kind>
         <file>unused_functions.obj</file>
         <name>unused_functions.obj</name>
      </input_file>
      <input_file id="fl-10">
         <path>.\</path>
         <kind>object</kind>
         <file>wheels.obj</file>
         <name>wheels.obj</name>
      </input_file>
      <input_file id="fl-11">
         <path>..\Compiled\</path>
         <kind>object</kind>
         <file>LCD.obj</file>
         <name>LCD.obj</name>
      </input_file>
      <input_file id="fl-17">
         <kind>object</kind>
         <file>&lt;internal&gt;</file>
         <name>&lt;internal&gt;</name>
      </input_file>
      <input_file id="fl-32">
         <path>C:\ti\ccs1280\ccs\tools\compiler\ti-cgt-msp430_21.6.1.LTS\lib\</path>
         <kind>archive</kind>
         <file>rts430x_lc_sd_eabi.lib</file>
         <name>copy_decompress_lzss.c.obj</name>
      </input_file>
      <input_file id="fl-33">
         <path>C:\ti\ccs1280\ccs\tools\compiler\ti-cgt-msp430_21.6.1.LTS\lib\</path>
         <kind>archive</kind>
         <file>rts430x_lc_sd_eabi.lib</file>
         <name>copy_decompress_none.c.obj</name>
      </input_file>
      <input_file id="fl-34">
         <path>C:\ti\ccs1280\ccs\tools\compiler\ti-cgt-msp430_21.6.1.LTS\lib\</path>
         <kind>archive</kind>
         <file>rts430x_lc_sd_eabi.lib</file>
         <name>int23.asm.obj</name>
      </input_file>
      <input_file id="fl-35">
         <path>C:\ti\ccs1280\ccs\tools\compiler\ti-cgt-msp430_21.6.1.LTS\lib\</path>
         <kind>archive</kind>
         <file>rts430x_lc_sd_eabi.lib</file>
         <name>isr_trap.asm.obj</name>
      </input_file>
      <input_file id="fl-36">
         <path>C:\ti\ccs1280\ccs\tools\compiler\ti-cgt-msp430_21.6.1.LTS\lib\</path>
         <kind>archive</kind>
         <file>rts430x_lc_sd_eabi.lib</file>
         <name>int25.asm.obj</name>
      </input_file>
      <input_file id="fl-37">
         <path>C:\ti\ccs1280\ccs\tools\compiler\ti-cgt-msp430_21.6.1.LTS\lib\</path>
         <kind>archive</kind>
         <file>rts430x_lc_sd_eabi.lib</file>
         <name>int26.asm.obj</name>
      </input_file>
      <input_file id="fl-38">
         <path>C:\ti\ccs1280\ccs\tools\compiler\ti-cgt-msp430_21.6.1.LTS\lib\</path>
         <kind>archive</kind>
         <file>rts430x_lc_sd_eabi.lib</file>
         <name>int27.asm.obj</name>
      </input_file>
      <input_file id="fl-39">
         <path>C:\ti\ccs1280\ccs\tools\compiler\ti-cgt-msp430_21.6.1.LTS\lib\</path>
         <kind>archive</kind>
         <file>rts430x_lc_sd_eabi.lib</file>
         <name>int28.asm.obj</name>
      </input_file>
      <input_file id="fl-3a">
         <path>C:\ti\ccs1280\ccs\tools\compiler\ti-cgt-msp430_21.6.1.LTS\lib\</path>
         <kind>archive</kind>
         <file>rts430x_lc_sd_eabi.lib</file>
         <name>int30.asm.obj</name>
      </input_file>
      <input_file id="fl-3b">
         <path>C:\ti\ccs1280\ccs\tools\compiler\ti-cgt-msp430_21.6.1.LTS\lib\</path>
         <kind>archive</kind>
         <file>rts430x_lc_sd_eabi.lib</file>
         <name>int31.asm.obj</name>
      </input_file>
      <input_file id="fl-3c">
         <path>C:\ti\ccs1280\ccs\tools\compiler\ti-cgt-msp430_21.6.1.LTS\lib\</path>
         <kind>archive</kind>
         <file>rts430x_lc_sd_eabi.lib</file>
         <name>int32.asm.obj</name>
      </input_file>
      <input_file id="fl-3d">
         <path>C:\ti\ccs1280\ccs\tools\compiler\ti-cgt-msp430_21.6.1.LTS\lib\</path>
         <kind>archive</kind>
         <file>rts430x_lc_sd_eabi.lib</file>
         <name>int33.asm.obj</name>
      </input_file>
      <input_file id="fl-3e">
         <path>C:\ti\ccs1280\ccs\tools\compiler\ti-cgt-msp430_21.6.1.LTS\lib\</path>
         <kind>archive</kind>
         <file>rts430x_lc_sd_eabi.lib</file>
         <name>int34.asm.obj</name>
      </input_file>
      <input_file id="fl-3f">
         <path>C:\ti\ccs1280\ccs\tools\compiler\ti-cgt-msp430_21.6.1.LTS\lib\</path>
         <kind>archive</kind>
         <file>rts430x_lc_sd_eabi.lib</file>
         <name>int35.asm.obj</name>
      </input_file>
      <input_file id="fl-40">
         <path>C:\ti\ccs1280\ccs\tools\compiler\ti-cgt-msp430_21.6.1.LTS\lib\</path>
         <kind>archive</kind>
         <file>rts430x_lc_sd_eabi.lib</file>
         <name>int36.asm.obj</name>
      </input_file>
      <input_file id="fl-41">
         <path>C:\ti\ccs1280\ccs\tools\compiler\ti-cgt-msp430_21.6.1.LTS\lib\</path>
         <kind>archive</kind>
         <file>rts430x_lc_sd_eabi.lib</file>
         <name>int37.asm.obj</name>
      </input_file>
      <input_file id="fl-42">
         <path>C:\ti\ccs1280\ccs\tools\compiler\ti-cgt-msp430_21.6.1.LTS\lib\</path>
         <kind>archive</kind>
         <file>rts430x_lc_sd_eabi.lib</file>
         <name>int38.asm.obj</name>
      </input_file>
      <input_file id="fl-43">
         <path>C:\ti\ccs1280\ccs\tools\compiler\ti-cgt-msp430_21.6.1.LTS\lib\</path>
         <kind>archive</kind>
         <file>rts430x_lc_sd_eabi.lib</file>
         <name>int39.asm.obj</name>
      </input_file>
      <input_file id="fl-44">
         <path>C:\ti\ccs1280\ccs\tools\compiler\ti-cgt-msp430_21.6.1.LTS\lib\</path>
         <kind>archive</kind>
         <file>rts430x_lc_sd_eabi.lib</file>
         <name>int44.asm.obj</name>
      </input_file>
      <input_file id="fl-45">
         <path>C:\ti\ccs1280\ccs\tools\compiler\ti-cgt-msp430_21.6.1.LTS\lib\</path>
         <kind>archive</kind>
         <file>rts430x_lc_sd_eabi.lib</file>
         <name>int45.asm.obj</name>
      </input_file>
      <input_file id="fl-46">
         <path>C:\ti\ccs1280\ccs\tools\compiler\ti-cgt-msp430_21.6.1.LTS\lib\</path>
         <kind>archive</kind>
         <file>rts430x_lc_sd_eabi.lib</file>
         <name>copy_zero_init.c.obj</name>
      </input_file>
      <input_file id="fl-47">
         <path>C:\ti\ccs1280\ccs\tools\compiler\ti-cgt-msp430_21.6.1.LTS\lib\</path>
         <kind>archive</kind>
         <file>rts430x_lc_sd_eabi.lib</file>
         <name>cpy_util.asm.obj</name>
      </input_file>
      <input_file id="fl-48">
         <path>C:\ti\ccs1280\ccs\tools\compiler\ti-cgt-msp430_21.6.1.LTS\lib\</path>
         <kind>archive</kind>
         <file>rts430x_lc_sd_eabi.lib</file>
         <name>mult16.asm.obj</name>
      </input_file>
      <input_file id="fl-49">
         <path>C:\ti\ccs1280\ccs\tools\compiler\ti-cgt-msp430_21.6.1.LTS\lib\</path>
         <kind>archive</kind>
         <file>rts430x_lc_sd_eabi.lib</file>
         <name>mult16_f5hw.asm.obj</name>
      </input_file>
      <input_file id="fl-4a">
         <path>C:\ti\ccs1280\ccs\tools\compiler\ti-cgt-msp430_21.6.1.LTS\lib\</path>
         <kind>archive</kind>
         <file>rts430x_lc_sd_eabi.lib</file>
         <name>mult32_f5hw.asm.obj</name>
      </input_file>
      <input_file id="fl-4b">
         <path>C:\ti\ccs1280\ccs\tools\compiler\ti-cgt-msp430_21.6.1.LTS\lib\</path>
         <kind>archive</kind>
         <file>rts430x_lc_sd_eabi.lib</file>
         <name>mult64_f5hw.asm.obj</name>
      </input_file>
      <input_file id="fl-4c">
         <path>C:\ti\ccs1280\ccs\tools\compiler\ti-cgt-msp430_21.6.1.LTS\lib\</path>
         <kind>archive</kind>
         <file>rts430x_lc_sd_eabi.lib</file>
         <name>mult1632_f5hw.asm.obj</name>
      </input_file>
      <input_file id="fl-4d">
         <path>C:\ti\ccs1280\ccs\tools\compiler\ti-cgt-msp430_21.6.1.LTS\lib\</path>
         <kind>archive</kind>
         <file>rts430x_lc_sd_eabi.lib</file>
         <name>mult3264_f5hw.asm.obj</name>
      </input_file>
      <input_file id="fl-4e">
         <path>C:\ti\ccs1280\ccs\tools\compiler\ti-cgt-msp430_21.6.1.LTS\lib\</path>
         <kind>archive</kind>
         <file>rts430x_lc_sd_eabi.lib</file>
         <name>boot.c.obj</name>
      </input_file>
      <input_file id="fl-4f">
         <path>C:\ti\ccs1280\ccs\ccs_base\msp430\lib\FR2xx\</path>
         <kind>archive</kind>
         <file>FRWP_INIT_LIB_CCS_msp430_large_code_small_data.lib</file>
         <name>frwp_init.obj</name>
      </input_file>
      <input_file id="fl-50">
         <path>C:\ti\ccs1280\ccs\tools\compiler\ti-cgt-msp430_21.6.1.LTS\lib\</path>
         <kind>archive</kind>
         <file>rts430x_lc_sd_eabi.lib</file>
         <name>args_main.c.obj</name>
      </input_file>
      <input_file id="fl-51">
         <path>C:\ti\ccs1280\ccs\tools\compiler\ti-cgt-msp430_21.6.1.LTS\lib\</path>
         <kind>archive</kind>
         <file>rts430x_lc_sd_eabi.lib</file>
         <name>autoinit.c.obj</name>
      </input_file>
      <input_file id="fl-52">
         <path>C:\ti\ccs1280\ccs\tools\compiler\ti-cgt-msp430_21.6.1.LTS\lib\</path>
         <kind>archive</kind>
         <file>rts430x_lc_sd_eabi.lib</file>
         <name>startup.c.obj</name>
      </input_file>
      <input_file id="fl-53">
         <path>C:\ti\ccs1280\ccs\tools\compiler\ti-cgt-msp430_21.6.1.LTS\lib\</path>
         <kind>archive</kind>
         <file>rts430x_lc_sd_eabi.lib</file>
         <name>pre_init.c.obj</name>
      </input_file>
      <input_file id="fl-54">
         <path>C:\ti\ccs1280\ccs\tools\compiler\ti-cgt-msp430_21.6.1.LTS\lib\</path>
         <kind>archive</kind>
         <file>rts430x_lc_sd_eabi.lib</file>
         <name>cpy_tbl.c.obj</name>
      </input_file>
      <input_file id="fl-55">
         <path>C:\ti\ccs1280\ccs\tools\compiler\ti-cgt-msp430_21.6.1.LTS\lib\</path>
         <kind>archive</kind>
         <file>rts430x_lc_sd_eabi.lib</file>
         <name>exit.c.obj</name>
      </input_file>
      <input_file id="fl-56">
         <path>C:\ti\ccs1280\ccs\tools\compiler\ti-cgt-msp430_21.6.1.LTS\lib\</path>
         <kind>archive</kind>
         <file>rts430x_lc_sd_eabi.lib</file>
         <name>exit_gvars.c.obj</name>
      </input_file>
      <input_file id="fl-57">
         <path>C:\ti\ccs1280\ccs\tools\compiler\ti-cgt-msp430_21.6.1.LTS\lib\</path>
         <kind>archive</kind>
         <file>rts430x_lc_sd_eabi.lib</file>
         <name>_lock.c.obj</name>
      </input_file>
      <input_file id="fl-58">
         <path>C:\ti\ccs1280\ccs\tools\compiler\ti-cgt-msp430_21.6.1.LTS\lib\</path>
         <kind>archive</kind>
         <file>rts430x_lc_sd_eabi.lib</file>
         <name>memcpy.c.obj</name>
      </input_file>
      <input_file id="fl-59">
         <path>C:\ti\ccs1280\ccs\tools\compiler\ti-cgt-msp430_21.6.1.LTS\lib\</path>
         <kind>archive</kind>
         <file>rts430x_lc_sd_eabi.lib</file>
         <name>strcpy.c.obj</name>
      </input_file>
   </input_file_list>
   <object_component_list>
      <object_component id="oc-7ec">
         <name>.cinit..data.load</name>
         <load_address>0x8000</load_address>
         <run_address>0x8000</run_address>
         <size>0x2b</size>
      </object_component>
      <object_component id="oc-7e9">
         <name>__TI_handler_table</name>
         <load_address>0x802c</load_address>
         <run_address>0x802c</run_address>
         <size>0xc</size>
      </object_component>
      <object_component id="oc-7eb">
         <name>.cinit..bss.load</name>
         <load_address>0x8038</load_address>
         <run_address>0x8038</run_address>
         <size>0x6</size>
      </object_component>
      <object_component id="oc-7ea">
         <name>__TI_cinit_table</name>
         <load_address>0x803e</load_address>
         <run_address>0x803e</run_address>
         <size>0x10</size>
      </object_component>
      <object_component id="oc-789">
         <name>.binit</name>
         <load_address>0x804e</load_address>
         <run_address>0x804e</run_address>
         <size>0x0</size>
      </object_component>
      <object_component id="oc-650">
         <name>.const:.string</name>
         <load_address>0x804e</load_address>
         <run_address>0x804e</run_address>
         <size>0x9c</size>
         <input_file_ref idref="fl-10"/>
      </object_component>
      <object_component id="oc-52c">
         <name>.const:.string</name>
         <load_address>0x80ea</load_address>
         <run_address>0x80ea</run_address>
         <size>0xc</size>
         <input_file_ref idref="fl-a"/>
      </object_component>
      <object_component id="oc-536">
         <name>.text:Wheels_Process</name>
         <load_address>0x80f6</load_address>
         <run_address>0x80f6</run_address>
         <size>0x224</size>
         <input_file_ref idref="fl-10"/>
      </object_component>
      <object_component id="oc-4d3">
         <name>.text:main</name>
         <load_address>0x831a</load_address>
         <run_address>0x831a</run_address>
         <size>0x106</size>
         <input_file_ref idref="fl-a"/>
      </object_component>
      <object_component id="oc-66">
         <name>.text:decompress:lzss:__TI_decompress_lzss</name>
         <load_address>0x8420</load_address>
         <run_address>0x8420</run_address>
         <size>0xee</size>
         <input_file_ref idref="fl-32"/>
      </object_component>
      <object_component id="oc-51f">
         <name>.text:Init_LCD</name>
         <load_address>0x850e</load_address>
         <run_address>0x850e</run_address>
         <size>0xc4</size>
         <input_file_ref idref="fl-11"/>
      </object_component>
      <object_component id="oc-5e5">
         <name>.text:Software_Trim</name>
         <load_address>0x85d2</load_address>
         <run_address>0x85d2</run_address>
         <size>0xbe</size>
         <input_file_ref idref="fl-3"/>
      </object_component>
      <object_component id="oc-5d2">
         <name>.text:Init_Port6</name>
         <load_address>0x8690</load_address>
         <run_address>0x8690</run_address>
         <size>0xa4</size>
         <input_file_ref idref="fl-b"/>
      </object_component>
      <object_component id="oc-5ba">
         <name>.text:Init_Port2</name>
         <load_address>0x8734</load_address>
         <run_address>0x8734</run_address>
         <size>0x9a</size>
         <input_file_ref idref="fl-b"/>
      </object_component>
      <object_component id="oc-5c6">
         <name>.text:Init_Port4</name>
         <load_address>0x87ce</load_address>
         <run_address>0x87ce</run_address>
         <size>0x86</size>
         <input_file_ref idref="fl-b"/>
      </object_component>
      <object_component id="oc-669">
         <name>.text:TIMERtoBCD</name>
         <load_address>0x8854</load_address>
         <run_address>0x8854</run_address>
         <size>0x80</size>
         <input_file_ref idref="fl-5"/>
      </object_component>
      <object_component id="oc-675">
         <name>.text:HEXtoBCD</name>
         <load_address>0x88d4</load_address>
         <run_address>0x88d4</run_address>
         <size>0x76</size>
         <input_file_ref idref="fl-5"/>
      </object_component>
      <object_component id="oc-5c0">
         <name>.text:Init_Port3</name>
         <load_address>0x894a</load_address>
         <run_address>0x894a</run_address>
         <size>0x74</size>
         <input_file_ref idref="fl-b"/>
      </object_component>
      <object_component id="oc-657">
         <name>.text:move_out_case</name>
         <load_address>0x89be</load_address>
         <run_address>0x89be</run_address>
         <size>0x70</size>
         <input_file_ref idref="fl-10"/>
      </object_component>
      <object_component id="oc-525">
         <name>.text:Init_ADC</name>
         <load_address>0x8a2e</load_address>
         <run_address>0x8a2e</run_address>
         <size>0x6e</size>
         <input_file_ref idref="fl-2"/>
      </object_component>
      <object_component id="oc-54e">
         <name>.text:Carlson_StateMachine</name>
         <load_address>0x8a9c</load_address>
         <run_address>0x8a9c</run_address>
         <size>0x6a</size>
         <input_file_ref idref="fl-a"/>
      </object_component>
      <object_component id="oc-689">
         <name>.text:Switch2_Process</name>
         <load_address>0x8b06</load_address>
         <run_address>0x8b06</run_address>
         <size>0x6a</size>
         <input_file_ref idref="fl-c"/>
      </object_component>
      <object_component id="oc-585">
         <name>.text:__TI_auto_init_nobinit_nopinit_hold_wdt:__TI_auto_init_nobinit_nopinit_hold_wdt</name>
         <load_address>0x8b70</load_address>
         <run_address>0x8b70</run_address>
         <size>0x6a</size>
         <input_file_ref idref="fl-51"/>
      </object_component>
      <object_component id="oc-50d">
         <name>.text:Init_Clocks</name>
         <load_address>0x8bda</load_address>
         <run_address>0x8bda</run_address>
         <size>0x68</size>
         <input_file_ref idref="fl-3"/>
      </object_component>
      <object_component id="oc-513">
         <name>.text:Init_Conditions</name>
         <load_address>0x8c42</load_address>
         <run_address>0x8c42</run_address>
         <size>0x68</size>
         <input_file_ref idref="fl-6"/>
      </object_component>
      <object_component id="oc-638">
         <name>.text:intercept_case</name>
         <load_address>0x8caa</load_address>
         <run_address>0x8caa</run_address>
         <size>0x54</size>
         <input_file_ref idref="fl-10"/>
      </object_component>
      <object_component id="oc-5f4">
         <name>.text:Init_Timer_B0</name>
         <load_address>0x8cfe</load_address>
         <run_address>0x8cfe</run_address>
         <size>0x50</size>
         <input_file_ref idref="fl-e"/>
      </object_component>
      <object_component id="oc-683">
         <name>.text:Switch1_Process</name>
         <load_address>0x8d4e</load_address>
         <run_address>0x8d4e</run_address>
         <size>0x50</size>
         <input_file_ref idref="fl-c"/>
      </object_component>
      <object_component id="oc-548">
         <name>.text:LCD_update_ADC</name>
         <load_address>0x8d9e</load_address>
         <run_address>0x8d9e</run_address>
         <size>0x4e</size>
         <input_file_ref idref="fl-4"/>
      </object_component>
      <object_component id="oc-600">
         <name>.text:Init_Timer_B3</name>
         <load_address>0x8dec</load_address>
         <run_address>0x8dec</run_address>
         <size>0x4c</size>
         <input_file_ref idref="fl-e"/>
      </object_component>
      <object_component id="oc-5b4">
         <name>.text:Init_Port1</name>
         <load_address>0x8e38</load_address>
         <run_address>0x8e38</run_address>
         <size>0x4a</size>
         <input_file_ref idref="fl-b"/>
      </object_component>
      <object_component id="oc-690">
         <name>.text:Display_Update</name>
         <load_address>0x8e82</load_address>
         <run_address>0x8e82</run_address>
         <size>0x44</size>
         <input_file_ref idref="fl-11"/>
      </object_component>
      <object_component id="oc-607">
         <name>.text:Init_SPI_B1</name>
         <load_address>0x8ec6</load_address>
         <run_address>0x8ec6</run_address>
         <size>0x40</size>
         <input_file_ref idref="fl-11"/>
      </object_component>
      <object_component id="oc-42b">
         <name>.text:__memcpy_far</name>
         <load_address>0x8f06</load_address>
         <run_address>0x8f06</run_address>
         <size>0x40</size>
         <input_file_ref idref="fl-47"/>
      </object_component>
      <object_component id="oc-63e">
         <name>.text:black_line_check</name>
         <load_address>0x8f46</load_address>
         <run_address>0x8f46</run_address>
         <size>0x40</size>
         <input_file_ref idref="fl-10"/>
      </object_component>
      <object_component id="oc-64a">
         <name>.text:wait_case</name>
         <load_address>0x8f86</load_address>
         <run_address>0x8f86</run_address>
         <size>0x40</size>
         <input_file_ref idref="fl-10"/>
      </object_component>
      <object_component id="oc-466">
         <name>.text:decompress:ZI:__TI_zero_init_nomemset:__TI_zero_init_nomemset</name>
         <load_address>0x8fc6</load_address>
         <run_address>0x8fc6</run_address>
         <size>0x3e</size>
         <input_file_ref idref="fl-46"/>
      </object_component>
      <object_component id="oc-4e5">
         <name>.text:__mpu_init</name>
         <load_address>0x9004</load_address>
         <run_address>0x9004</run_address>
         <size>0x3c</size>
         <input_file_ref idref="fl-4f"/>
      </object_component>
      <object_component id="oc-6c">
         <name>.text:decompress:none:__TI_decompress_none</name>
         <load_address>0x9040</load_address>
         <run_address>0x9040</run_address>
         <size>0x3c</size>
         <input_file_ref idref="fl-33"/>
      </object_component>
      <object_component id="oc-651">
         <name>.text:start_case</name>
         <load_address>0x907c</load_address>
         <run_address>0x907c</run_address>
         <size>0x3a</size>
         <input_file_ref idref="fl-10"/>
      </object_component>
      <object_component id="oc-66f">
         <name>.text:timer_line</name>
         <load_address>0x90b6</load_address>
         <run_address>0x90b6</run_address>
         <size>0x38</size>
         <input_file_ref idref="fl-5"/>
      </object_component>
      <object_component id="oc-5fa">
         <name>.text:Init_Timer_B1</name>
         <load_address>0x90ee</load_address>
         <run_address>0x90ee</run_address>
         <size>0x36</size>
         <input_file_ref idref="fl-e"/>
      </object_component>
      <object_component id="oc-67b">
         <name>.text:adc_line</name>
         <load_address>0x9124</load_address>
         <run_address>0x9124</run_address>
         <size>0x34</size>
         <input_file_ref idref="fl-5"/>
      </object_component>
      <object_component id="oc-5cc">
         <name>.text:Init_Port5</name>
         <load_address>0x9158</load_address>
         <run_address>0x9158</run_address>
         <size>0x32</size>
         <input_file_ref idref="fl-b"/>
      </object_component>
      <object_component id="oc-65d">
         <name>.text:end_case</name>
         <load_address>0x918a</load_address>
         <run_address>0x918a</run_address>
         <size>0x32</size>
         <input_file_ref idref="fl-10"/>
      </object_component>
      <object_component id="oc-76a">
         <name>.text:WriteData</name>
         <load_address>0x91bc</load_address>
         <run_address>0x91bc</run_address>
         <size>0x28</size>
         <input_file_ref idref="fl-11"/>
      </object_component>
      <object_component id="oc-61f">
         <name>.text:WriteIns</name>
         <load_address>0x91e4</load_address>
         <run_address>0x91e4</run_address>
         <size>0x28</size>
         <input_file_ref idref="fl-11"/>
      </object_component>
      <object_component id="oc-55a">
         <name>.text:Display_Process</name>
         <load_address>0x920c</load_address>
         <run_address>0x920c</run_address>
         <size>0x22</size>
         <input_file_ref idref="fl-4"/>
      </object_component>
      <object_component id="oc-507">
         <name>.text:Init_Ports</name>
         <load_address>0x922e</load_address>
         <run_address>0x922e</run_address>
         <size>0x22</size>
         <input_file_ref idref="fl-b"/>
      </object_component>
      <object_component id="oc-53c">
         <name>.text:P6_LCheck</name>
         <load_address>0x9250</load_address>
         <run_address>0x9250</run_address>
         <size>0x22</size>
         <input_file_ref idref="fl-a"/>
      </object_component>
      <object_component id="oc-542">
         <name>.text:P6_RCheck</name>
         <load_address>0x9272</load_address>
         <run_address>0x9272</run_address>
         <size>0x22</size>
         <input_file_ref idref="fl-a"/>
      </object_component>
      <object_component id="oc-6e1">
         <name>.text:SPI_B1_write</name>
         <load_address>0x9294</load_address>
         <run_address>0x9294</run_address>
         <size>0x1c</size>
         <input_file_ref idref="fl-11"/>
      </object_component>
      <object_component id="oc-724">
         <name>.text:lcd_out</name>
         <load_address>0x92b0</load_address>
         <run_address>0x92b0</run_address>
         <size>0x1c</size>
         <input_file_ref idref="fl-11"/>
      </object_component>
      <object_component id="oc-6e8">
         <name>.text:ClrDisplay_Buffer_0</name>
         <load_address>0x92cc</load_address>
         <run_address>0x92cc</run_address>
         <size>0x18</size>
         <input_file_ref idref="fl-11"/>
      </object_component>
      <object_component id="oc-6ee">
         <name>.text:ClrDisplay_Buffer_1</name>
         <load_address>0x92e4</load_address>
         <run_address>0x92e4</run_address>
         <size>0x18</size>
         <input_file_ref idref="fl-11"/>
      </object_component>
      <object_component id="oc-6f4">
         <name>.text:ClrDisplay_Buffer_2</name>
         <load_address>0x92fc</load_address>
         <run_address>0x92fc</run_address>
         <size>0x18</size>
         <input_file_ref idref="fl-11"/>
      </object_component>
      <object_component id="oc-6fa">
         <name>.text:ClrDisplay_Buffer_3</name>
         <load_address>0x9314</load_address>
         <run_address>0x9314</run_address>
         <size>0x18</size>
         <input_file_ref idref="fl-11"/>
      </object_component>
      <object_component id="oc-717">
         <name>.text</name>
         <load_address>0x932c</load_address>
         <run_address>0x932c</run_address>
         <size>0x18</size>
         <input_file_ref idref="fl-49"/>
      </object_component>
      <object_component id="oc-625">
         <name>.text:ClrDisplay</name>
         <load_address>0x9344</load_address>
         <run_address>0x9344</run_address>
         <size>0x16</size>
         <input_file_ref idref="fl-11"/>
      </object_component>
      <object_component id="oc-5de">
         <name>.text:Forward_Test</name>
         <load_address>0x935a</load_address>
         <run_address>0x935a</run_address>
         <size>0x16</size>
         <input_file_ref idref="fl-b"/>
      </object_component>
      <object_component id="oc-613">
         <name>.text:spi_chipselect_idle</name>
         <load_address>0x9370</load_address>
         <run_address>0x9370</run_address>
         <size>0x16</size>
         <input_file_ref idref="fl-11"/>
      </object_component>
      <object_component id="oc-5d8">
         <name>.text:Turn_Off_Motors</name>
         <load_address>0x9386</load_address>
         <run_address>0x9386</run_address>
         <size>0x14</size>
         <input_file_ref idref="fl-b"/>
      </object_component>
      <object_component id="oc-644">
         <name>.text:Wheel_Stop</name>
         <load_address>0x939a</load_address>
         <run_address>0x939a</run_address>
         <size>0x12</size>
         <input_file_ref idref="fl-10"/>
      </object_component>
      <object_component id="oc-6db">
         <name>.text:spi_chipselect_active</name>
         <load_address>0x93ac</load_address>
         <run_address>0x93ac</run_address>
         <size>0x12</size>
         <input_file_ref idref="fl-11"/>
      </object_component>
      <object_component id="oc-52d">
         <name>.text:strcpy</name>
         <load_address>0x93be</load_address>
         <run_address>0x93be</run_address>
         <size>0x10</size>
         <input_file_ref idref="fl-59"/>
      </object_component>
      <object_component id="oc-62b">
         <name>.text:DisplayOnOff</name>
         <load_address>0x93ce</load_address>
         <run_address>0x93ce</run_address>
         <size>0xe</size>
         <input_file_ref idref="fl-11"/>
      </object_component>
      <object_component id="oc-519">
         <name>.text:Init_Timers</name>
         <load_address>0x93dc</load_address>
         <run_address>0x93dc</run_address>
         <size>0xe</size>
         <input_file_ref idref="fl-e"/>
      </object_component>
      <object_component id="oc-554">
         <name>.text:Switches_Process</name>
         <load_address>0x93ea</load_address>
         <run_address>0x93ea</run_address>
         <size>0xa</size>
         <input_file_ref idref="fl-c"/>
      </object_component>
      <object_component id="oc-5ed">
         <name>.text:enable_interrupts</name>
         <load_address>0x93f4</load_address>
         <run_address>0x93f4</run_address>
         <size>0x8</size>
         <input_file_ref idref="fl-d"/>
      </object_component>
      <object_component id="oc-561">
         <name>.text:abort</name>
         <load_address>0x93fc</load_address>
         <run_address>0x93fc</run_address>
         <size>0x6</size>
         <input_file_ref idref="fl-55"/>
      </object_component>
      <object_component id="oc-619">
         <name>.text:spi_reset_active</name>
         <load_address>0x9402</load_address>
         <run_address>0x9402</run_address>
         <size>0x6</size>
         <input_file_ref idref="fl-11"/>
      </object_component>
      <object_component id="oc-60d">
         <name>.text:spi_reset_idle</name>
         <load_address>0x9408</load_address>
         <run_address>0x9408</run_address>
         <size>0x6</size>
         <input_file_ref idref="fl-11"/>
      </object_component>
      <object_component id="oc-4cd">
         <name>.text:_system_pre_init</name>
         <load_address>0x940e</load_address>
         <run_address>0x940e</run_address>
         <size>0x4</size>
         <input_file_ref idref="fl-53"/>
      </object_component>
      <object_component id="oc-6a9">
         <name>.text:_system_post_cinit</name>
         <load_address>0x9412</load_address>
         <run_address>0x9412</run_address>
         <size>0x2</size>
         <input_file_ref idref="fl-52"/>
      </object_component>
      <object_component id="oc-448">
         <name>.text:_isr:ADC_ISR</name>
         <load_address>0x9414</load_address>
         <run_address>0x9414</run_address>
         <size>0x88</size>
         <input_file_ref idref="fl-2"/>
      </object_component>
      <object_component id="oc-45a">
         <name>.text:_isr:Timer0_B1_ISR</name>
         <load_address>0x949c</load_address>
         <run_address>0x949c</run_address>
         <size>0x50</size>
         <input_file_ref idref="fl-8"/>
      </object_component>
      <object_component id="oc-437">
         <name>.text:_isr:switch1_interrupt</name>
         <load_address>0x94ec</load_address>
         <run_address>0x94ec</run_address>
         <size>0x3e</size>
         <input_file_ref idref="fl-7"/>
      </object_component>
      <object_component id="oc-442">
         <name>.text:_isr:switch2_interrupt</name>
         <load_address>0x952a</load_address>
         <run_address>0x952a</run_address>
         <size>0x3a</size>
         <input_file_ref idref="fl-7"/>
      </object_component>
      <object_component id="oc-460">
         <name>.text:_isr:Timer0_B0_ISR</name>
         <load_address>0x9564</load_address>
         <run_address>0x9564</run_address>
         <size>0x2a</size>
         <input_file_ref idref="fl-8"/>
      </object_component>
      <object_component id="oc-490">
         <name>.text:_isr:_c_int00_noargs_mpu</name>
         <load_address>0x958e</load_address>
         <run_address>0x958e</run_address>
         <size>0x20</size>
         <input_file_ref idref="fl-4e"/>
      </object_component>
      <object_component id="oc-454">
         <name>.text:_isr:Timer1_B0_ISR</name>
         <load_address>0x95ae</load_address>
         <run_address>0x95ae</run_address>
         <size>0x1c</size>
         <input_file_ref idref="fl-8"/>
      </object_component>
      <object_component id="oc-44e">
         <name>.text:_isr:Timer1_B1_ISR</name>
         <load_address>0x95ca</load_address>
         <run_address>0x95ca</run_address>
         <size>0xe</size>
         <input_file_ref idref="fl-8"/>
      </object_component>
      <object_component id="oc-43d">
         <name>.text:_isr:__TI_ISR_TRAP</name>
         <load_address>0x95d8</load_address>
         <run_address>0x95d8</run_address>
         <size>0x8</size>
         <input_file_ref idref="fl-35"/>
      </object_component>
      <object_component id="oc-534">
         <name>.common:wheel_move</name>
         <uninitialized>true</uninitialized>
         <run_address>0x2090</run_address>
         <size>0x2</size>
      </object_component>
      <object_component id="oc-535">
         <name>.common:forward</name>
         <uninitialized>true</uninitialized>
         <run_address>0x2094</run_address>
         <size>0x1</size>
      </object_component>
      <object_component id="oc-70a">
         <name>.common:operation</name>
         <uninitialized>true</uninitialized>
         <run_address>0x2095</run_address>
         <size>0x1</size>
      </object_component>
      <object_component id="oc-75a">
         <name>.common:current_character</name>
         <uninitialized>true</uninitialized>
         <run_address>0x2092</run_address>
         <size>0x1</size>
      </object_component>
      <object_component id="oc-4c0">
         <name>.common:update_display</name>
         <uninitialized>true</uninitialized>
         <run_address>0x2096</run_address>
         <size>0x1</size>
      </object_component>
      <object_component id="oc-533">
         <name>.common:display_changed</name>
         <uninitialized>true</uninitialized>
         <run_address>0x2093</run_address>
         <size>0x1</size>
      </object_component>
      <object_component id="oc-52b">
         <name>.common:display_line</name>
         <uninitialized>true</uninitialized>
         <run_address>0x205c</run_address>
         <size>0x2c</size>
      </object_component>
      <object_component id="oc-5ec">
         <name>.common:display</name>
         <uninitialized>true</uninitialized>
         <run_address>0x2088</run_address>
         <size>0x8</size>
      </object_component>
      <object_component id="oc-4b8">
         <name>.data</name>
         <load_address>0x2042</load_address>
         <run_address>0x2042</run_address>
         <size>0x8</size>
         <input_file_ref idref="fl-2"/>
      </object_component>
      <object_component id="oc-666">
         <name>.data</name>
         <load_address>0x204a</load_address>
         <run_address>0x204a</run_address>
         <size>0x6</size>
         <input_file_ref idref="fl-4"/>
      </object_component>
      <object_component id="oc-71d">
         <name>.data:adc_char</name>
         <load_address>0x2056</load_address>
         <run_address>0x2056</run_address>
         <size>0x4</size>
         <input_file_ref idref="fl-5"/>
      </object_component>
      <object_component id="oc-713">
         <name>.data:timer_char</name>
         <load_address>0x2050</load_address>
         <run_address>0x2050</run_address>
         <size>0x5</size>
         <input_file_ref idref="fl-5"/>
      </object_component>
      <object_component id="oc-4b5">
         <name>.data</name>
         <load_address>0x2000</load_address>
         <run_address>0x2000</run_address>
         <size>0x14</size>
         <input_file_ref idref="fl-8"/>
      </object_component>
      <object_component id="oc-4ac">
         <name>.data</name>
         <load_address>0x2036</load_address>
         <run_address>0x2036</run_address>
         <size>0xc</size>
         <input_file_ref idref="fl-a"/>
      </object_component>
      <object_component id="oc-4af">
         <name>.data</name>
         <load_address>0x2014</load_address>
         <run_address>0x2014</run_address>
         <size>0x12</size>
         <input_file_ref idref="fl-c"/>
      </object_component>
      <object_component id="oc-4bd">
         <name>.data</name>
         <load_address>0x205a</load_address>
         <run_address>0x205a</run_address>
         <size>0x2</size>
         <input_file_ref idref="fl-e"/>
      </object_component>
      <object_component id="oc-635">
         <name>.data</name>
         <load_address>0x2026</load_address>
         <run_address>0x2026</run_address>
         <size>0x10</size>
         <input_file_ref idref="fl-10"/>
      </object_component>
      <object_component id="oc-41c">
         <name>.stack</name>
         <uninitialized>true</uninitialized>
         <run_address>0x2f60</run_address>
         <size>0x2</size>
         <input_file_ref idref="fl-4e"/>
      </object_component>
      <object_component id="oc-7ed">
         <name>.stack</name>
         <uninitialized>true</uninitialized>
         <run_address>0x2f60</run_address>
         <size>0x0</size>
      </object_component>
      <object_component id="oc-72">
         <name>.int22</name>
         <load_address>0xffce</load_address>
         <run_address>0xffce</run_address>
         <size>0x2</size>
         <input_file_ref idref="fl-7"/>
      </object_component>
      <object_component id="oc-73">
         <name>.int23</name>
         <load_address>0xffd0</load_address>
         <run_address>0xffd0</run_address>
         <size>0x2</size>
         <input_file_ref idref="fl-34"/>
      </object_component>
      <object_component id="oc-74">
         <name>.int24</name>
         <load_address>0xffd2</load_address>
         <run_address>0xffd2</run_address>
         <size>0x2</size>
         <input_file_ref idref="fl-7"/>
      </object_component>
      <object_component id="oc-75">
         <name>.int25</name>
         <load_address>0xffd4</load_address>
         <run_address>0xffd4</run_address>
         <size>0x2</size>
         <input_file_ref idref="fl-36"/>
      </object_component>
      <object_component id="oc-76">
         <name>.int26</name>
         <load_address>0xffd6</load_address>
         <run_address>0xffd6</run_address>
         <size>0x2</size>
         <input_file_ref idref="fl-37"/>
      </object_component>
      <object_component id="oc-77">
         <name>.int27</name>
         <load_address>0xffd8</load_address>
         <run_address>0xffd8</run_address>
         <size>0x2</size>
         <input_file_ref idref="fl-38"/>
      </object_component>
      <object_component id="oc-78">
         <name>.int28</name>
         <load_address>0xffda</load_address>
         <run_address>0xffda</run_address>
         <size>0x2</size>
         <input_file_ref idref="fl-39"/>
      </object_component>
      <object_component id="oc-79">
         <name>.int29</name>
         <load_address>0xffdc</load_address>
         <run_address>0xffdc</run_address>
         <size>0x2</size>
         <input_file_ref idref="fl-2"/>
      </object_component>
      <object_component id="oc-7a">
         <name>.int30</name>
         <load_address>0xffde</load_address>
         <run_address>0xffde</run_address>
         <size>0x2</size>
         <input_file_ref idref="fl-3a"/>
      </object_component>
      <object_component id="oc-7b">
         <name>.int31</name>
         <load_address>0xffe0</load_address>
         <run_address>0xffe0</run_address>
         <size>0x2</size>
         <input_file_ref idref="fl-3b"/>
      </object_component>
      <object_component id="oc-7c">
         <name>.int32</name>
         <load_address>0xffe2</load_address>
         <run_address>0xffe2</run_address>
         <size>0x2</size>
         <input_file_ref idref="fl-3c"/>
      </object_component>
      <object_component id="oc-7d">
         <name>.int33</name>
         <load_address>0xffe4</load_address>
         <run_address>0xffe4</run_address>
         <size>0x2</size>
         <input_file_ref idref="fl-3d"/>
      </object_component>
      <object_component id="oc-7e">
         <name>.int34</name>
         <load_address>0xffe6</load_address>
         <run_address>0xffe6</run_address>
         <size>0x2</size>
         <input_file_ref idref="fl-3e"/>
      </object_component>
      <object_component id="oc-7f">
         <name>.int35</name>
         <load_address>0xffe8</load_address>
         <run_address>0xffe8</run_address>
         <size>0x2</size>
         <input_file_ref idref="fl-3f"/>
      </object_component>
      <object_component id="oc-80">
         <name>.int36</name>
         <load_address>0xffea</load_address>
         <run_address>0xffea</run_address>
         <size>0x2</size>
         <input_file_ref idref="fl-40"/>
      </object_component>
      <object_component id="oc-81">
         <name>.int37</name>
         <load_address>0xffec</load_address>
         <run_address>0xffec</run_address>
         <size>0x2</size>
         <input_file_ref idref="fl-41"/>
      </object_component>
      <object_component id="oc-82">
         <name>.int38</name>
         <load_address>0xffee</load_address>
         <run_address>0xffee</run_address>
         <size>0x2</size>
         <input_file_ref idref="fl-42"/>
      </object_component>
      <object_component id="oc-83">
         <name>.int39</name>
         <load_address>0xfff0</load_address>
         <run_address>0xfff0</run_address>
         <size>0x2</size>
         <input_file_ref idref="fl-43"/>
      </object_component>
      <object_component id="oc-84">
         <name>.int40</name>
         <load_address>0xfff2</load_address>
         <run_address>0xfff2</run_address>
         <size>0x2</size>
         <input_file_ref idref="fl-8"/>
      </object_component>
      <object_component id="oc-85">
         <name>.int41</name>
         <load_address>0xfff4</load_address>
         <run_address>0xfff4</run_address>
         <size>0x2</size>
         <input_file_ref idref="fl-8"/>
      </object_component>
      <object_component id="oc-86">
         <name>.int42</name>
         <load_address>0xfff6</load_address>
         <run_address>0xfff6</run_address>
         <size>0x2</size>
         <input_file_ref idref="fl-8"/>
      </object_component>
      <object_component id="oc-87">
         <name>.int43</name>
         <load_address>0xfff8</load_address>
         <run_address>0xfff8</run_address>
         <size>0x2</size>
         <input_file_ref idref="fl-8"/>
      </object_component>
      <object_component id="oc-88">
         <name>.int44</name>
         <load_address>0xfffa</load_address>
         <run_address>0xfffa</run_address>
         <size>0x2</size>
         <input_file_ref idref="fl-44"/>
      </object_component>
      <object_component id="oc-89">
         <name>.int45</name>
         <load_address>0xfffc</load_address>
         <run_address>0xfffc</run_address>
         <size>0x2</size>
         <input_file_ref idref="fl-45"/>
      </object_component>
      <object_component id="oc-41f">
         <name>.reset</name>
         <load_address>0xfffe</load_address>
         <run_address>0xfffe</run_address>
         <size>0x2</size>
         <input_file_ref idref="fl-4e"/>
      </object_component>
      <object_component id="oc-500">
         <name>.debug_info</name>
         <load_address>0x0</load_address>
         <run_address>0x0</run_address>
         <size>0x215</size>
         <input_file_ref idref="fl-2"/>
      </object_component>
      <object_component id="oc-4b9">
         <name>.debug_info</name>
         <load_address>0x215</load_address>
         <run_address>0x215</run_address>
         <size>0x16e</size>
         <input_file_ref idref="fl-2"/>
      </object_component>
      <object_component id="oc-526">
         <name>.debug_info</name>
         <load_address>0x383</load_address>
         <run_address>0x383</run_address>
         <size>0x109</size>
         <input_file_ref idref="fl-2"/>
      </object_component>
      <object_component id="oc-449">
         <name>.debug_info</name>
         <load_address>0x48c</load_address>
         <run_address>0x48c</run_address>
         <size>0x108</size>
         <input_file_ref idref="fl-2"/>
      </object_component>
      <object_component id="oc-426">
         <name>.debug_info</name>
         <load_address>0x594</load_address>
         <run_address>0x594</run_address>
         <size>0x84</size>
         <input_file_ref idref="fl-2"/>
      </object_component>
      <object_component id="oc-5a7">
         <name>.debug_info</name>
         <load_address>0x618</load_address>
         <run_address>0x618</run_address>
         <size>0x35</size>
         <input_file_ref idref="fl-2"/>
      </object_component>
      <object_component id="oc-5e8">
         <name>.debug_info</name>
         <load_address>0x64d</load_address>
         <run_address>0x64d</run_address>
         <size>0x23c</size>
         <input_file_ref idref="fl-3"/>
      </object_component>
      <object_component id="oc-510">
         <name>.debug_info</name>
         <load_address>0x889</load_address>
         <run_address>0x889</run_address>
         <size>0x12c</size>
         <input_file_ref idref="fl-3"/>
      </object_component>
      <object_component id="oc-712">
         <name>.debug_info</name>
         <load_address>0x9b5</load_address>
         <run_address>0x9b5</run_address>
         <size>0x2fd</size>
         <input_file_ref idref="fl-4"/>
      </object_component>
      <object_component id="oc-667">
         <name>.debug_info</name>
         <load_address>0xcb2</load_address>
         <run_address>0xcb2</run_address>
         <size>0x14f</size>
         <input_file_ref idref="fl-4"/>
      </object_component>
      <object_component id="oc-549">
         <name>.debug_info</name>
         <load_address>0xe01</load_address>
         <run_address>0xe01</run_address>
         <size>0x17f</size>
         <input_file_ref idref="fl-4"/>
      </object_component>
      <object_component id="oc-55b">
         <name>.debug_info</name>
         <load_address>0xf80</load_address>
         <run_address>0xf80</run_address>
         <size>0x138</size>
         <input_file_ref idref="fl-4"/>
      </object_component>
      <object_component id="oc-766">
         <name>.debug_info</name>
         <load_address>0x10b8</load_address>
         <run_address>0x10b8</run_address>
         <size>0x1a3</size>
         <input_file_ref idref="fl-5"/>
      </object_component>
      <object_component id="oc-71e">
         <name>.debug_info</name>
         <load_address>0x125b</load_address>
         <run_address>0x125b</run_address>
         <size>0xe6</size>
         <input_file_ref idref="fl-5"/>
      </object_component>
      <object_component id="oc-714">
         <name>.debug_info</name>
         <load_address>0x1341</load_address>
         <run_address>0x1341</run_address>
         <size>0xea</size>
         <input_file_ref idref="fl-5"/>
      </object_component>
      <object_component id="oc-670">
         <name>.debug_info</name>
         <load_address>0x142b</load_address>
         <run_address>0x142b</run_address>
         <size>0x1aa</size>
         <input_file_ref idref="fl-5"/>
      </object_component>
      <object_component id="oc-67c">
         <name>.debug_info</name>
         <load_address>0x15d5</load_address>
         <run_address>0x15d5</run_address>
         <size>0x1a6</size>
         <input_file_ref idref="fl-5"/>
      </object_component>
      <object_component id="oc-66b">
         <name>.debug_info</name>
         <load_address>0x177b</load_address>
         <run_address>0x177b</run_address>
         <size>0x178</size>
         <input_file_ref idref="fl-5"/>
      </object_component>
      <object_component id="oc-676">
         <name>.debug_info</name>
         <load_address>0x18f3</load_address>
         <run_address>0x18f3</run_address>
         <size>0x16c</size>
         <input_file_ref idref="fl-5"/>
      </object_component>
      <object_component id="oc-515">
         <name>.debug_info</name>
         <load_address>0x1a5f</load_address>
         <run_address>0x1a5f</run_address>
         <size>0x13d</size>
         <input_file_ref idref="fl-6"/>
      </object_component>
      <object_component id="oc-443">
         <name>.debug_info</name>
         <load_address>0x1b9c</load_address>
         <run_address>0x1b9c</run_address>
         <size>0x140</size>
         <input_file_ref idref="fl-7"/>
      </object_component>
      <object_component id="oc-439">
         <name>.debug_info</name>
         <load_address>0x1cdc</load_address>
         <run_address>0x1cdc</run_address>
         <size>0x140</size>
         <input_file_ref idref="fl-7"/>
      </object_component>
      <object_component id="oc-4fd">
         <name>.debug_info</name>
         <load_address>0x1e1c</load_address>
         <run_address>0x1e1c</run_address>
         <size>0x348</size>
         <input_file_ref idref="fl-8"/>
      </object_component>
      <object_component id="oc-4b6">
         <name>.debug_info</name>
         <load_address>0x2164</load_address>
         <run_address>0x2164</run_address>
         <size>0x2a7</size>
         <input_file_ref idref="fl-8"/>
      </object_component>
      <object_component id="oc-44f">
         <name>.debug_info</name>
         <load_address>0x240b</load_address>
         <run_address>0x240b</run_address>
         <size>0x13e</size>
         <input_file_ref idref="fl-8"/>
      </object_component>
      <object_component id="oc-455">
         <name>.debug_info</name>
         <load_address>0x2549</load_address>
         <run_address>0x2549</run_address>
         <size>0x13e</size>
         <input_file_ref idref="fl-8"/>
      </object_component>
      <object_component id="oc-45c">
         <name>.debug_info</name>
         <load_address>0x2687</load_address>
         <run_address>0x2687</run_address>
         <size>0x13e</size>
         <input_file_ref idref="fl-8"/>
      </object_component>
      <object_component id="oc-461">
         <name>.debug_info</name>
         <load_address>0x27c5</load_address>
         <run_address>0x27c5</run_address>
         <size>0x13e</size>
         <input_file_ref idref="fl-8"/>
      </object_component>
      <object_component id="oc-4f6">
         <name>.debug_info</name>
         <load_address>0x2903</load_address>
         <run_address>0x2903</run_address>
         <size>0x5b1</size>
         <input_file_ref idref="fl-a"/>
      </object_component>
      <object_component id="oc-4ad">
         <name>.debug_info</name>
         <load_address>0x2eb4</load_address>
         <run_address>0x2eb4</run_address>
         <size>0x1b7</size>
         <input_file_ref idref="fl-a"/>
      </object_component>
      <object_component id="oc-53d">
         <name>.debug_info</name>
         <load_address>0x306b</load_address>
         <run_address>0x306b</run_address>
         <size>0x111</size>
         <input_file_ref idref="fl-a"/>
      </object_component>
      <object_component id="oc-543">
         <name>.debug_info</name>
         <load_address>0x317c</load_address>
         <run_address>0x317c</run_address>
         <size>0x111</size>
         <input_file_ref idref="fl-a"/>
      </object_component>
      <object_component id="oc-54f">
         <name>.debug_info</name>
         <load_address>0x328d</load_address>
         <run_address>0x328d</run_address>
         <size>0x125</size>
         <input_file_ref idref="fl-a"/>
      </object_component>
      <object_component id="oc-4d4">
         <name>.debug_info</name>
         <load_address>0x33b2</load_address>
         <run_address>0x33b2</run_address>
         <size>0x22d</size>
         <input_file_ref idref="fl-a"/>
      </object_component>
      <object_component id="oc-5da">
         <name>.debug_info</name>
         <load_address>0x35df</load_address>
         <run_address>0x35df</run_address>
         <size>0x120</size>
         <input_file_ref idref="fl-b"/>
      </object_component>
      <object_component id="oc-5b6">
         <name>.debug_info</name>
         <load_address>0x36ff</load_address>
         <run_address>0x36ff</run_address>
         <size>0x113</size>
         <input_file_ref idref="fl-b"/>
      </object_component>
      <object_component id="oc-5bc">
         <name>.debug_info</name>
         <load_address>0x3812</load_address>
         <run_address>0x3812</run_address>
         <size>0x113</size>
         <input_file_ref idref="fl-b"/>
      </object_component>
      <object_component id="oc-5c1">
         <name>.debug_info</name>
         <load_address>0x3925</load_address>
         <run_address>0x3925</run_address>
         <size>0x113</size>
         <input_file_ref idref="fl-b"/>
      </object_component>
      <object_component id="oc-5c8">
         <name>.debug_info</name>
         <load_address>0x3a38</load_address>
         <run_address>0x3a38</run_address>
         <size>0x113</size>
         <input_file_ref idref="fl-b"/>
      </object_component>
      <object_component id="oc-5ce">
         <name>.debug_info</name>
         <load_address>0x3b4b</load_address>
         <run_address>0x3b4b</run_address>
         <size>0x114</size>
         <input_file_ref idref="fl-b"/>
      </object_component>
      <object_component id="oc-5d3">
         <name>.debug_info</name>
         <load_address>0x3c5f</load_address>
         <run_address>0x3c5f</run_address>
         <size>0x116</size>
         <input_file_ref idref="fl-b"/>
      </object_component>
      <object_component id="oc-5df">
         <name>.debug_info</name>
         <load_address>0x3d75</load_address>
         <run_address>0x3d75</run_address>
         <size>0x11a</size>
         <input_file_ref idref="fl-b"/>
      </object_component>
      <object_component id="oc-509">
         <name>.debug_info</name>
         <load_address>0x3e8f</load_address>
         <run_address>0x3e8f</run_address>
         <size>0x1a2</size>
         <input_file_ref idref="fl-b"/>
      </object_component>
      <object_component id="oc-4fa">
         <name>.debug_info</name>
         <load_address>0x4031</load_address>
         <run_address>0x4031</run_address>
         <size>0x1ef</size>
         <input_file_ref idref="fl-c"/>
      </object_component>
      <object_component id="oc-4b0">
         <name>.debug_info</name>
         <load_address>0x4220</load_address>
         <run_address>0x4220</run_address>
         <size>0x272</size>
         <input_file_ref idref="fl-c"/>
      </object_component>
      <object_component id="oc-686">
         <name>.debug_info</name>
         <load_address>0x4492</load_address>
         <run_address>0x4492</run_address>
         <size>0x126</size>
         <input_file_ref idref="fl-c"/>
      </object_component>
      <object_component id="oc-68a">
         <name>.debug_info</name>
         <load_address>0x45b8</load_address>
         <run_address>0x45b8</run_address>
         <size>0x126</size>
         <input_file_ref idref="fl-c"/>
      </object_component>
      <object_component id="oc-555">
         <name>.debug_info</name>
         <load_address>0x46de</load_address>
         <run_address>0x46de</run_address>
         <size>0x154</size>
         <input_file_ref idref="fl-c"/>
      </object_component>
      <object_component id="oc-5ee">
         <name>.debug_info</name>
         <load_address>0x4832</load_address>
         <run_address>0x4832</run_address>
         <size>0x124</size>
         <input_file_ref idref="fl-d"/>
      </object_component>
      <object_component id="oc-503">
         <name>.debug_info</name>
         <load_address>0x4956</load_address>
         <run_address>0x4956</run_address>
         <size>0x3d8</size>
         <input_file_ref idref="fl-e"/>
      </object_component>
      <object_component id="oc-4be">
         <name>.debug_info</name>
         <load_address>0x4d2e</load_address>
         <run_address>0x4d2e</run_address>
         <size>0xf8</size>
         <input_file_ref idref="fl-e"/>
      </object_component>
      <object_component id="oc-5f7">
         <name>.debug_info</name>
         <load_address>0x4e26</load_address>
         <run_address>0x4e26</run_address>
         <size>0x11c</size>
         <input_file_ref idref="fl-e"/>
      </object_component>
      <object_component id="oc-5fb">
         <name>.debug_info</name>
         <load_address>0x4f42</load_address>
         <run_address>0x4f42</run_address>
         <size>0x11c</size>
         <input_file_ref idref="fl-e"/>
      </object_component>
      <object_component id="oc-603">
         <name>.debug_info</name>
         <load_address>0x505e</load_address>
         <run_address>0x505e</run_address>
         <size>0x11c</size>
         <input_file_ref idref="fl-e"/>
      </object_component>
      <object_component id="oc-51d">
         <name>.debug_info</name>
         <load_address>0x517a</load_address>
         <run_address>0x517a</run_address>
         <size>0x154</size>
         <input_file_ref idref="fl-e"/>
      </object_component>
      <object_component id="oc-70b">
         <name>.debug_info</name>
         <load_address>0x52ce</load_address>
         <run_address>0x52ce</run_address>
         <size>0x3fd</size>
         <input_file_ref idref="fl-10"/>
      </object_component>
      <object_component id="oc-636">
         <name>.debug_info</name>
         <load_address>0x56cb</load_address>
         <run_address>0x56cb</run_address>
         <size>0x226</size>
         <input_file_ref idref="fl-10"/>
      </object_component>
      <object_component id="oc-64c">
         <name>.debug_info</name>
         <load_address>0x58f1</load_address>
         <run_address>0x58f1</run_address>
         <size>0x131</size>
         <input_file_ref idref="fl-10"/>
      </object_component>
      <object_component id="oc-654">
         <name>.debug_info</name>
         <load_address>0x5a22</load_address>
         <run_address>0x5a22</run_address>
         <size>0x133</size>
         <input_file_ref idref="fl-10"/>
      </object_component>
      <object_component id="oc-647">
         <name>.debug_info</name>
         <load_address>0x5b55</load_address>
         <run_address>0x5b55</run_address>
         <size>0x116</size>
         <input_file_ref idref="fl-10"/>
      </object_component>
      <object_component id="oc-658">
         <name>.debug_info</name>
         <load_address>0x5c6b</load_address>
         <run_address>0x5c6b</run_address>
         <size>0x150</size>
         <input_file_ref idref="fl-10"/>
      </object_component>
      <object_component id="oc-63f">
         <name>.debug_info</name>
         <load_address>0x5dbb</load_address>
         <run_address>0x5dbb</run_address>
         <size>0x125</size>
         <input_file_ref idref="fl-10"/>
      </object_component>
      <object_component id="oc-63a">
         <name>.debug_info</name>
         <load_address>0x5ee0</load_address>
         <run_address>0x5ee0</run_address>
         <size>0x14f</size>
         <input_file_ref idref="fl-10"/>
      </object_component>
      <object_component id="oc-65f">
         <name>.debug_info</name>
         <load_address>0x602f</load_address>
         <run_address>0x602f</run_address>
         <size>0x12f</size>
         <input_file_ref idref="fl-10"/>
      </object_component>
      <object_component id="oc-538">
         <name>.debug_info</name>
         <load_address>0x615e</load_address>
         <run_address>0x615e</run_address>
         <size>0x232</size>
         <input_file_ref idref="fl-10"/>
      </object_component>
      <object_component id="oc-4c1">
         <name>.debug_info</name>
         <load_address>0x6390</load_address>
         <run_address>0x6390</run_address>
         <size>0x536</size>
         <input_file_ref idref="fl-11"/>
      </object_component>
      <object_component id="oc-60f">
         <name>.debug_info</name>
         <load_address>0x68c6</load_address>
         <run_address>0x68c6</run_address>
         <size>0x12e</size>
         <input_file_ref idref="fl-11"/>
      </object_component>
      <object_component id="oc-61a">
         <name>.debug_info</name>
         <load_address>0x69f4</load_address>
         <run_address>0x69f4</run_address>
         <size>0x132</size>
         <input_file_ref idref="fl-11"/>
      </object_component>
      <object_component id="oc-614">
         <name>.debug_info</name>
         <load_address>0x6b26</load_address>
         <run_address>0x6b26</run_address>
         <size>0x138</size>
         <input_file_ref idref="fl-11"/>
      </object_component>
      <object_component id="oc-6dc">
         <name>.debug_info</name>
         <load_address>0x6c5e</load_address>
         <run_address>0x6c5e</run_address>
         <size>0x13c</size>
         <input_file_ref idref="fl-11"/>
      </object_component>
      <object_component id="oc-6e4">
         <name>.debug_info</name>
         <load_address>0x6d9a</load_address>
         <run_address>0x6d9a</run_address>
         <size>0x14f</size>
         <input_file_ref idref="fl-11"/>
      </object_component>
      <object_component id="oc-76c">
         <name>.debug_info</name>
         <load_address>0x6ee9</load_address>
         <run_address>0x6ee9</run_address>
         <size>0x1b6</size>
         <input_file_ref idref="fl-11"/>
      </object_component>
      <object_component id="oc-621">
         <name>.debug_info</name>
         <load_address>0x709f</load_address>
         <run_address>0x709f</run_address>
         <size>0x1cf</size>
         <input_file_ref idref="fl-11"/>
      </object_component>
      <object_component id="oc-727">
         <name>.debug_info</name>
         <load_address>0x726e</load_address>
         <run_address>0x726e</run_address>
         <size>0x1a9</size>
         <input_file_ref idref="fl-11"/>
      </object_component>
      <object_component id="oc-60a">
         <name>.debug_info</name>
         <load_address>0x7417</load_address>
         <run_address>0x7417</run_address>
         <size>0x12b</size>
         <input_file_ref idref="fl-11"/>
      </object_component>
      <object_component id="oc-6ea">
         <name>.debug_info</name>
         <load_address>0x7542</load_address>
         <run_address>0x7542</run_address>
         <size>0x146</size>
         <input_file_ref idref="fl-11"/>
      </object_component>
      <object_component id="oc-6f0">
         <name>.debug_info</name>
         <load_address>0x7688</load_address>
         <run_address>0x7688</run_address>
         <size>0x146</size>
         <input_file_ref idref="fl-11"/>
      </object_component>
      <object_component id="oc-6f6">
         <name>.debug_info</name>
         <load_address>0x77ce</load_address>
         <run_address>0x77ce</run_address>
         <size>0x146</size>
         <input_file_ref idref="fl-11"/>
      </object_component>
      <object_component id="oc-6fc">
         <name>.debug_info</name>
         <load_address>0x7914</load_address>
         <run_address>0x7914</run_address>
         <size>0x146</size>
         <input_file_ref idref="fl-11"/>
      </object_component>
      <object_component id="oc-627">
         <name>.debug_info</name>
         <load_address>0x7a5a</load_address>
         <run_address>0x7a5a</run_address>
         <size>0x191</size>
         <input_file_ref idref="fl-11"/>
      </object_component>
      <object_component id="oc-62d">
         <name>.debug_info</name>
         <load_address>0x7beb</load_address>
         <run_address>0x7beb</run_address>
         <size>0x14d</size>
         <input_file_ref idref="fl-11"/>
      </object_component>
      <object_component id="oc-522">
         <name>.debug_info</name>
         <load_address>0x7d38</load_address>
         <run_address>0x7d38</run_address>
         <size>0x249</size>
         <input_file_ref idref="fl-11"/>
      </object_component>
      <object_component id="oc-692">
         <name>.debug_info</name>
         <load_address>0x7f81</load_address>
         <run_address>0x7f81</run_address>
         <size>0x1ee</size>
         <input_file_ref idref="fl-11"/>
      </object_component>
      <object_component id="oc-6a">
         <name>.debug_info</name>
         <load_address>0x816f</load_address>
         <run_address>0x816f</run_address>
         <size>0x2b8</size>
         <input_file_ref idref="fl-32"/>
      </object_component>
      <object_component id="oc-4ef">
         <name>.debug_info</name>
         <load_address>0x8427</load_address>
         <run_address>0x8427</run_address>
         <size>0x46</size>
         <input_file_ref idref="fl-32"/>
      </object_component>
      <object_component id="oc-4a4">
         <name>.debug_info</name>
         <load_address>0x846d</load_address>
         <run_address>0x846d</run_address>
         <size>0x39</size>
         <input_file_ref idref="fl-32"/>
      </object_component>
      <object_component id="oc-421">
         <name>.debug_info</name>
         <load_address>0x84a6</load_address>
         <run_address>0x84a6</run_address>
         <size>0x60</size>
         <input_file_ref idref="fl-32"/>
      </object_component>
      <object_component id="oc-436">
         <name>.debug_info</name>
         <load_address>0x8506</load_address>
         <run_address>0x8506</run_address>
         <size>0x1da</size>
         <input_file_ref idref="fl-33"/>
      </object_component>
      <object_component id="oc-6e">
         <name>.debug_info</name>
         <load_address>0x86e0</load_address>
         <run_address>0x86e0</run_address>
         <size>0x1f2</size>
         <input_file_ref idref="fl-33"/>
      </object_component>
      <object_component id="oc-431">
         <name>.debug_info</name>
         <load_address>0x88d2</load_address>
         <run_address>0x88d2</run_address>
         <size>0x46</size>
         <input_file_ref idref="fl-33"/>
      </object_component>
      <object_component id="oc-43e">
         <name>.debug_info</name>
         <load_address>0x8918</load_address>
         <run_address>0x8918</run_address>
         <size>0x10f</size>
         <input_file_ref idref="fl-35"/>
      </object_component>
      <object_component id="oc-467">
         <name>.debug_info</name>
         <load_address>0x8a27</load_address>
         <run_address>0x8a27</run_address>
         <size>0x1d3</size>
         <input_file_ref idref="fl-46"/>
      </object_component>
      <object_component id="oc-4c7">
         <name>.debug_info</name>
         <load_address>0x8bfa</load_address>
         <run_address>0x8bfa</run_address>
         <size>0x46</size>
         <input_file_ref idref="fl-46"/>
      </object_component>
      <object_component id="oc-42e">
         <name>.debug_info</name>
         <load_address>0x8c40</load_address>
         <run_address>0x8c40</run_address>
         <size>0x121</size>
         <input_file_ref idref="fl-47"/>
      </object_component>
      <object_component id="oc-719">
         <name>.debug_info</name>
         <load_address>0x8d61</load_address>
         <run_address>0x8d61</run_address>
         <size>0x130</size>
         <input_file_ref idref="fl-49"/>
      </object_component>
      <object_component id="oc-41d">
         <name>.debug_info</name>
         <load_address>0x8e91</load_address>
         <run_address>0x8e91</run_address>
         <size>0x100</size>
         <input_file_ref idref="fl-4e"/>
      </object_component>
      <object_component id="oc-491">
         <name>.debug_info</name>
         <load_address>0x8f91</load_address>
         <run_address>0x8f91</run_address>
         <size>0x193</size>
         <input_file_ref idref="fl-4e"/>
      </object_component>
      <object_component id="oc-4e9">
         <name>.debug_info</name>
         <load_address>0x9124</load_address>
         <run_address>0x9124</run_address>
         <size>0x1ae</size>
         <input_file_ref idref="fl-4f"/>
      </object_component>
      <object_component id="oc-5a0">
         <name>.debug_info</name>
         <load_address>0x92d2</load_address>
         <run_address>0x92d2</run_address>
         <size>0x18b</size>
         <input_file_ref idref="fl-4f"/>
      </object_component>
      <object_component id="oc-6b0">
         <name>.debug_info</name>
         <load_address>0x945d</load_address>
         <run_address>0x945d</run_address>
         <size>0x409</size>
         <input_file_ref idref="fl-51"/>
      </object_component>
      <object_component id="oc-586">
         <name>.debug_info</name>
         <load_address>0x9866</load_address>
         <run_address>0x9866</run_address>
         <size>0x216</size>
         <input_file_ref idref="fl-51"/>
      </object_component>
      <object_component id="oc-742">
         <name>.debug_info</name>
         <load_address>0x9a7c</load_address>
         <run_address>0x9a7c</run_address>
         <size>0x39</size>
         <input_file_ref idref="fl-51"/>
      </object_component>
      <object_component id="oc-754">
         <name>.debug_info</name>
         <load_address>0x9ab5</load_address>
         <run_address>0x9ab5</run_address>
         <size>0x2c</size>
         <input_file_ref idref="fl-51"/>
      </object_component>
      <object_component id="oc-6bb">
         <name>.debug_info</name>
         <load_address>0x9ae1</load_address>
         <run_address>0x9ae1</run_address>
         <size>0x2c</size>
         <input_file_ref idref="fl-51"/>
      </object_component>
      <object_component id="oc-747">
         <name>.debug_info</name>
         <load_address>0x9b0d</load_address>
         <run_address>0x9b0d</run_address>
         <size>0xcd</size>
         <input_file_ref idref="fl-51"/>
      </object_component>
      <object_component id="oc-6ad">
         <name>.debug_info</name>
         <load_address>0x9bda</load_address>
         <run_address>0x9bda</run_address>
         <size>0x150</size>
         <input_file_ref idref="fl-52"/>
      </object_component>
      <object_component id="oc-4ce">
         <name>.debug_info</name>
         <load_address>0x9d2a</load_address>
         <run_address>0x9d2a</run_address>
         <size>0x153</size>
         <input_file_ref idref="fl-53"/>
      </object_component>
      <object_component id="oc-563">
         <name>.debug_info</name>
         <load_address>0x9e7d</load_address>
         <run_address>0x9e7d</run_address>
         <size>0x122</size>
         <input_file_ref idref="fl-55"/>
      </object_component>
      <object_component id="oc-634">
         <name>.debug_info</name>
         <load_address>0x9f9f</load_address>
         <run_address>0x9f9f</run_address>
         <size>0x17c</size>
         <input_file_ref idref="fl-59"/>
      </object_component>
      <object_component id="oc-531">
         <name>.debug_info</name>
         <load_address>0xa11b</load_address>
         <run_address>0xa11b</run_address>
         <size>0x24d</size>
         <input_file_ref idref="fl-59"/>
      </object_component>
      <object_component id="oc-7ee">
         <name>.debug_info</name>
         <load_address>0xa368</load_address>
         <run_address>0xa368</run_address>
         <size>0xb1</size>
      </object_component>
      <object_component id="oc-5b1">
         <name>.debug_line</name>
         <load_address>0x0</load_address>
         <run_address>0x0</run_address>
         <size>0x73</size>
         <input_file_ref idref="fl-2"/>
      </object_component>
      <object_component id="oc-4ff">
         <name>.debug_line</name>
         <load_address>0x73</load_address>
         <run_address>0x73</run_address>
         <size>0x2c</size>
         <input_file_ref idref="fl-2"/>
      </object_component>
      <object_component id="oc-52a">
         <name>.debug_line</name>
         <load_address>0x9f</load_address>
         <run_address>0x9f</run_address>
         <size>0x53</size>
         <input_file_ref idref="fl-2"/>
      </object_component>
      <object_component id="oc-44c">
         <name>.debug_line</name>
         <load_address>0xf2</load_address>
         <run_address>0xf2</run_address>
         <size>0x6a</size>
         <input_file_ref idref="fl-2"/>
      </object_component>
      <object_component id="oc-429">
         <name>.debug_line</name>
         <load_address>0x15c</load_address>
         <run_address>0x15c</run_address>
         <size>0x20</size>
         <input_file_ref idref="fl-2"/>
      </object_component>
      <object_component id="oc-5aa">
         <name>.debug_line</name>
         <load_address>0x17c</load_address>
         <run_address>0x17c</run_address>
         <size>0x77</size>
         <input_file_ref idref="fl-2"/>
      </object_component>
      <object_component id="oc-5e6">
         <name>.debug_line</name>
         <load_address>0x1f3</load_address>
         <run_address>0x1f3</run_address>
         <size>0x84</size>
         <input_file_ref idref="fl-3"/>
      </object_component>
      <object_component id="oc-50f">
         <name>.debug_line</name>
         <load_address>0x277</load_address>
         <run_address>0x277</run_address>
         <size>0x59</size>
         <input_file_ref idref="fl-3"/>
      </object_component>
      <object_component id="oc-763">
         <name>.debug_line</name>
         <load_address>0x2d0</load_address>
         <run_address>0x2d0</run_address>
         <size>0x51</size>
         <input_file_ref idref="fl-4"/>
      </object_component>
      <object_component id="oc-711">
         <name>.debug_line</name>
         <load_address>0x321</load_address>
         <run_address>0x321</run_address>
         <size>0x30</size>
         <input_file_ref idref="fl-4"/>
      </object_component>
      <object_component id="oc-54c">
         <name>.debug_line</name>
         <load_address>0x351</load_address>
         <run_address>0x351</run_address>
         <size>0x4b</size>
         <input_file_ref idref="fl-4"/>
      </object_component>
      <object_component id="oc-55e">
         <name>.debug_line</name>
         <load_address>0x39c</load_address>
         <run_address>0x39c</run_address>
         <size>0x4b</size>
         <input_file_ref idref="fl-4"/>
      </object_component>
      <object_component id="oc-785">
         <name>.debug_line</name>
         <load_address>0x3e7</load_address>
         <run_address>0x3e7</run_address>
         <size>0x37</size>
         <input_file_ref idref="fl-5"/>
      </object_component>
      <object_component id="oc-769">
         <name>.debug_line</name>
         <load_address>0x41e</load_address>
         <run_address>0x41e</run_address>
         <size>0x31</size>
         <input_file_ref idref="fl-5"/>
      </object_component>
      <object_component id="oc-765">
         <name>.debug_line</name>
         <load_address>0x44f</load_address>
         <run_address>0x44f</run_address>
         <size>0x31</size>
         <input_file_ref idref="fl-5"/>
      </object_component>
      <object_component id="oc-674">
         <name>.debug_line</name>
         <load_address>0x480</load_address>
         <run_address>0x480</run_address>
         <size>0x50</size>
         <input_file_ref idref="fl-5"/>
      </object_component>
      <object_component id="oc-680">
         <name>.debug_line</name>
         <load_address>0x4d0</load_address>
         <run_address>0x4d0</run_address>
         <size>0x50</size>
         <input_file_ref idref="fl-5"/>
      </object_component>
      <object_component id="oc-66a">
         <name>.debug_line</name>
         <load_address>0x520</load_address>
         <run_address>0x520</run_address>
         <size>0x76</size>
         <input_file_ref idref="fl-5"/>
      </object_component>
      <object_component id="oc-679">
         <name>.debug_line</name>
         <load_address>0x596</load_address>
         <run_address>0x596</run_address>
         <size>0x71</size>
         <input_file_ref idref="fl-5"/>
      </object_component>
      <object_component id="oc-517">
         <name>.debug_line</name>
         <load_address>0x607</load_address>
         <run_address>0x607</run_address>
         <size>0x5a</size>
         <input_file_ref idref="fl-6"/>
      </object_component>
      <object_component id="oc-447">
         <name>.debug_line</name>
         <load_address>0x661</load_address>
         <run_address>0x661</run_address>
         <size>0x57</size>
         <input_file_ref idref="fl-7"/>
      </object_component>
      <object_component id="oc-43c">
         <name>.debug_line</name>
         <load_address>0x6b8</load_address>
         <run_address>0x6b8</run_address>
         <size>0x56</size>
         <input_file_ref idref="fl-7"/>
      </object_component>
      <object_component id="oc-5af">
         <name>.debug_line</name>
         <load_address>0x70e</load_address>
         <run_address>0x70e</run_address>
         <size>0x73</size>
         <input_file_ref idref="fl-8"/>
      </object_component>
      <object_component id="oc-4fc">
         <name>.debug_line</name>
         <load_address>0x781</load_address>
         <run_address>0x781</run_address>
         <size>0x3a</size>
         <input_file_ref idref="fl-8"/>
      </object_component>
      <object_component id="oc-452">
         <name>.debug_line</name>
         <load_address>0x7bb</load_address>
         <run_address>0x7bb</run_address>
         <size>0x50</size>
         <input_file_ref idref="fl-8"/>
      </object_component>
      <object_component id="oc-458">
         <name>.debug_line</name>
         <load_address>0x80b</load_address>
         <run_address>0x80b</run_address>
         <size>0x55</size>
         <input_file_ref idref="fl-8"/>
      </object_component>
[...]
      <symbol id="sm-4ea">
         <name>ADC_Switch</name>
         <value>0x2010</value>
         <object_component_ref idref="oc-4b5"/>
      </symbol>
      <symbol id="sm-4eb">
         <name>blink_count</name>
         <value>0x2000</value>
         <object_component_ref idref="oc-4b5"/>
      </symbol>
      <symbol id="sm-4ec">
         <name>debounce_check</name>
         <value>0x200e</value>
         <object_component_ref idref="oc-4b5"/>
      </symbol>
      <symbol id="sm-4ed">
         <name>__TI_int42</name>
         <value>0xfff6</value>
         <object_component_ref idref="oc-86"/>
      </symbol>
      <symbol id="sm-4ee">
         <name>__TI_int43</name>
         <value>0xfff8</value>
         <object_component_ref idref="oc-87"/>
      </symbol>
      <symbol id="sm-4ef">
         <name>__TI_int40</name>
         <value>0xfff2</value>
         <object_component_ref idref="oc-84"/>
      </symbol>
      <symbol id="sm-4f0">
         <name>__TI_int41</name>
         <value>0xfff4</value>
         <object_component_ref idref="oc-85"/>
      </symbol>
      <symbol id="sm-4f1">
         <name>Timer0_B1_ISR</name>
         <value>0x949c</value>
         <object_component_ref idref="oc-45a"/>
      </symbol>
      <symbol id="sm-4f2">
         <name>twenty_ms_count</name>
         <value>0x2012</value>
         <object_component_ref idref="oc-4b5"/>
      </symbol>
      <symbol id="sm-4f3">
         <name>lcd_display_count</name>
         <value>0x2002</value>
         <object_component_ref idref="oc-4b5"/>
      </symbol>
      <symbol id="sm-4f4">
         <name>Timer0_B0_ISR</name>
         <value>0x9564</value>
         <object_component_ref idref="oc-460"/>
      </symbol>
      <symbol id="sm-4f5">
         <name>one_time</name>
         <value>0x2008</value>
         <object_component_ref idref="oc-4b5"/>
      </symbol>
      <symbol id="sm-4f6">
         <name>Timer1_B1_ISR</name>
         <value>0x95ca</value>
         <object_component_ref idref="oc-44e"/>
      </symbol>
      <symbol id="sm-4f7">
         <name>update_lcd_count</name>
         <value>0x2004</value>
         <object_component_ref idref="oc-4b5"/>
      </symbol>
      <symbol id="sm-4f8">
         <name>Timer1_B0_ISR</name>
         <value>0x95ae</value>
         <object_component_ref idref="oc-454"/>
      </symbol>
      <symbol id="sm-4f9">
         <name>tens_count</name>
         <value>0x200a</value>
         <object_component_ref idref="oc-4b5"/>
      </symbol>
      <symbol id="sm-4fa">
         <name>debounce_switch</name>
         <value>0x200f</value>
         <object_component_ref idref="oc-4b5"/>
      </symbol>
      <symbol id="sm-535">
         <name>wheel_move</name>
         <value>0x2090</value>
      </symbol>
      <symbol id="sm-536">
         <name>forward</name>
         <value>0x2094</value>
      </symbol>
      <symbol id="sm-537">
         <name>fakeVariable</name>
         <value>0x2040</value>
         <object_component_ref idref="oc-4ac"/>
      </symbol>
      <symbol id="sm-538">
         <name>P6_LCheck</name>
         <value>0x9250</value>
         <object_component_ref idref="oc-53c"/>
      </symbol>
      <symbol id="sm-539">
         <name>P6_RCheck</name>
         <value>0x9272</value>
         <object_component_ref idref="oc-542"/>
      </symbol>
      <symbol id="sm-53a">
         <name>Switch_State</name>
         <value>0x203c</value>
         <object_component_ref idref="oc-4ac"/>
      </symbol>
      <symbol id="sm-53b">
         <name>main</name>
         <value>0x831a</value>
         <object_component_ref idref="oc-4d3"/>
      </symbol>
      <symbol id="sm-53c">
         <name>Carlson_StateMachine</name>
         <value>0x8a9c</value>
         <object_component_ref idref="oc-54e"/>
      </symbol>
      <symbol id="sm-53d">
         <name>IR_Status</name>
         <value>0x203e</value>
         <object_component_ref idref="oc-4ac"/>
      </symbol>
      <symbol id="sm-53e">
         <name>Last_Time_Sequence</name>
         <value>0x2036</value>
         <object_component_ref idref="oc-4ac"/>
      </symbol>
      <symbol id="sm-53f">
         <name>time_change</name>
         <value>0x203a</value>
         <object_component_ref idref="oc-4ac"/>
      </symbol>
      <symbol id="sm-540">
         <name>cycle_time</name>
         <value>0x2038</value>
         <object_component_ref idref="oc-4ac"/>
      </symbol>
      <symbol id="sm-581">
         <name>Forward_Test</name>
         <value>0x935a</value>
         <object_component_ref idref="oc-5de"/>
      </symbol>
      <symbol id="sm-582">
         <name>Turn_Off_Motors</name>
         <value>0x9386</value>
         <object_component_ref idref="oc-5d8"/>
      </symbol>
      <symbol id="sm-583">
         <name>Init_Port6</name>
         <value>0x8690</value>
         <object_component_ref idref="oc-5d2"/>
      </symbol>
      <symbol id="sm-584">
         <name>Init_Port4</name>
         <value>0x87ce</value>
         <object_component_ref idref="oc-5c6"/>
      </symbol>
      <symbol id="sm-585">
         <name>Init_Port5</name>
         <value>0x9158</value>
         <object_component_ref idref="oc-5cc"/>
      </symbol>
      <symbol id="sm-586">
         <name>Init_Port2</name>
         <value>0x8734</value>
         <object_component_ref idref="oc-5ba"/>
      </symbol>
      <symbol id="sm-587">
         <name>Init_Port3</name>
         <value>0x894a</value>
         <object_component_ref idref="oc-5c0"/>
      </symbol>
      <symbol id="sm-588">
         <name>Init_Port1</name>
         <value>0x8e38</value>
         <object_component_ref idref="oc-5b4"/>
      </symbol>
      <symbol id="sm-589">
         <name>Init_Ports</name>
         <value>0x922e</value>
         <object_component_ref idref="oc-507"/>
      </symbol>
      <symbol id="sm-5b0">
         <name>Switches_Process</name>
         <value>0x93ea</value>
         <object_component_ref idref="oc-554"/>
      </symbol>
      <symbol id="sm-5b1">
         <name>sw2_position</name>
         <value>0x201a</value>
         <object_component_ref idref="oc-4af"/>
      </symbol>
      <symbol id="sm-5b2">
         <name>LEFT_BLACK</name>
         <value>0x2022</value>
         <object_component_ref idref="oc-4af"/>
      </symbol>
      <symbol id="sm-5b3">
         <name>Shape_Count</name>
         <value>0x2020</value>
         <object_component_ref idref="oc-4af"/>
      </symbol>
      <symbol id="sm-5b4">
         <name>sw1_position</name>
         <value>0x2018</value>
         <object_component_ref idref="oc-4af"/>
      </symbol>
      <symbol id="sm-5b5">
         <name>count_debounce_SW2</name>
         <value>0x201e</value>
         <object_component_ref idref="oc-4af"/>
      </symbol>
      <symbol id="sm-5b6">
         <name>count_debounce_SW1</name>
         <value>0x201c</value>
         <object_component_ref idref="oc-4af"/>
      </symbol>
      <symbol id="sm-5b7">
         <name>RIGHT_BLACK</name>
         <value>0x2024</value>
         <object_component_ref idref="oc-4af"/>
      </symbol>
      <symbol id="sm-5b8">
         <name>Switch1_Process</name>
         <value>0x8d4e</value>
         <object_component_ref idref="oc-683"/>
      </symbol>
      <symbol id="sm-5b9">
         <name>Switch2_Process</name>
         <value>0x8b06</value>
         <object_component_ref idref="oc-689"/>
      </symbol>
      <symbol id="sm-5ba">
         <name>okay_to_look_at_switch1</name>
         <value>0x2014</value>
         <object_component_ref idref="oc-4af"/>
      </symbol>
      <symbol id="sm-5bb">
         <name>okay_to_look_at_switch2</name>
         <value>0x2016</value>
         <object_component_ref idref="oc-4af"/>
      </symbol>
      <symbol id="sm-5c4">
         <name>enable_interrupts</name>
         <value>0x93f4</value>
         <object_component_ref idref="oc-5ed"/>
      </symbol>
      <symbol id="sm-5ea">
         <name>Init_Timers</name>
         <value>0x93dc</value>
         <object_component_ref idref="oc-519"/>
      </symbol>
      <symbol id="sm-5eb">
         <name>ms200Time_Sequence</name>
         <value>0x205a</value>
         <object_component_ref idref="oc-4bd"/>
      </symbol>
      <symbol id="sm-5ec">
         <name>Init_Timer_B3</name>
         <value>0x8dec</value>
         <object_component_ref idref="oc-600"/>
      </symbol>
      <symbol id="sm-5ed">
         <name>Init_Timer_B1</name>
         <value>0x90ee</value>
         <object_component_ref idref="oc-5fa"/>
      </symbol>
      <symbol id="sm-5ee">
         <name>Init_Timer_B0</name>
         <value>0x8cfe</value>
         <object_component_ref idref="oc-5f4"/>
      </symbol>
      <symbol id="sm-662">
         <name>operation</name>
         <value>0x2095</value>
      </symbol>
      <symbol id="sm-663">
         <name>move_out_case</name>
         <value>0x89be</value>
         <object_component_ref idref="oc-657"/>
      </symbol>
      <symbol id="sm-664">
         <name>Wheels_Process</name>
         <value>0x80f6</value>
         <object_component_ref idref="oc-536"/>
      </symbol>
      <symbol id="sm-665">
         <name>start_case</name>
         <value>0x907c</value>
         <object_component_ref idref="oc-651"/>
      </symbol>
      <symbol id="sm-666">
         <name>intercept_case</name>
         <value>0x8caa</value>
         <object_component_ref idref="oc-638"/>
      </symbol>
      <symbol id="sm-667">
         <name>left_motor_count</name>
         <value>0x202a</value>
         <object_component_ref idref="oc-635"/>
      </symbol>
      <symbol id="sm-668">
         <name>state</name>
         <value>0x2026</value>
         <object_component_ref idref="oc-635"/>
      </symbol>
      <symbol id="sm-669">
         <name>Wheel_Stop</name>
         <value>0x939a</value>
         <object_component_ref idref="oc-644"/>
      </symbol>
      <symbol id="sm-66a">
         <name>wheel_period</name>
         <value>0x2030</value>
         <object_component_ref idref="oc-635"/>
      </symbol>
      <symbol id="sm-66b">
         <name>black_line_check</name>
         <value>0x8f46</value>
         <object_component_ref idref="oc-63e"/>
      </symbol>
      <symbol id="sm-66c">
         <name>wait_case</name>
         <value>0x8f86</value>
         <object_component_ref idref="oc-64a"/>
      </symbol>
      <symbol id="sm-66d">
         <name>intercept</name>
         <value>0x2035</value>
         <object_component_ref idref="oc-635"/>
      </symbol>
      <symbol id="sm-66e">
         <name>Turn_State</name>
         <value>0x2034</value>
         <object_component_ref idref="oc-635"/>
      </symbol>
      <symbol id="sm-66f">
         <name>right_motor_count</name>
         <value>0x2028</value>
         <object_component_ref idref="oc-635"/>
      </symbol>
      <symbol id="sm-670">
         <name>delay_start</name>
         <value>0x202e</value>
         <object_component_ref idref="oc-635"/>
      </symbol>
      <symbol id="sm-671">
         <name>end_case</name>
         <value>0x918a</value>
         <object_component_ref idref="oc-65d"/>
      </symbol>
      <symbol id="sm-672">
         <name>run_time</name>
         <value>0x2032</value>
         <object_component_ref idref="oc-635"/>
      </symbol>
      <symbol id="sm-673">
         <name>segment_count</name>
         <value>0x202c</value>
         <object_component_ref idref="oc-635"/>
      </symbol>
      <symbol id="sm-702">
         <name>current_character</name>
         <value>0x2092</value>
      </symbol>
      <symbol id="sm-703">
         <name>update_display</name>
         <value>0x2096</value>
      </symbol>
      <symbol id="sm-704">
         <name>display_changed</name>
         <value>0x2093</value>
      </symbol>
      <symbol id="sm-705">
         <name>display_line</name>
         <value>0x205c</value>
      </symbol>
      <symbol id="sm-706">
         <name>display</name>
         <value>0x2088</value>
      </symbol>
      <symbol id="sm-707">
         <name>ClrDisplay_Buffer_2</name>
         <value>0x92fc</value>
         <object_component_ref idref="oc-6f4"/>
      </symbol>
      <symbol id="sm-708">
         <name>ClrDisplay_Buffer_3</name>
         <value>0x9314</value>
         <object_component_ref idref="oc-6fa"/>
      </symbol>
      <symbol id="sm-709">
         <name>ClrDisplay_Buffer_0</name>
         <value>0x92cc</value>
         <object_component_ref idref="oc-6e8"/>
      </symbol>
      <symbol id="sm-70a">
         <name>ClrDisplay_Buffer_1</name>
         <value>0x92e4</value>
         <object_component_ref idref="oc-6ee"/>
      </symbol>
      <symbol id="sm-70b">
         <name>spi_chipselect_idle</name>
         <value>0x9370</value>
         <object_component_ref idref="oc-613"/>
      </symbol>
      <symbol id="sm-70c">
         <name>WriteIns</name>
         <value>0x91e4</value>
         <object_component_ref idref="oc-61f"/>
      </symbol>
      <symbol id="sm-70d">
         <name>spi_reset_active</name>
         <value>0x9402</value>
         <object_component_ref idref="oc-619"/>
      </symbol>
      <symbol id="sm-70e">
         <name>WriteData</name>
         <value>0x91bc</value>
         <object_component_ref idref="oc-76a"/>
      </symbol>
      <symbol id="sm-70f">
         <name>DisplayOnOff</name>
         <value>0x93ce</value>
         <object_component_ref idref="oc-62b"/>
      </symbol>
      <symbol id="sm-710">
         <name>spi_chipselect_active</name>
         <value>0x93ac</value>
         <object_component_ref idref="oc-6db"/>
      </symbol>
      <symbol id="sm-711">
         <name>lcd_out</name>
         <value>0x92b0</value>
         <object_component_ref idref="oc-724"/>
      </symbol>
      <symbol id="sm-712">
         <name>Display_Update</name>
         <value>0x8e82</value>
         <object_component_ref idref="oc-690"/>
      </symbol>
      <symbol id="sm-713">
         <name>Init_LCD</name>
         <value>0x850e</value>
         <object_component_ref idref="oc-51f"/>
      </symbol>
      <symbol id="sm-714">
         <name>SPI_B1_write</name>
         <value>0x9294</value>
         <object_component_ref idref="oc-6e1"/>
      </symbol>
      <symbol id="sm-715">
         <name>Init_SPI_B1</name>
         <value>0x8ec6</value>
         <object_component_ref idref="oc-607"/>
      </symbol>
      <symbol id="sm-716">
         <name>spi_reset_idle</name>
         <value>0x9408</value>
         <object_component_ref idref="oc-60d"/>
      </symbol>
      <symbol id="sm-717">
         <name>ClrDisplay</name>
         <value>0x9344</value>
         <object_component_ref idref="oc-625"/>
      </symbol>
      <symbol id="sm-738">
         <name>__TI_decompress_lzss</name>
         <value>0x8420</value>
         <object_component_ref idref="oc-66"/>
      </symbol>
      <symbol id="sm-749">
         <name>__TI_decompress_none</name>
         <value>0x9040</value>
         <object_component_ref idref="oc-6c"/>
      </symbol>
      <symbol id="sm-74c">
         <name>__TI_int23</name>
         <value>0xffd0</value>
         <object_component_ref idref="oc-73"/>
      </symbol>
      <symbol id="sm-754">
         <name>__TI_ISR_TRAP</name>
         <value>0x95d8</value>
         <object_component_ref idref="oc-43d"/>
      </symbol>
      <symbol id="sm-757">
         <name>__TI_int25</name>
         <value>0xffd4</value>
         <object_component_ref idref="oc-75"/>
      </symbol>
      <symbol id="sm-75a">
         <name>__TI_int26</name>
         <value>0xffd6</value>
         <object_component_ref idref="oc-76"/>
      </symbol>
      <symbol id="sm-75d">
         <name>__TI_int27</name>
         <value>0xffd8</value>
         <object_component_ref idref="oc-77"/>
      </symbol>
      <symbol id="sm-760">
         <name>__TI_int28</name>
         <value>0xffda</value>
         <object_component_ref idref="oc-78"/>
      </symbol>
      <symbol id="sm-763">
         <name>__TI_int30</name>
         <value>0xffde</value>
         <object_component_ref idref="oc-7a"/>
      </symbol>
      <symbol id="sm-766">
         <name>__TI_int31</name>
         <value>0xffe0</value>
         <object_component_ref idref="oc-7b"/>
      </symbol>
      <symbol id="sm-769">
         <name>__TI_int32</name>
         <value>0xffe2</value>
         <object_component_ref idref="oc-7c"/>
      </symbol>
      <symbol id="sm-76c">
         <name>__TI_int33</name>
         <value>0xffe4</value>
         <object_component_ref idref="oc-7d"/>
      </symbol>
      <symbol id="sm-76f">
         <name>__TI_int34</name>
         <value>0xffe6</value>
         <object_component_ref idref="oc-7e"/>
      </symbol>
      <symbol id="sm-772">
         <name>__TI_int35</name>
         <value>0xffe8</value>
         <object_component_ref idref="oc-7f"/>
      </symbol>
      <symbol id="sm-775">
         <name>__TI_int36</name>
         <value>0xffea</value>
         <object_component_ref idref="oc-80"/>
      </symbol>
      <symbol id="sm-778">
         <name>__TI_int37</name>
         <value>0xffec</value>
         <object_component_ref idref="oc-81"/>
      </symbol>
      <symbol id="sm-77b">
         <name>__TI_int38</name>
         <value>0xffee</value>
         <object_component_ref idref="oc-82"/>
      </symbol>
      <symbol id="sm-77e">
         <name>__TI_int39</name>
         <value>0xfff0</value>
         <object_component_ref idref="oc-83"/>
      </symbol>
      <symbol id="sm-781">
         <name>__TI_int44</name>
         <value>0xfffa</value>
         <object_component_ref idref="oc-88"/>
      </symbol>
      <symbol id="sm-784">
         <name>__TI_int45</name>
         <value>0xfffc</value>
         <object_component_ref idref="oc-89"/>
      </symbol>
      <symbol id="sm-794">
         <name>__TI_zero_init_nomemset</name>
         <value>0x8fc6</value>
         <object_component_ref idref="oc-466"/>
      </symbol>
      <symbol id="sm-79f">
         <name>__memcpy_far</name>
         <value>0x8f06</value>
         <object_component_ref idref="oc-42b"/>
      </symbol>
      <symbol id="sm-7a8">
         <name>__mspabi_mpyi_f5hw</name>
         <value>0x932c</value>
         <object_component_ref idref="oc-717"/>
      </symbol>
      <symbol id="sm-7bc">
         <name>_c_int00_noargs_mpu</name>
         <value>0x958e</value>
         <object_component_ref idref="oc-490"/>
      </symbol>
      <symbol id="sm-7bd">
         <name>_stack</name>
         <value>0x2f60</value>
         <object_component_ref idref="oc-41c"/>
      </symbol>
      <symbol id="sm-7be">
         <name>_reset_vector</name>
         <value>0xfffe</value>
         <object_component_ref idref="oc-41f"/>
      </symbol>
      <symbol id="sm-7cc">
         <name>__mpu_init</name>
         <value>0x9004</value>
         <object_component_ref idref="oc-4e5"/>
      </symbol>
      <symbol id="sm-7ef">
         <name>__TI_auto_init_nobinit_nopinit_hold_wdt</name>
         <value>0x8b70</value>
         <object_component_ref idref="oc-585"/>
      </symbol>
      <symbol id="sm-7f8">
         <name>_system_post_cinit</name>
         <value>0x9412</value>
         <object_component_ref idref="oc-6a9"/>
      </symbol>
      <symbol id="sm-801">
         <name>_system_pre_init</name>
         <value>0x940e</value>
         <object_component_ref idref="oc-4cd"/>
      </symbol>
      <symbol id="sm-80c">
         <name>C$$EXIT</name>
         <value>0x93fc</value>
         <object_component_ref idref="oc-561"/>
      </symbol>
      <symbol id="sm-80d">
         <name>abort</name>
         <value>0x93fc</value>
         <object_component_ref idref="oc-561"/>
      </symbol>
      <symbol id="sm-81d">
         <name>strcpy</name>
         <value>0x93be</value>
         <object_component_ref idref="oc-52d"/>
      </symbol>
   </symbol_table>
   <title>Link successful</title>
</link_info>
